Microchip MPLAB XC8 Compiler V1.44 ()

Linker command line:

-W-3 --edf=/opt/microchip/xc8/v1.44/dat/en_msgs.txt -cs \
  -h+dist/default/production/caracteres.X.production.sym \
  --cmf=dist/default/production/caracteres.X.production.cmf -z -Q18F4550 \
  -o/tmp/xcXXK6hXI -Mdist/default/production/caracteres.X.production.map \
  -E1 -ver=XC8 -ASTACK=0EEh-07ffh -pstack=STACK -ACODE=00h-07FFFh \
  -ACONST=00h-07FFFh -ASMALLCONST=0800h-08FFhx120 \
  -AMEDIUMCONST=0800h-07FFFh -ACOMRAM=01h-05Fh -AABS1=00h-07FFh \
  -ABIGRAM=01h-07FFh -ARAM=060h-0FFh,0100h-01FFhx7 -ABANK0=060h-0FFh \
  -ABANK1=0100h-01FFh -ABANK2=0200h-02FFh -ABANK3=0300h-03FFh \
  -ABANK4=0400h-04FFh -ABANK5=0500h-05FFh -ABANK6=0600h-06FFh \
  -ABANK7=0700h-07FFh -ASFR=0F60h-0FFFh \
  -preset_vec=00h,intcode,intcodelo,powerup,init -pramtop=0800h \
  -psmallconst=SMALLCONST -pmediumconst=MEDIUMCONST -pconst=CONST \
  -AFARRAM=00h-00h -ACONFIG=0300000h-030000Dh -pconfig=CONFIG \
  -AIDLOC=0200000h-0200007h -pidloc=IDLOC -AEEDATA=0F00000h-0F000FFh \
  -peeprom_data=EEDATA \
  -prdata=COMRAM,nvrram=COMRAM,nvbit=COMRAM,rbss=COMRAM,rbit=COMRAM \
  -pfarbss=FARRAM,fardata=FARRAM,nvFARRAM=FARRAM \
  -pintsave_regs=BIGRAM,bigbss=BIGRAM,bigdata=BIGRAM -pbss=RAM \
  -pidata=CODE,irdata=CODE,ibigdata=CODE,ifardata=CODE -prparam=COMRAM \
  /tmp/xcXebOyFM.obj dist/default/production/caracteres.X.production.obj 

Object code version is 3.11

Machine type is 18F4550

Call graph: (short form)




                Name                               Link     Load   Length Selector   Space Scale
/tmp/xcXebOyFM.obj
                init                                  0        0        4        0       0
                idloc                            200000   200000        8   200000       0
                config                           300000   300000        E   300000       0
dist/default/production/caracteres.X.production.obj
                text10                             7DE0     7DE0      220     3EF0       0
                text9                              7ACE     7ACE       26     3D67       0
                text8                              7B74     7B74       3A     3DBA       0
                text7                              7A84     7A84       12     3D42       0
                text6                              7AF4     7AF4       2A     3D7A       0
                text5                              7B1E     7B1E       2A     3D8F       0
                text4                              7AAA     7AAA       24     3D55       0
                text3                              7C40     7C40       62     3E20       0
                text2                              7A96     7A96       14     3D4B       0
                text1                              7B48     7B48       2C     3DA4       0
                text0                              7D30     7D30       B0     3E98       0
                cstackCOMRAM                         45       45        E        1       1
                dataBANK0                            60       60       8E       60       1
                dataCOMRAM                            1        1       44        1       1
                bssCOMRAM                            53       53        4        1       1
                cinit                              7BF2     7BF2       4E     3DF9       0
                idataBANK0                         7CA2     7CA2       8E     7CA2       0
                idataCOMRAM                        7BAE     7BAE       44     7BAE       0

TOTAL           Name                               Link     Load   Length     Space
        CLASS   STACK          

        CLASS   CODE           
                init                                  0        0        4         0
                text10                             7DE0     7DE0      220         0
                text9                              7ACE     7ACE       26         0
                text8                              7B74     7B74       3A         0
                text7                              7A84     7A84       12         0
                text6                              7AF4     7AF4       2A         0
                text5                              7B1E     7B1E       2A         0
                text4                              7AAA     7AAA       24         0
                text3                              7C40     7C40       62         0
                text2                              7A96     7A96       14         0
                text1                              7B48     7B48       2C         0
                text0                              7D30     7D30       B0         0
                cinit                              7BF2     7BF2       4E         0
                idataBANK0                         7CA2     7CA2       8E         0
                idataCOMRAM                        7BAE     7BAE       44         0

        CLASS   CONST          

        CLASS   SMALLCONST     

        CLASS   MEDIUMCONST    

        CLASS   COMRAM         
                cstackCOMRAM                         45       45        E         1
                dataCOMRAM                            1        1       44         1
                bssCOMRAM                            53       53        4         1

        CLASS   ABS1           

        CLASS   BIGRAM         

        CLASS   RAM            

        CLASS   BANK0          
                dataBANK0                            60       60       8E         1

        CLASS   BANK1          

        CLASS   BANK2          

        CLASS   BANK3          

        CLASS   BANK4          

        CLASS   BANK5          

        CLASS   BANK6          

        CLASS   BANK7          

        CLASS   SFR            

        CLASS   FARRAM         

        CLASS   CONFIG         
                config                           300000   300000        E         0

        CLASS   IDLOC          
                idloc                            200000   200000        8         0

        CLASS   EEDATA         



SEGMENTS        Name                           Load    Length   Top    Selector   Space  Class

                reset_vec                      000000  000004  000004         0       0  CODE    
                dataCOMRAM                     000001  000056  000057         1       1  COMRAM  
                dataBANK0                      000060  00008E  0000EE        60       1  BANK0   
                text7                          007A84  000012  007A96      3D42       0  CODE    
                text2                          007A96  000014  007AAA      3D4B       0  CODE    
                text4                          007AAA  000024  007ACE      3D55       0  CODE    
                text9                          007ACE  000026  007AF4      3D67       0  CODE    
                text6                          007AF4  00002A  007B1E      3D7A       0  CODE    
                text5                          007B1E  00002A  007B48      3D8F       0  CODE    
                text1                          007B48  00002C  007B74      3DA4       0  CODE    
                text8                          007B74  00003A  007BAE      3DBA       0  CODE    
                idataCOMRAM                    007BAE  000044  007BF2      7BAE       0  CODE    
                cinit                          007BF2  00004E  007C40      3DF9       0  CODE    
                text3                          007C40  000062  007CA2      3E20       0  CODE    
                idataBANK0                     007CA2  00008E  007D30      7CA2       0  CODE    
                text0                          007D30  0000B0  007DE0      3E98       0  CODE    
                text10                         007DE0  000220  008000      3EF0       0  CODE    
                idloc                          200000  000008  200008    200000       0  IDLOC   
                config                         300000  00000E  30000E    300000       0  CONFIG  


UNUSED ADDRESS RANGES

        Name                Unused          Largest block    Delta
        BANK0            0000EE-0000FF               12
        BANK1            000100-0001FF              100
        BANK2            000200-0002FF              100
        BANK3            000300-0003FF              100
        BANK4            000400-0004FF              100
        BANK5            000500-0005FF              100
        BANK6            000600-0006FF              100
        BANK7            000700-0007FF              100
        BIGRAM           000057-00005F                9
                         0000EE-0007FF              712
        CODE             000004-007A83             7A80
        COMRAM           000057-00005F                9
        CONST            000004-007A83             7A80
        EEDATA           F00000-F000FF              100
        MEDIUMCONST      000800-007A83             7284
        RAM              0000EE-0007FF              100
        SFR              000F60-000FFF               A0
        SMALLCONST       000800-007A83              100
        STACK            0000EE-0007FF              712

                                  Symbol Table

Display@N                   cstackCOMRAM 000045
Display@i                   cstackCOMRAM 00004E
Display@valor               cstackCOMRAM 00004C
_Digit                      dataBANK0    000060
_Display                    text10       007DE0
_IncrementaNumero           text9        007ACE
_IncrementaPersona          text3        007C40
_LATBbits                   (abs)        000F8A
_PORTCbits                  (abs)        000F82
_PORTD                      (abs)        000F83
_PORTDbits                  (abs)        000F83
_TRISB                      (abs)        000F93
_TRISCbits                  (abs)        000F94
_TRISD                      (abs)        000F95
__HRAM                      (abs)        000000
__Habs1                     abs1         000000
__Hbank0                    bank0        000000
__Hbank1                    bank1        000000
__Hbank2                    bank2        000000
__Hbank3                    bank3        000000
__Hbank4                    bank4        000000
__Hbank5                    bank5        000000
__Hbank6                    bank6        000000
__Hbank7                    bank7        000000
__Hbigbss                   bigbss       000000
__Hbigdata                  bigdata      000000
__Hbigram                   bigram       000000
__Hbss                      bss          000000
__HbssCOMRAM                bssCOMRAM    000000
__Hcinit                    cinit        000000
__Hclrtext                  clrtext      000000
__Hcomram                   comram       000000
__Hconfig                   config       30000E
__Hconst                    const        000000
__HcstackCOMRAM             cstackCOMRAM 000000
__Hdata                     data         000000
__HdataBANK0                dataBANK0    000000
__HdataCOMRAM               dataCOMRAM   000000
__Heeprom_data              eeprom_data  000000
__Hfarbss                   farbss       000000
__Hfardata                  fardata      000000
__Hibigdata                 ibigdata     000000
__Hidata                    idata        000000
__HidataBANK0               idataBANK0   000000
__HidataCOMRAM              idataCOMRAM  000000
__Hidloc                    idloc        200008
__Hifardata                 ifardata     000000
__Hinit                     init         000004
__Hintcode                  intcode      000000
__Hintcode_body             intcode_body 000000
__Hintcodelo                intcodelo    000000
__Hintentry                 intentry     000000
__Hintret                   intret       000000
__Hintsave_regs             intsave_regs 000000
__Hirdata                   irdata       000000
__Hmediumconst              mediumconst  000000
__HnvFARRAM                 nvFARRAM     000000
__Hnvbit                    nvbit        000000
__Hnvrram                   nvrram       000000
__Hparam                    rparam       000000
__Hpowerup                  powerup      000000
__Hram                      ram          000000
__Hramtop                   ramtop       000800
__Hrbit                     rbit         000000
__Hrbss                     rbss         000000
__Hrdata                    rdata        000000
__Hreset_vec                reset_vec    000000
__Hrparam                   rparam       000000
__Hsfr                      sfr          000000
__Hsmallconst               smallconst   000000
__Hspace_0                  (abs)        30000E
__Hspace_1                  (abs)        0000EE
__Hspace_2                  (abs)        000000
__Hstack                    stack        000000
__Hstruct                   struct       000000
__Htemp                     temp         000000
__Htext                     text         000000
__Htext0                    text0        000000
__Htext1                    text1        000000
__Htext10                   text10       000000
__Htext2                    text2        000000
__Htext3                    text3        000000
__Htext4                    text4        000000
__Htext5                    text5        000000
__Htext6                    text6        000000
__Htext7                    text7        000000
__Htext8                    text8        000000
__Htext9                    text9        000000
__LRAM                      (abs)        000001
__Labs1                     abs1         000000
__Lbank0                    bank0        000000
__Lbank1                    bank1        000000
__Lbank2                    bank2        000000
__Lbank3                    bank3        000000
__Lbank4                    bank4        000000
__Lbank5                    bank5        000000
__Lbank6                    bank6        000000
__Lbank7                    bank7        000000
__Lbigbss                   bigbss       000000
__Lbigdata                  bigdata      000000
__Lbigram                   bigram       000000
__Lbss                      bss          000000
__LbssCOMRAM                bssCOMRAM    000000
__Lcinit                    cinit        000000
__Lclrtext                  clrtext      000000
__Lcomram                   comram       000000
__Lconfig                   config       300000
__Lconst                    const        000000
__LcstackCOMRAM             cstackCOMRAM 000000
__Ldata                     data         000000
__LdataBANK0                dataBANK0    000000
__LdataCOMRAM               dataCOMRAM   000000
__Leeprom_data              eeprom_data  000000
__Lfarbss                   farbss       000000
__Lfardata                  fardata      000000
__Libigdata                 ibigdata     000000
__Lidata                    idata        000000
__LidataBANK0               idataBANK0   000000
__LidataCOMRAM              idataCOMRAM  000000
__Lidloc                    idloc        200000
__Lifardata                 ifardata     000000
__Linit                     init         000000
__Lintcode                  intcode      000000
__Lintcode_body             intcode_body 000000
__Lintcodelo                intcodelo    000000
__Lintentry                 intentry     000000
__Lintret                   intret       000000
__Lintsave_regs             intsave_regs 000000
__Lirdata                   irdata       000000
__Lmediumconst              mediumconst  000000
__LnvFARRAM                 nvFARRAM     000000
__Lnvbit                    nvbit        000000
__Lnvrram                   nvrram       000000
__Lparam                    rparam       000000
__Lpowerup                  powerup      000000
__Lram                      ram          000000
__Lramtop                   ramtop       000800
__Lrbit                     rbit         000000
__Lrbss                     rbss         000000
__Lrdata                    rdata        000000
__Lreset_vec                reset_vec    000000
__Lrparam                   rparam       000000
__Lsfr                      sfr          000000
__Lsmallconst               smallconst   000000
__Lspace_0                  (abs)        000000
__Lspace_1                  (abs)        000000
__Lspace_2                  (abs)        000000
__Lstack                    stack        000000
__Lstruct                   struct       000000
__Ltemp                     temp         000000
__Ltext                     text         000000
__Ltext0                    text0        000000
__Ltext1                    text1        000000
__Ltext10                   text10       000000
__Ltext2                    text2        000000
__Ltext3                    text3        000000
__Ltext4                    text4        000000
__Ltext5                    text5        000000
__Ltext6                    text6        000000
__Ltext7                    text7        000000
__Ltext8                    text8        000000
__Ltext9                    text9        000000
__S0                        (abs)        30000E
__S1                        (abs)        0000EE
__S2                        (abs)        000000
___inthi_sp                 stack        000000
___intlo_sp                 stack        000000
___param_bank               (abs)        000000
___rparam_used              (abs)        000001
___sp                       stack        000000
__accesstop                 (abs)        000060
__activetblptr              (abs)        000000
__end_of_Display            text10       008000
__end_of_IncrementaNumero   text9        007AF4
__end_of_IncrementaPersona  text3        007CA2
__end_of__initialization    cinit        007C3A
__end_of_delay              text8        007BAE
__end_of_lcd_cmd            text6        007B1E
__end_of_lcd_cmd_hf         text2        007AAA
__end_of_lcd_dwr            text5        007B48
__end_of_lcd_init           text1        007B74
__end_of_lcd_lat            text7        007A96
__end_of_lcd_msg            text4        007ACE
__end_of_main               text0        007DE0
__initialization            cinit        007BF2
__mediumconst               mediumconst  000000
__pbssCOMRAM                bssCOMRAM    000053
__pcinit                    cinit        007BF2
__pcstackCOMRAM             cstackCOMRAM 000045
__pdataBANK0                dataBANK0    000060
__pdataCOMRAM               dataCOMRAM   000001
__pidataBANK0               idataBANK0   007CA2
__pidataCOMRAM              idataCOMRAM  007BAE
__ptext0                    text0        007D30
__ptext1                    text1        007B48
__ptext10                   text10       007DE0
__ptext2                    text2        007A96
__ptext3                    text3        007C40
__ptext4                    text4        007AAA
__ptext5                    text5        007B1E
__ptext6                    text6        007AF4
__ptext7                    text7        007A84
__ptext8                    text8        007B74
__ptext9                    text9        007ACE
__ramtop                    ramtop       000800
__size_of_Display           (abs)        000000
__size_of_IncrementaNumero  (abs)        000000
__size_of_IncrementaPersona (abs)        000000
__size_of_delay             (abs)        000000
__size_of_lcd_cmd           (abs)        000000
__size_of_lcd_cmd_hf        (abs)        000000
__size_of_lcd_dwr           (abs)        000000
__size_of_lcd_init          (abs)        000000
__size_of_lcd_lat           (abs)        000000
__size_of_lcd_msg           (abs)        000000
__size_of_main              (abs)        000000
__smallconst                smallconst   000000
_b                          dataCOMRAM   000001
_b1                         dataBANK0    0000C0
_b2                         dataBANK0    0000D0
_b3                         dataCOMRAM   00001F
_b4                         dataBANK0    0000B0
_cont                       bssCOMRAM    000055
_contN                      bssCOMRAM    000053
_delay                      text8        007B74
_lcd_cmd                    text6        007AF4
_lcd_cmd_hf                 text2        007A96
_lcd_dwr                    text5        007B1E
_lcd_init                   text1        007B48
_lcd_lat                    text7        007A84
_lcd_msg                    text4        007AAA
_main                       text0        007D30
_p                          dataCOMRAM   000009
_p1                         dataCOMRAM   000039
_p2                         dataCOMRAM   00002C
_p3                         dataCOMRAM   000011
_p4                         dataBANK0    0000DF
delay@i                     cstackCOMRAM 000047
delay@j                     cstackCOMRAM 000049
delay@ms                    cstackCOMRAM 000045
end_of_initialization       cinit        007C3A
intlevel0                   text         000000
intlevel1                   text         000000
intlevel2                   text         000000
intlevel3                   text         000000
lcd_cmd@x                   cstackCOMRAM 00004C
lcd_cmd_hf@x                cstackCOMRAM 00004B
lcd_dwr@x                   cstackCOMRAM 00004C
lcd_msg@c                   cstackCOMRAM 00004D
main@boton                  cstackCOMRAM 000052
stackhi                     (abs)        0007FF
stacklo                     (abs)        0000EE
start                       init         000000
start_initialization        cinit        007BF2


FUNCTION INFORMATION:

 *************** function _main *****************
 Defined at:
		line 76 in file "nombres.c"
 Parameters:    Size  Location     Type
		None
 Auto vars:     Size  Location     Type
  boton           1   13[COMRAM] unsigned char 
 Return value:  Size  Location     Type
                  1    wreg      void 
 Registers used:
		wreg, fsr2l, fsr2h, status,2, status,0, cstack
 Tracked objects:
		On entry : 
		On exit  : 
		Unchanged: 
 Data sizes:     COMRAM   BANK0   BANK1   BANK2   BANK3   BANK4   BANK5   BANK6   BANK7
      Params:         0       0       0       0       0       0       0       0       0
      Locals:         1       0       0       0       0       0       0       0       0
      Temps:          2       0       0       0       0       0       0       0       0
      Totals:         3       0       0       0       0       0       0       0       0
Total ram usage:        3 bytes
 Hardware stack levels required when called:    5
 This function calls:
		_Display
		_IncrementaNumero
		_IncrementaPersona
		_lcd_cmd
		_lcd_init
		_lcd_msg
 This function is called by:
		Startup code after reset
 This function uses a non-reentrant model


 *************** function _lcd_init *****************
 Defined at:
		line 214 in file "nombres.c"
 Parameters:    Size  Location     Type
		None
 Auto vars:     Size  Location     Type
		None
 Return value:  Size  Location     Type
                  1    wreg      void 
 Registers used:
		wreg, status,2, status,0, cstack
 Tracked objects:
		On entry : 
		On exit  : 
		Unchanged: 
 Data sizes:     COMRAM   BANK0   BANK1   BANK2   BANK3   BANK4   BANK5   BANK6   BANK7
      Params:         0       0       0       0       0       0       0       0       0
      Locals:         0       0       0       0       0       0       0       0       0
      Temps:          0       0       0       0       0       0       0       0       0
      Totals:         0       0       0       0       0       0       0       0       0
Total ram usage:        0 bytes
 Hardware stack levels used:    1
 Hardware stack levels required when called:    3
 This function calls:
		_lcd_cmd
		_lcd_cmd_hf
 This function is called by:
		_main
 This function uses a non-reentrant model


 *************** function _lcd_cmd_hf *****************
 Defined at:
		line 179 in file "nombres.c"
 Parameters:    Size  Location     Type
  x               1    wreg     unsigned char 
 Auto vars:     Size  Location     Type
  x               1    6[COMRAM] unsigned char 
 Return value:  Size  Location     Type
                  1    wreg      void 
 Registers used:
		wreg, status,2, status,0, cstack
 Tracked objects:
		On entry : 
		On exit  : 
		Unchanged: 
 Data sizes:     COMRAM   BANK0   BANK1   BANK2   BANK3   BANK4   BANK5   BANK6   BANK7
      Params:         0       0       0       0       0       0       0       0       0
      Locals:         1       0       0       0       0       0       0       0       0
      Temps:          0       0       0       0       0       0       0       0       0
      Totals:         1       0       0       0       0       0       0       0       0
Total ram usage:        1 bytes
 Hardware stack levels used:    1
 Hardware stack levels required when called:    2
 This function calls:
		_lcd_lat
 This function is called by:
		_lcd_init
 This function uses a non-reentrant model


 *************** function _IncrementaPersona *****************
 Defined at:
		line 120 in file "nombres.c"
 Parameters:    Size  Location     Type
		None
 Auto vars:     Size  Location     Type
		None
 Return value:  Size  Location     Type
                  1    wreg      unsigned char 
 Registers used:
		wreg, fsr2l, fsr2h, status,2, status,0, cstack
 Tracked objects:
		On entry : 
		On exit  : 
		Unchanged: 
 Data sizes:     COMRAM   BANK0   BANK1   BANK2   BANK3   BANK4   BANK5   BANK6   BANK7
      Params:         0       0       0       0       0       0       0       0       0
      Locals:         0       0       0       0       0       0       0       0       0
      Temps:          0       0       0       0       0       0       0       0       0
      Totals:         0       0       0       0       0       0       0       0       0
Total ram usage:        0 bytes
 Hardware stack levels used:    1
 Hardware stack levels required when called:    4
 This function calls:
		_lcd_cmd
		_lcd_msg
 This function is called by:
		_main
 This function uses a non-reentrant model


 *************** function _lcd_msg *****************
 Defined at:
		line 199 in file "nombres.c"
 Parameters:    Size  Location     Type
  c               2    8[COMRAM] PTR unsigned char 
		 -> b4(16), b3(13), b2(15), b1(16), 
		 -> p4(15), p3(14), p2(13), p1(12), 
 Auto vars:     Size  Location     Type
		None
 Return value:  Size  Location     Type
                  1    wreg      void 
 Registers used:
		wreg, fsr2l, fsr2h, status,2, status,0, cstack
 Tracked objects:
		On entry : 
		On exit  : 
		Unchanged: 
 Data sizes:     COMRAM   BANK0   BANK1   BANK2   BANK3   BANK4   BANK5   BANK6   BANK7
      Params:         2       0       0       0       0       0       0       0       0
      Locals:         0       0       0       0       0       0       0       0       0
      Temps:          0       0       0       0       0       0       0       0       0
      Totals:         2       0       0       0       0       0       0       0       0
Total ram usage:        2 bytes
 Hardware stack levels used:    1
 Hardware stack levels required when called:    3
 This function calls:
		_lcd_dwr
 This function is called by:
		_main
		_IncrementaPersona
 This function uses a non-reentrant model


 *************** function _lcd_dwr *****************
 Defined at:
		line 187 in file "nombres.c"
 Parameters:    Size  Location     Type
  x               1    wreg     unsigned char 
 Auto vars:     Size  Location     Type
  x               1    7[COMRAM] unsigned char 
 Return value:  Size  Location     Type
                  1    wreg      void 
 Registers used:
		wreg, status,2, status,0, cstack
 Tracked objects:
		On entry : 
		On exit  : 
		Unchanged: 
 Data sizes:     COMRAM   BANK0   BANK1   BANK2   BANK3   BANK4   BANK5   BANK6   BANK7
      Params:         0       0       0       0       0       0       0       0       0
      Locals:         1       0       0       0       0       0       0       0       0
      Temps:          1       0       0       0       0       0       0       0       0
      Totals:         2       0       0       0       0       0       0       0       0
Total ram usage:        2 bytes
 Hardware stack levels used:    1
 Hardware stack levels required when called:    2
 This function calls:
		_lcd_lat
 This function is called by:
		_lcd_msg
 This function uses a non-reentrant model


 *************** function _lcd_cmd *****************
 Defined at:
		line 167 in file "nombres.c"
 Parameters:    Size  Location     Type
  x               1    wreg     unsigned char 
 Auto vars:     Size  Location     Type
  x               1    7[COMRAM] unsigned char 
 Return value:  Size  Location     Type
                  1    wreg      void 
 Registers used:
		wreg, status,2, status,0, cstack
 Tracked objects:
		On entry : 
		On exit  : 
		Unchanged: 
 Data sizes:     COMRAM   BANK0   BANK1   BANK2   BANK3   BANK4   BANK5   BANK6   BANK7
      Params:         0       0       0       0       0       0       0       0       0
      Locals:         1       0       0       0       0       0       0       0       0
      Temps:          1       0       0       0       0       0       0       0       0
      Totals:         2       0       0       0       0       0       0       0       0
Total ram usage:        2 bytes
 Hardware stack levels used:    1
 Hardware stack levels required when called:    2
 This function calls:
		_lcd_lat
 This function is called by:
		_main
		_IncrementaPersona
		_lcd_init
 This function uses a non-reentrant model


 *************** function _lcd_lat *****************
 Defined at:
		line 159 in file "nombres.c"
 Parameters:    Size  Location     Type
		None
 Auto vars:     Size  Location     Type
		None
 Return value:  Size  Location     Type
                  1    wreg      void 
 Registers used:
		wreg, status,2, status,0, cstack
 Tracked objects:
		On entry : 
		On exit  : 
		Unchanged: 
 Data sizes:     COMRAM   BANK0   BANK1   BANK2   BANK3   BANK4   BANK5   BANK6   BANK7
      Params:         0       0       0       0       0       0       0       0       0
      Locals:         0       0       0       0       0       0       0       0       0
      Temps:          0       0       0       0       0       0       0       0       0
      Totals:         0       0       0       0       0       0       0       0       0
Total ram usage:        0 bytes
 Hardware stack levels used:    1
 Hardware stack levels required when called:    1
 This function calls:
		_delay
 This function is called by:
		_lcd_cmd
		_lcd_cmd_hf
		_lcd_dwr
 This function uses a non-reentrant model


 *************** function _delay *****************
 Defined at:
		line 207 in file "nombres.c"
 Parameters:    Size  Location     Type
  ms              2    0[COMRAM] unsigned int 
 Auto vars:     Size  Location     Type
  j               2    4[COMRAM] int 
  i               2    2[COMRAM] int 
 Return value:  Size  Location     Type
                  1    wreg      void 
 Registers used:
		wreg, status,2, status,0
 Tracked objects:
		On entry : 
		On exit  : 
		Unchanged: 
 Data sizes:     COMRAM   BANK0   BANK1   BANK2   BANK3   BANK4   BANK5   BANK6   BANK7
      Params:         2       0       0       0       0       0       0       0       0
      Locals:         4       0       0       0       0       0       0       0       0
      Temps:          0       0       0       0       0       0       0       0       0
      Totals:         6       0       0       0       0       0       0       0       0
Total ram usage:        6 bytes
 Hardware stack levels used:    1
 This function calls:
		Nothing
 This function is called by:
		_lcd_lat
 This function uses a non-reentrant model


 *************** function _IncrementaNumero *****************
 Defined at:
		line 135 in file "nombres.c"
 Parameters:    Size  Location     Type
		None
 Auto vars:     Size  Location     Type
		None
 Return value:  Size  Location     Type
                  1    wreg      unsigned char 
 Registers used:
		wreg, fsr2l, fsr2h, status,2, status,0, cstack
 Tracked objects:
		On entry : 
		On exit  : 
		Unchanged: 
 Data sizes:     COMRAM   BANK0   BANK1   BANK2   BANK3   BANK4   BANK5   BANK6   BANK7
      Params:         0       0       0       0       0       0       0       0       0
      Locals:         0       0       0       0       0       0       0       0       0
      Temps:          0       0       0       0       0       0       0       0       0
      Totals:         0       0       0       0       0       0       0       0       0
Total ram usage:        0 bytes
 Hardware stack levels used:    1
 Hardware stack levels required when called:    1
 This function calls:
		_Display
 This function is called by:
		_main
 This function uses a non-reentrant model


 *************** function _Display *****************
 Defined at:
		line 143 in file "nombres.c"
 Parameters:    Size  Location     Type
  N               2    0[COMRAM] int 
 Auto vars:     Size  Location     Type
  i               2    9[COMRAM] int 
  valor           2    7[COMRAM] int 
 Return value:  Size  Location     Type
                  1    wreg      void 
 Registers used:
		wreg, fsr2l, fsr2h, status,2, status,0
 Tracked objects:
		On entry : 
		On exit  : 
		Unchanged: 
 Data sizes:     COMRAM   BANK0   BANK1   BANK2   BANK3   BANK4   BANK5   BANK6   BANK7
      Params:         2       0       0       0       0       0       0       0       0
      Locals:         4       0       0       0       0       0       0       0       0
      Temps:          5       0       0       0       0       0       0       0       0
      Totals:        11       0       0       0       0       0       0       0       0
Total ram usage:       11 bytes
 Hardware stack levels used:    1
 This function calls:
		Nothing
 This function is called by:
		_main
		_IncrementaNumero
 This function uses a non-reentrant model



MODULE INFORMATION

Module		Function		Class		Link	Load	Size
nombres.c
		_delay         		CODE           	7B74	0000	59
		_lcd_cmd       		CODE           	7AF4	0000	43
		_lcd_cmd_hf    		CODE           	7A96	0000	21
		_main          		CODE           	7D30	0000	177
		_lcd_dwr       		CODE           	7B1E	0000	43
		_lcd_lat       		CODE           	7A84	0000	19
		_IncrementaNumero		CODE           	7ACE	0000	39
		_Display       		CODE           	7DE0	0000	545
		_IncrementaPersona		CODE           	7C40	0000	99
		_lcd_init      		CODE           	7B48	0000	45
		_lcd_msg       		CODE           	7AAA	0000	37

nombres.c estimated size: 1127

shared
		__initialization		CODE           	7BF2	0000	73

shared estimated size: 73

