gplink-1.4.2 #1169 (Feb 10 2017)
Map File - Created 2-9-2018  18:52:14

                                 Section Info
                  Section       Type    Address   Location Size(Bytes)
                ---------  ---------  ---------  ---------  ---------
                 .idata_i    romdata   0x000004    program   0x000002
                   .cinit    romdata   0x00021c    program   0x00000e
   .config_300003_SDCC1.O    romdata   0x300003    program   0x000001
   .config_300006_SDCC1.O    romdata   0x300006    program   0x000001
         S_crt0iz___entry       code   0x000000    program   0x000004
S_sdcc1_ivec_0x1_HighPriorityISR       code   0x000008    program   0x000004
S_sdcc1_ivec_0x2_LowPriorityISR       code   0x000018    program   0x000004
       S_crt0iz___startup       code   0x00001c    program   0x0000ac
  S_sdcc1__number_to_7seg       code   0x0000c8    program   0x000092
  S_sdcc1__LowPriorityISR       code   0x00015a    program   0x000052
 S_sdcc1__HighPriorityISR       code   0x0001ac    program   0x000052
            S_sdcc1__main       code   0x0001fe    program   0x00001e
                   .idata      idata   0x000080       data   0x000001
               .registers      udata   0x000000       data   0x000001
            stack_section      udata   0x000100       data   0x000100
       ustat_pic18f452_00      udata   0x000f80       data   0x000005
       ustat_pic18f452_01      udata   0x000f89       data   0x000005
       ustat_pic18f452_02      udata   0x000f92       data   0x000005
       ustat_pic18f452_03      udata   0x000f9d       data   0x000006
       ustat_pic18f452_04      udata   0x000fa6       data   0x000004
       ustat_pic18f452_05      udata   0x000fab       data   0x000005
       ustat_pic18f452_06      udata   0x000fb1       data   0x000003
       ustat_pic18f452_07      udata   0x000fba       data   0x000006
       ustat_pic18f452_08      udata   0x000fc1       data   0x000013
       ustat_pic18f452_09      udata   0x000fd5       data   0x00002b



                              Program Memory Usage
                               Start         End
                           ---------   ---------
                            0x000008    0x00000b
                            0x000018    0x00001b
                            0x0001fe    0x00021b
                            0x0000c8    0x000159
                            0x00015a    0x0001ab
                            0x0001ac    0x0001fd
                            0x300003    0x300003
                            0x300006    0x300006
                            0x000004    0x000005
                            0x000000    0x000003
                            0x00001c    0x0000c7
                            0x00021c    0x000229
                            542 program addresses used



                              Symbols - Sorted by Name
                     Name    Address   Location    Storage File
                ---------  ---------  ---------  --------- ---------
               _00115_DS_   0x000126    program     static sdcc1.c
               _00116_DS_   0x00012a    program     static sdcc1.c
               _00117_DS_   0x00012e    program     static sdcc1.c
               _00118_DS_   0x000132    program     static sdcc1.c
               _00119_DS_   0x000136    program     static sdcc1.c
               _00120_DS_   0x00013a    program     static sdcc1.c
               _00121_DS_   0x00013e    program     static sdcc1.c
               _00122_DS_   0x000142    program     static sdcc1.c
               _00123_DS_   0x000146    program     static sdcc1.c
               _00124_DS_   0x00014a    program     static sdcc1.c
               _00125_DS_   0x00014e    program     static sdcc1.c
               _00127_DS_   0x000150    program     static sdcc1.c
               _00133_DS_   0x0000fe    program     static sdcc1.c
               _00142_DS_   0x000204    program     static sdcc1.c
               _00146_DS_   0x000202    program     static sdcc1.c
                  _ADCON0   0x000fc2       data     extern libdev18f452_a-pic18f452.asm
              _ADCON0bits   0x000fc2       data     extern libdev18f452_a-pic18f452.asm
                  _ADCON1   0x000fc1       data     extern libdev18f452_a-pic18f452.asm
              _ADCON1bits   0x000fc1       data     extern libdev18f452_a-pic18f452.asm
                   _ADRES   0x000fc3       data     extern libdev18f452_a-pic18f452.asm
                  _ADRESH   0x000fc4       data     extern libdev18f452_a-pic18f452.asm
                  _ADRESL   0x000fc3       data     extern libdev18f452_a-pic18f452.asm
                     _BSR   0x000fe0       data     extern libdev18f452_a-pic18f452.asm
                 _CCP1CON   0x000fbd       data     extern libdev18f452_a-pic18f452.asm
             _CCP1CONbits   0x000fbd       data     extern libdev18f452_a-pic18f452.asm
                 _CCP2CON   0x000fba       data     extern libdev18f452_a-pic18f452.asm
             _CCP2CONbits   0x000fba       data     extern libdev18f452_a-pic18f452.asm
                   _CCPR1   0x000fbe       data     extern libdev18f452_a-pic18f452.asm
                  _CCPR1H   0x000fbf       data     extern libdev18f452_a-pic18f452.asm
                  _CCPR1L   0x000fbe       data     extern libdev18f452_a-pic18f452.asm
                   _CCPR2   0x000fbb       data     extern libdev18f452_a-pic18f452.asm
                  _CCPR2H   0x000fbc       data     extern libdev18f452_a-pic18f452.asm
                  _CCPR2L   0x000fbb       data     extern libdev18f452_a-pic18f452.asm
                    _DDRA   0x000f92       data     extern libdev18f452_a-pic18f452.asm
                _DDRAbits   0x000f92       data     extern libdev18f452_a-pic18f452.asm
                    _DDRB   0x000f93       data     extern libdev18f452_a-pic18f452.asm
                _DDRBbits   0x000f93       data     extern libdev18f452_a-pic18f452.asm
                    _DDRC   0x000f94       data     extern libdev18f452_a-pic18f452.asm
                _DDRCbits   0x000f94       data     extern libdev18f452_a-pic18f452.asm
                    _DDRD   0x000f95       data     extern libdev18f452_a-pic18f452.asm
                _DDRDbits   0x000f95       data     extern libdev18f452_a-pic18f452.asm
                    _DDRE   0x000f96       data     extern libdev18f452_a-pic18f452.asm
                _DDREbits   0x000f96       data     extern libdev18f452_a-pic18f452.asm
                   _EEADR   0x000fa9       data     extern libdev18f452_a-pic18f452.asm
                  _EECON1   0x000fa6       data     extern libdev18f452_a-pic18f452.asm
              _EECON1bits   0x000fa6       data     extern libdev18f452_a-pic18f452.asm
                  _EECON2   0x000fa7       data     extern libdev18f452_a-pic18f452.asm
                  _EEDATA   0x000fa8       data     extern libdev18f452_a-pic18f452.asm
                   _FSR0H   0x000fea       data     extern libdev18f452_a-pic18f452.asm
                   _FSR0L   0x000fe9       data     extern libdev18f452_a-pic18f452.asm
                   _FSR1H   0x000fe2       data     extern libdev18f452_a-pic18f452.asm
                   _FSR1L   0x000fe1       data     extern libdev18f452_a-pic18f452.asm
                   _FSR2H   0x000fda       data     extern libdev18f452_a-pic18f452.asm
                   _FSR2L   0x000fd9       data     extern libdev18f452_a-pic18f452.asm
         _HighPriorityISR   0x0001ac    program     extern sdcc1.c
                   _INDF0   0x000fef       data     extern libdev18f452_a-pic18f452.asm
                   _INDF1   0x000fe7       data     extern libdev18f452_a-pic18f452.asm
                   _INDF2   0x000fdf       data     extern libdev18f452_a-pic18f452.asm
                  _INTCON   0x000ff2       data     extern libdev18f452_a-pic18f452.asm
                 _INTCON1   0x000ff2       data     extern libdev18f452_a-pic18f452.asm
             _INTCON1bits   0x000ff2       data     extern libdev18f452_a-pic18f452.asm
                 _INTCON2   0x000ff1       data     extern libdev18f452_a-pic18f452.asm
             _INTCON2bits   0x000ff1       data     extern libdev18f452_a-pic18f452.asm
                 _INTCON3   0x000ff0       data     extern libdev18f452_a-pic18f452.asm
             _INTCON3bits   0x000ff0       data     extern libdev18f452_a-pic18f452.asm
              _INTCONbits   0x000ff2       data     extern libdev18f452_a-pic18f452.asm
                    _IPR1   0x000f9f       data     extern libdev18f452_a-pic18f452.asm
                _IPR1bits   0x000f9f       data     extern libdev18f452_a-pic18f452.asm
                    _IPR2   0x000fa2       data     extern libdev18f452_a-pic18f452.asm
                _IPR2bits   0x000fa2       data     extern libdev18f452_a-pic18f452.asm
                    _LATA   0x000f89       data     extern libdev18f452_a-pic18f452.asm
                _LATAbits   0x000f89       data     extern libdev18f452_a-pic18f452.asm
                    _LATB   0x000f8a       data     extern libdev18f452_a-pic18f452.asm
                _LATBbits   0x000f8a       data     extern libdev18f452_a-pic18f452.asm
                    _LATC   0x000f8b       data     extern libdev18f452_a-pic18f452.asm
                _LATCbits   0x000f8b       data     extern libdev18f452_a-pic18f452.asm
                    _LATD   0x000f8c       data     extern libdev18f452_a-pic18f452.asm
                _LATDbits   0x000f8c       data     extern libdev18f452_a-pic18f452.asm
                    _LATE   0x000f8d       data     extern libdev18f452_a-pic18f452.asm
                _LATEbits   0x000f8d       data     extern libdev18f452_a-pic18f452.asm
                  _LVDCON   0x000fd2       data     extern libdev18f452_a-pic18f452.asm
              _LVDCONbits   0x000fd2       data     extern libdev18f452_a-pic18f452.asm
          _LowPriorityISR   0x00015a    program     extern sdcc1.c
                  _OSCCON   0x000fd3       data     extern libdev18f452_a-pic18f452.asm
              _OSCCONbits   0x000fd3       data     extern libdev18f452_a-pic18f452.asm
                      _PC   0x000ff9       data     extern libdev18f452_a-pic18f452.asm
                     _PCL   0x000ff9       data     extern libdev18f452_a-pic18f452.asm
                  _PCLATH   0x000ffa       data     extern libdev18f452_a-pic18f452.asm
                  _PCLATU   0x000ffb       data     extern libdev18f452_a-pic18f452.asm
                    _PIE1   0x000f9d       data     extern libdev18f452_a-pic18f452.asm
                _PIE1bits   0x000f9d       data     extern libdev18f452_a-pic18f452.asm
                    _PIE2   0x000fa0       data     extern libdev18f452_a-pic18f452.asm
                _PIE2bits   0x000fa0       data     extern libdev18f452_a-pic18f452.asm
                    _PIR1   0x000f9e       data     extern libdev18f452_a-pic18f452.asm
                _PIR1bits   0x000f9e       data     extern libdev18f452_a-pic18f452.asm
                    _PIR2   0x000fa1       data     extern libdev18f452_a-pic18f452.asm
                _PIR2bits   0x000fa1       data     extern libdev18f452_a-pic18f452.asm
                  _PLUSW0   0x000feb       data     extern libdev18f452_a-pic18f452.asm
                  _PLUSW1   0x000fe3       data     extern libdev18f452_a-pic18f452.asm
                  _PLUSW2   0x000fdb       data     extern libdev18f452_a-pic18f452.asm
                   _PORTA   0x000f80       data     extern libdev18f452_a-pic18f452.asm
               _PORTAbits   0x000f80       data     extern libdev18f452_a-pic18f452.asm
                   _PORTB   0x000f81       data     extern libdev18f452_a-pic18f452.asm
               _PORTBbits   0x000f81       data     extern libdev18f452_a-pic18f452.asm
                   _PORTC   0x000f82       data     extern libdev18f452_a-pic18f452.asm
               _PORTCbits   0x000f82       data     extern libdev18f452_a-pic18f452.asm
                   _PORTD   0x000f83       data     extern libdev18f452_a-pic18f452.asm
               _PORTDbits   0x000f83       data     extern libdev18f452_a-pic18f452.asm
                   _PORTE   0x000f84       data     extern libdev18f452_a-pic18f452.asm
               _PORTEbits   0x000f84       data     extern libdev18f452_a-pic18f452.asm
                _POSTDEC0   0x000fed       data     extern libdev18f452_a-pic18f452.asm
                _POSTDEC1   0x000fe5       data     extern libdev18f452_a-pic18f452.asm
                _POSTDEC2   0x000fdd       data     extern libdev18f452_a-pic18f452.asm
                _POSTINC0   0x000fee       data     extern libdev18f452_a-pic18f452.asm
                _POSTINC1   0x000fe6       data     extern libdev18f452_a-pic18f452.asm
                _POSTINC2   0x000fde       data     extern libdev18f452_a-pic18f452.asm
                     _PR2   0x000fcb       data     extern libdev18f452_a-pic18f452.asm
                 _PREINC0   0x000fec       data     extern libdev18f452_a-pic18f452.asm
                 _PREINC1   0x000fe4       data     extern libdev18f452_a-pic18f452.asm
                 _PREINC2   0x000fdc       data     extern libdev18f452_a-pic18f452.asm
                    _PROD   0x000ff3       data     extern libdev18f452_a-pic18f452.asm
                   _PRODH   0x000ff4       data     extern libdev18f452_a-pic18f452.asm
                   _PRODL   0x000ff3       data     extern libdev18f452_a-pic18f452.asm
                    _RCON   0x000fd0       data     extern libdev18f452_a-pic18f452.asm
                _RCONbits   0x000fd0       data     extern libdev18f452_a-pic18f452.asm
                   _RCREG   0x000fae       data     extern libdev18f452_a-pic18f452.asm
                   _RCSTA   0x000fab       data     extern libdev18f452_a-pic18f452.asm
               _RCSTAbits   0x000fab       data     extern libdev18f452_a-pic18f452.asm
                   _SPBRG   0x000faf       data     extern libdev18f452_a-pic18f452.asm
                  _SSPADD   0x000fc8       data     extern libdev18f452_a-pic18f452.asm
                  _SSPBUF   0x000fc9       data     extern libdev18f452_a-pic18f452.asm
                 _SSPCON1   0x000fc6       data     extern libdev18f452_a-pic18f452.asm
             _SSPCON1bits   0x000fc6       data     extern libdev18f452_a-pic18f452.asm
                 _SSPCON2   0x000fc5       data     extern libdev18f452_a-pic18f452.asm
             _SSPCON2bits   0x000fc5       data     extern libdev18f452_a-pic18f452.asm
                 _SSPSTAT   0x000fc7       data     extern libdev18f452_a-pic18f452.asm
             _SSPSTATbits   0x000fc7       data     extern libdev18f452_a-pic18f452.asm
                  _STATUS   0x000fd8       data     extern libdev18f452_a-pic18f452.asm
              _STATUSbits   0x000fd8       data     extern libdev18f452_a-pic18f452.asm
                  _STKPTR   0x000ffc       data     extern libdev18f452_a-pic18f452.asm
              _STKPTRbits   0x000ffc       data     extern libdev18f452_a-pic18f452.asm
                   _T0CON   0x000fd5       data     extern libdev18f452_a-pic18f452.asm
               _T0CONbits   0x000fd5       data     extern libdev18f452_a-pic18f452.asm
                   _T1CON   0x000fcd       data     extern libdev18f452_a-pic18f452.asm
               _T1CONbits   0x000fcd       data     extern libdev18f452_a-pic18f452.asm
                   _T2CON   0x000fca       data     extern libdev18f452_a-pic18f452.asm
               _T2CONbits   0x000fca       data     extern libdev18f452_a-pic18f452.asm
                   _T3CON   0x000fb1       data     extern libdev18f452_a-pic18f452.asm
               _T3CONbits   0x000fb1       data     extern libdev18f452_a-pic18f452.asm
                  _TABLAT   0x000ff5       data     extern libdev18f452_a-pic18f452.asm
                  _TBLPTR   0x000ff6       data     extern libdev18f452_a-pic18f452.asm
                 _TBLPTRH   0x000ff7       data     extern libdev18f452_a-pic18f452.asm
                 _TBLPTRL   0x000ff6       data     extern libdev18f452_a-pic18f452.asm
                 _TBLPTRU   0x000ff8       data     extern libdev18f452_a-pic18f452.asm
                    _TMR0   0x000fd6       data     extern libdev18f452_a-pic18f452.asm
                   _TMR0H   0x000fd7       data     extern libdev18f452_a-pic18f452.asm
                   _TMR0L   0x000fd6       data     extern libdev18f452_a-pic18f452.asm
                    _TMR1   0x000fce       data     extern libdev18f452_a-pic18f452.asm
                   _TMR1H   0x000fcf       data     extern libdev18f452_a-pic18f452.asm
                   _TMR1L   0x000fce       data     extern libdev18f452_a-pic18f452.asm
                    _TMR2   0x000fcc       data     extern libdev18f452_a-pic18f452.asm
                    _TMR3   0x000fb2       data     extern libdev18f452_a-pic18f452.asm
                   _TMR3H   0x000fb3       data     extern libdev18f452_a-pic18f452.asm
                   _TMR3L   0x000fb2       data     extern libdev18f452_a-pic18f452.asm
                     _TOS   0x000ffd       data     extern libdev18f452_a-pic18f452.asm
                    _TOSH   0x000ffe       data     extern libdev18f452_a-pic18f452.asm
                    _TOSL   0x000ffd       data     extern libdev18f452_a-pic18f452.asm
                    _TOSU   0x000fff       data     extern libdev18f452_a-pic18f452.asm
                   _TRISA   0x000f92       data     extern libdev18f452_a-pic18f452.asm
               _TRISAbits   0x000f92       data     extern libdev18f452_a-pic18f452.asm
                   _TRISB   0x000f93       data     extern libdev18f452_a-pic18f452.asm
               _TRISBbits   0x000f93       data     extern libdev18f452_a-pic18f452.asm
                   _TRISC   0x000f94       data     extern libdev18f452_a-pic18f452.asm
               _TRISCbits   0x000f94       data     extern libdev18f452_a-pic18f452.asm
                   _TRISD   0x000f95       data     extern libdev18f452_a-pic18f452.asm
               _TRISDbits   0x000f95       data     extern libdev18f452_a-pic18f452.asm
                   _TRISE   0x000f96       data     extern libdev18f452_a-pic18f452.asm
               _TRISEbits   0x000f96       data     extern libdev18f452_a-pic18f452.asm
                   _TXREG   0x000fad       data     extern libdev18f452_a-pic18f452.asm
                   _TXSTA   0x000fac       data     extern libdev18f452_a-pic18f452.asm
               _TXSTAbits   0x000fac       data     extern libdev18f452_a-pic18f452.asm
                  _WDTCON   0x000fd1       data     extern libdev18f452_a-pic18f452.asm
              _WDTCONbits   0x000fd1       data     extern libdev18f452_a-pic18f452.asm
                    _WREG   0x000fe8       data     extern libdev18f452_a-pic18f452.asm
                ___uflags   0x000080       data     extern crt0iz.asm
                  __entry   0x000000    program     extern crt0iz.asm
                __startup   0x00001c    program     extern crt0iz.asm
                   _cinit   0x00021c    program     extern sdcc1.c
                    _main   0x0001fe    program     extern sdcc1.c
          _number_to_7seg   0x0000c8    program     extern sdcc1.c
                   _stack   0x000100       data     extern stack/stack.S
               _stack_end   0x0001ff       data     extern stack/stack.S
               clear_loop   0x000032    program     static crt0iz.asm
                copy_loop   0x0000a0    program     static crt0iz.asm
            copy_loop_dec   0x0000a6    program     static crt0iz.asm
               entry_loop   0x000052    program     static crt0iz.asm
           entry_loop_dec   0x0000ba    program     static crt0iz.asm
 ivec_0x1_HighPriorityISR   0x000008    program     static sdcc1.c
  ivec_0x2_LowPriorityISR   0x000018    program     static sdcc1.c
                   lockup   0x0000c6    program     static crt0iz.asm
                    r0x00   0x000000       data     static sdcc1.c



                              Symbols - Sorted by Address
                     Name    Address   Location    Storage File
                ---------  ---------  ---------  --------- ---------
                  __entry   0x000000    program     extern crt0iz.asm
                    r0x00   0x000000       data     static sdcc1.c
 ivec_0x1_HighPriorityISR   0x000008    program     static sdcc1.c
  ivec_0x2_LowPriorityISR   0x000018    program     static sdcc1.c
                __startup   0x00001c    program     extern crt0iz.asm
               clear_loop   0x000032    program     static crt0iz.asm
               entry_loop   0x000052    program     static crt0iz.asm
                ___uflags   0x000080       data     extern crt0iz.asm
                copy_loop   0x0000a0    program     static crt0iz.asm
            copy_loop_dec   0x0000a6    program     static crt0iz.asm
           entry_loop_dec   0x0000ba    program     static crt0iz.asm
                   lockup   0x0000c6    program     static crt0iz.asm
          _number_to_7seg   0x0000c8    program     extern sdcc1.c
               _00133_DS_   0x0000fe    program     static sdcc1.c
                   _stack   0x000100       data     extern stack/stack.S
               _00115_DS_   0x000126    program     static sdcc1.c
               _00116_DS_   0x00012a    program     static sdcc1.c
               _00117_DS_   0x00012e    program     static sdcc1.c
               _00118_DS_   0x000132    program     static sdcc1.c
               _00119_DS_   0x000136    program     static sdcc1.c
               _00120_DS_   0x00013a    program     static sdcc1.c
               _00121_DS_   0x00013e    program     static sdcc1.c
               _00122_DS_   0x000142    program     static sdcc1.c
               _00123_DS_   0x000146    program     static sdcc1.c
               _00124_DS_   0x00014a    program     static sdcc1.c
               _00125_DS_   0x00014e    program     static sdcc1.c
               _00127_DS_   0x000150    program     static sdcc1.c
          _LowPriorityISR   0x00015a    program     extern sdcc1.c
         _HighPriorityISR   0x0001ac    program     extern sdcc1.c
                    _main   0x0001fe    program     extern sdcc1.c
               _stack_end   0x0001ff       data     extern stack/stack.S
               _00146_DS_   0x000202    program     static sdcc1.c
               _00142_DS_   0x000204    program     static sdcc1.c
                   _cinit   0x00021c    program     extern sdcc1.c
                   _PORTA   0x000f80       data     extern libdev18f452_a-pic18f452.asm
               _PORTAbits   0x000f80       data     extern libdev18f452_a-pic18f452.asm
                   _PORTB   0x000f81       data     extern libdev18f452_a-pic18f452.asm
               _PORTBbits   0x000f81       data     extern libdev18f452_a-pic18f452.asm
                   _PORTC   0x000f82       data     extern libdev18f452_a-pic18f452.asm
               _PORTCbits   0x000f82       data     extern libdev18f452_a-pic18f452.asm
                   _PORTD   0x000f83       data     extern libdev18f452_a-pic18f452.asm
               _PORTDbits   0x000f83       data     extern libdev18f452_a-pic18f452.asm
                   _PORTE   0x000f84       data     extern libdev18f452_a-pic18f452.asm
               _PORTEbits   0x000f84       data     extern libdev18f452_a-pic18f452.asm
                    _LATA   0x000f89       data     extern libdev18f452_a-pic18f452.asm
                _LATAbits   0x000f89       data     extern libdev18f452_a-pic18f452.asm
                    _LATB   0x000f8a       data     extern libdev18f452_a-pic18f452.asm
                _LATBbits   0x000f8a       data     extern libdev18f452_a-pic18f452.asm
                    _LATC   0x000f8b       data     extern libdev18f452_a-pic18f452.asm
                _LATCbits   0x000f8b       data     extern libdev18f452_a-pic18f452.asm
                    _LATD   0x000f8c       data     extern libdev18f452_a-pic18f452.asm
                _LATDbits   0x000f8c       data     extern libdev18f452_a-pic18f452.asm
                    _LATE   0x000f8d       data     extern libdev18f452_a-pic18f452.asm
                _LATEbits   0x000f8d       data     extern libdev18f452_a-pic18f452.asm
                    _DDRA   0x000f92       data     extern libdev18f452_a-pic18f452.asm
                _DDRAbits   0x000f92       data     extern libdev18f452_a-pic18f452.asm
                   _TRISA   0x000f92       data     extern libdev18f452_a-pic18f452.asm
               _TRISAbits   0x000f92       data     extern libdev18f452_a-pic18f452.asm
                    _DDRB   0x000f93       data     extern libdev18f452_a-pic18f452.asm
                _DDRBbits   0x000f93       data     extern libdev18f452_a-pic18f452.asm
                   _TRISB   0x000f93       data     extern libdev18f452_a-pic18f452.asm
               _TRISBbits   0x000f93       data     extern libdev18f452_a-pic18f452.asm
                    _DDRC   0x000f94       data     extern libdev18f452_a-pic18f452.asm
                _DDRCbits   0x000f94       data     extern libdev18f452_a-pic18f452.asm
                   _TRISC   0x000f94       data     extern libdev18f452_a-pic18f452.asm
               _TRISCbits   0x000f94       data     extern libdev18f452_a-pic18f452.asm
                    _DDRD   0x000f95       data     extern libdev18f452_a-pic18f452.asm
                _DDRDbits   0x000f95       data     extern libdev18f452_a-pic18f452.asm
                   _TRISD   0x000f95       data     extern libdev18f452_a-pic18f452.asm
               _TRISDbits   0x000f95       data     extern libdev18f452_a-pic18f452.asm
                    _DDRE   0x000f96       data     extern libdev18f452_a-pic18f452.asm
                _DDREbits   0x000f96       data     extern libdev18f452_a-pic18f452.asm
                   _TRISE   0x000f96       data     extern libdev18f452_a-pic18f452.asm
               _TRISEbits   0x000f96       data     extern libdev18f452_a-pic18f452.asm
                    _PIE1   0x000f9d       data     extern libdev18f452_a-pic18f452.asm
                _PIE1bits   0x000f9d       data     extern libdev18f452_a-pic18f452.asm
                    _PIR1   0x000f9e       data     extern libdev18f452_a-pic18f452.asm
                _PIR1bits   0x000f9e       data     extern libdev18f452_a-pic18f452.asm
                    _IPR1   0x000f9f       data     extern libdev18f452_a-pic18f452.asm
                _IPR1bits   0x000f9f       data     extern libdev18f452_a-pic18f452.asm
                    _PIE2   0x000fa0       data     extern libdev18f452_a-pic18f452.asm
                _PIE2bits   0x000fa0       data     extern libdev18f452_a-pic18f452.asm
                    _PIR2   0x000fa1       data     extern libdev18f452_a-pic18f452.asm
                _PIR2bits   0x000fa1       data     extern libdev18f452_a-pic18f452.asm
                    _IPR2   0x000fa2       data     extern libdev18f452_a-pic18f452.asm
                _IPR2bits   0x000fa2       data     extern libdev18f452_a-pic18f452.asm
                  _EECON1   0x000fa6       data     extern libdev18f452_a-pic18f452.asm
              _EECON1bits   0x000fa6       data     extern libdev18f452_a-pic18f452.asm
                  _EECON2   0x000fa7       data     extern libdev18f452_a-pic18f452.asm
                  _EEDATA   0x000fa8       data     extern libdev18f452_a-pic18f452.asm
                   _EEADR   0x000fa9       data     extern libdev18f452_a-pic18f452.asm
                   _RCSTA   0x000fab       data     extern libdev18f452_a-pic18f452.asm
               _RCSTAbits   0x000fab       data     extern libdev18f452_a-pic18f452.asm
                   _TXSTA   0x000fac       data     extern libdev18f452_a-pic18f452.asm
               _TXSTAbits   0x000fac       data     extern libdev18f452_a-pic18f452.asm
                   _TXREG   0x000fad       data     extern libdev18f452_a-pic18f452.asm
                   _RCREG   0x000fae       data     extern libdev18f452_a-pic18f452.asm
                   _SPBRG   0x000faf       data     extern libdev18f452_a-pic18f452.asm
                   _T3CON   0x000fb1       data     extern libdev18f452_a-pic18f452.asm
               _T3CONbits   0x000fb1       data     extern libdev18f452_a-pic18f452.asm
                    _TMR3   0x000fb2       data     extern libdev18f452_a-pic18f452.asm
                   _TMR3L   0x000fb2       data     extern libdev18f452_a-pic18f452.asm
                   _TMR3H   0x000fb3       data     extern libdev18f452_a-pic18f452.asm
                 _CCP2CON   0x000fba       data     extern libdev18f452_a-pic18f452.asm
             _CCP2CONbits   0x000fba       data     extern libdev18f452_a-pic18f452.asm
                   _CCPR2   0x000fbb       data     extern libdev18f452_a-pic18f452.asm
                  _CCPR2L   0x000fbb       data     extern libdev18f452_a-pic18f452.asm
                  _CCPR2H   0x000fbc       data     extern libdev18f452_a-pic18f452.asm
                 _CCP1CON   0x000fbd       data     extern libdev18f452_a-pic18f452.asm
             _CCP1CONbits   0x000fbd       data     extern libdev18f452_a-pic18f452.asm
                   _CCPR1   0x000fbe       data     extern libdev18f452_a-pic18f452.asm
                  _CCPR1L   0x000fbe       data     extern libdev18f452_a-pic18f452.asm
                  _CCPR1H   0x000fbf       data     extern libdev18f452_a-pic18f452.asm
                  _ADCON1   0x000fc1       data     extern libdev18f452_a-pic18f452.asm
              _ADCON1bits   0x000fc1       data     extern libdev18f452_a-pic18f452.asm
                  _ADCON0   0x000fc2       data     extern libdev18f452_a-pic18f452.asm
              _ADCON0bits   0x000fc2       data     extern libdev18f452_a-pic18f452.asm
                   _ADRES   0x000fc3       data     extern libdev18f452_a-pic18f452.asm
                  _ADRESL   0x000fc3       data     extern libdev18f452_a-pic18f452.asm
                  _ADRESH   0x000fc4       data     extern libdev18f452_a-pic18f452.asm
                 _SSPCON2   0x000fc5       data     extern libdev18f452_a-pic18f452.asm
             _SSPCON2bits   0x000fc5       data     extern libdev18f452_a-pic18f452.asm
                 _SSPCON1   0x000fc6       data     extern libdev18f452_a-pic18f452.asm
             _SSPCON1bits   0x000fc6       data     extern libdev18f452_a-pic18f452.asm
                 _SSPSTAT   0x000fc7       data     extern libdev18f452_a-pic18f452.asm
             _SSPSTATbits   0x000fc7       data     extern libdev18f452_a-pic18f452.asm
                  _SSPADD   0x000fc8       data     extern libdev18f452_a-pic18f452.asm
                  _SSPBUF   0x000fc9       data     extern libdev18f452_a-pic18f452.asm
                   _T2CON   0x000fca       data     extern libdev18f452_a-pic18f452.asm
               _T2CONbits   0x000fca       data     extern libdev18f452_a-pic18f452.asm
                     _PR2   0x000fcb       data     extern libdev18f452_a-pic18f452.asm
                    _TMR2   0x000fcc       data     extern libdev18f452_a-pic18f452.asm
                   _T1CON   0x000fcd       data     extern libdev18f452_a-pic18f452.asm
               _T1CONbits   0x000fcd       data     extern libdev18f452_a-pic18f452.asm
                    _TMR1   0x000fce       data     extern libdev18f452_a-pic18f452.asm
                   _TMR1L   0x000fce       data     extern libdev18f452_a-pic18f452.asm
                   _TMR1H   0x000fcf       data     extern libdev18f452_a-pic18f452.asm
                    _RCON   0x000fd0       data     extern libdev18f452_a-pic18f452.asm
                _RCONbits   0x000fd0       data     extern libdev18f452_a-pic18f452.asm
                  _WDTCON   0x000fd1       data     extern libdev18f452_a-pic18f452.asm
              _WDTCONbits   0x000fd1       data     extern libdev18f452_a-pic18f452.asm
                  _LVDCON   0x000fd2       data     extern libdev18f452_a-pic18f452.asm
              _LVDCONbits   0x000fd2       data     extern libdev18f452_a-pic18f452.asm
                  _OSCCON   0x000fd3       data     extern libdev18f452_a-pic18f452.asm
              _OSCCONbits   0x000fd3       data     extern libdev18f452_a-pic18f452.asm
                   _T0CON   0x000fd5       data     extern libdev18f452_a-pic18f452.asm
               _T0CONbits   0x000fd5       data     extern libdev18f452_a-pic18f452.asm
                    _TMR0   0x000fd6       data     extern libdev18f452_a-pic18f452.asm
                   _TMR0L   0x000fd6       data     extern libdev18f452_a-pic18f452.asm
                   _TMR0H   0x000fd7       data     extern libdev18f452_a-pic18f452.asm
                  _STATUS   0x000fd8       data     extern libdev18f452_a-pic18f452.asm
              _STATUSbits   0x000fd8       data     extern libdev18f452_a-pic18f452.asm
                   _FSR2L   0x000fd9       data     extern libdev18f452_a-pic18f452.asm
                   _FSR2H   0x000fda       data     extern libdev18f452_a-pic18f452.asm
                  _PLUSW2   0x000fdb       data     extern libdev18f452_a-pic18f452.asm
                 _PREINC2   0x000fdc       data     extern libdev18f452_a-pic18f452.asm
                _POSTDEC2   0x000fdd       data     extern libdev18f452_a-pic18f452.asm
                _POSTINC2   0x000fde       data     extern libdev18f452_a-pic18f452.asm
                   _INDF2   0x000fdf       data     extern libdev18f452_a-pic18f452.asm
                     _BSR   0x000fe0       data     extern libdev18f452_a-pic18f452.asm
                   _FSR1L   0x000fe1       data     extern libdev18f452_a-pic18f452.asm
                   _FSR1H   0x000fe2       data     extern libdev18f452_a-pic18f452.asm
                  _PLUSW1   0x000fe3       data     extern libdev18f452_a-pic18f452.asm
                 _PREINC1   0x000fe4       data     extern libdev18f452_a-pic18f452.asm
                _POSTDEC1   0x000fe5       data     extern libdev18f452_a-pic18f452.asm
                _POSTINC1   0x000fe6       data     extern libdev18f452_a-pic18f452.asm
                   _INDF1   0x000fe7       data     extern libdev18f452_a-pic18f452.asm
                    _WREG   0x000fe8       data     extern libdev18f452_a-pic18f452.asm
                   _FSR0L   0x000fe9       data     extern libdev18f452_a-pic18f452.asm
                   _FSR0H   0x000fea       data     extern libdev18f452_a-pic18f452.asm
                  _PLUSW0   0x000feb       data     extern libdev18f452_a-pic18f452.asm
                 _PREINC0   0x000fec       data     extern libdev18f452_a-pic18f452.asm
                _POSTDEC0   0x000fed       data     extern libdev18f452_a-pic18f452.asm
                _POSTINC0   0x000fee       data     extern libdev18f452_a-pic18f452.asm
                   _INDF0   0x000fef       data     extern libdev18f452_a-pic18f452.asm
                 _INTCON3   0x000ff0       data     extern libdev18f452_a-pic18f452.asm
             _INTCON3bits   0x000ff0       data     extern libdev18f452_a-pic18f452.asm
                 _INTCON2   0x000ff1       data     extern libdev18f452_a-pic18f452.asm
             _INTCON2bits   0x000ff1       data     extern libdev18f452_a-pic18f452.asm
                  _INTCON   0x000ff2       data     extern libdev18f452_a-pic18f452.asm
                 _INTCON1   0x000ff2       data     extern libdev18f452_a-pic18f452.asm
             _INTCON1bits   0x000ff2       data     extern libdev18f452_a-pic18f452.asm
              _INTCONbits   0x000ff2       data     extern libdev18f452_a-pic18f452.asm
                    _PROD   0x000ff3       data     extern libdev18f452_a-pic18f452.asm
                   _PRODL   0x000ff3       data     extern libdev18f452_a-pic18f452.asm
                   _PRODH   0x000ff4       data     extern libdev18f452_a-pic18f452.asm
                  _TABLAT   0x000ff5       data     extern libdev18f452_a-pic18f452.asm
                  _TBLPTR   0x000ff6       data     extern libdev18f452_a-pic18f452.asm
                 _TBLPTRL   0x000ff6       data     extern libdev18f452_a-pic18f452.asm
                 _TBLPTRH   0x000ff7       data     extern libdev18f452_a-pic18f452.asm
                 _TBLPTRU   0x000ff8       data     extern libdev18f452_a-pic18f452.asm
                      _PC   0x000ff9       data     extern libdev18f452_a-pic18f452.asm
                     _PCL   0x000ff9       data     extern libdev18f452_a-pic18f452.asm
                  _PCLATH   0x000ffa       data     extern libdev18f452_a-pic18f452.asm
                  _PCLATU   0x000ffb       data     extern libdev18f452_a-pic18f452.asm
                  _STKPTR   0x000ffc       data     extern libdev18f452_a-pic18f452.asm
              _STKPTRbits   0x000ffc       data     extern libdev18f452_a-pic18f452.asm
                     _TOS   0x000ffd       data     extern libdev18f452_a-pic18f452.asm
                    _TOSL   0x000ffd       data     extern libdev18f452_a-pic18f452.asm
                    _TOSH   0x000ffe       data     extern libdev18f452_a-pic18f452.asm
                    _TOSU   0x000fff       data     extern libdev18f452_a-pic18f452.asm


