Microchip MPLAB XC8 Compiler V1.45 ()

Linker command line:

-W-3 --edf=/opt/microchip/xc8/v1.45/dat/en_msgs.txt -cs \
  -h+dist/default/production/enc1.X.production.sym \
  --cmf=dist/default/production/enc1.X.production.cmf -z -Q18F4520 \
  -o/tmp/xcXPpQ8HX -Mdist/default/production/enc1.X.production.map -E1 \
  -ver=XC8 -ASTACK=080h-05ffh -pstack=STACK -ACODE=00h-07FFFh \
  -ACONST=00h-07FFFh -ASMALLCONST=0600h-06FFhx122 \
  -AMEDIUMCONST=0600h-07FFFh -ACOMRAM=01h-07Fh -AABS1=00h-05FFh \
  -ABIGRAM=01h-05FFh -ARAM=080h-0FFh,0100h-01FFhx5 -ABANK0=080h-0FFh \
  -ABANK1=0100h-01FFh -ABANK2=0200h-02FFh -ABANK3=0300h-03FFh \
  -ABANK4=0400h-04FFh -ABANK5=0500h-05FFh -ASFR=0F80h-0FFFh \
  -preset_vec=00h,intcode=08h,intcodelo=018h,powerup,init -pramtop=0600h \
  -psmallconst=SMALLCONST -pmediumconst=MEDIUMCONST -pconst=CONST \
  -AFARRAM=00h-00h -ACONFIG=0300000h-030000Dh -pconfig=CONFIG \
  -AIDLOC=0200000h-0200007h -pidloc=IDLOC -AEEDATA=0F00000h-0F000FFh \
  -peeprom_data=EEDATA \
  -prdata=COMRAM,nvrram=COMRAM,nvbit=COMRAM,rbss=COMRAM,rbit=COMRAM \
  -pfarbss=FARRAM,fardata=FARRAM,nvFARRAM=FARRAM \
  -pintsave_regs=BIGRAM,bigbss=BIGRAM,bigdata=BIGRAM -pbss=RAM \
  -pidata=CODE,irdata=CODE,ibigdata=CODE,ifardata=CODE -prparam=COMRAM \
  /tmp/xcXesRQds.obj dist/default/production/enc1.X.production.obj 

Object code version is 3.11

Machine type is 18F4520

Call graph: (short form)




                Name                               Link     Load   Length Selector   Space Scale
/tmp/xcXesRQds.obj
                init                                 CA       CA        4        C       0
                reset_vec                             0        0        4        0       0
                idloc                            200000   200000        8   200000       0
                config                           300000   300000        E   300000       0
dist/default/production/enc1.X.production.obj
                intcodelo                            18       18       B2        C       0
                intcode                               8        8        6        4       0
                temp                                 54       54        1        1       1
                smallconst                          600      600       20      300       0
                intcode_body                        90C      90C       A0      310       0
                text14                              CBA      CBA       14      310       0
                text13                              C16      C16       2C      310       0
                text12                              AD6      AD6       4A      310       0
                text11                              BE2      BE2       34      310       0
                text10                              CA0      CA0       1A      310       0
                text9                               854      854       B8      310       0
                text8                               B20      B20       46      310       0
                text7                               BA8      BA8       3A      310       0
                text6                               A84      A84       52      310       0
                text5                               A32      A32       52      310       0
                text4                               B66      B66       42      310       0
                text3                               C42      C42       26      310       0
                text2                               C68      C68       1E      310       0
                text1                               620      620      234      310       0
                text0                               9AC      9AC       86      310       0
                cstackCOMRAM                          1        1       48        1       1
                bssCOMRAM                            49       49        B        1       1
                cinit                               C86      C86       1A      310       0

TOTAL           Name                               Link     Load   Length     Space
        CLASS   STACK          

        CLASS   CODE           
                intcodelo                            18       18       B2         0
                intcode                               8        8        6         0
                init                                 CA       CA        4         0
                reset_vec                             0        0        4         0
                intcode_body                        90C      90C       A0         0
                text14                              CBA      CBA       14         0
                text13                              C16      C16       2C         0
                text12                              AD6      AD6       4A         0
                text11                              BE2      BE2       34         0
                text10                              CA0      CA0       1A         0
                text9                               854      854       B8         0
                text8                               B20      B20       46         0
                text7                               BA8      BA8       3A         0
                text6                               A84      A84       52         0
                text5                               A32      A32       52         0
                text4                               B66      B66       42         0
                text3                               C42      C42       26         0
                text2                               C68      C68       1E         0
                text1                               620      620      234         0
                text0                               9AC      9AC       86         0
                cinit                               C86      C86       1A         0

        CLASS   CONST          

        CLASS   SMALLCONST     
                smallconst                          600      600       20         0

        CLASS   MEDIUMCONST    

        CLASS   COMRAM         
                temp                                 54       54        1         1
                cstackCOMRAM                          1        1       48         1
                bssCOMRAM                            49       49        B         1

        CLASS   ABS1           

        CLASS   BIGRAM         

        CLASS   RAM            

        CLASS   BANK0          

        CLASS   BANK1          

        CLASS   BANK2          

        CLASS   BANK3          

        CLASS   BANK4          

        CLASS   BANK5          

        CLASS   SFR            

        CLASS   FARRAM         

        CLASS   CONFIG         
                config                           300000   300000        E         0

        CLASS   IDLOC          
                idloc                            200000   200000        8         0

        CLASS   EEDATA         



SEGMENTS        Name                           Load    Length   Top    Selector   Space  Class

                reset_vec                      000000  000004  000004         0       0  CODE    
                cstackCOMRAM                   000001  000054  000055         1       1  COMRAM  
                intcode                        000008  000006  00000E         4       0  CODE    
                intcodelo                      000018  0000B6  0000CE         C       0  CODE    
                smallconst                     000600  000020  000620       300       0  SMALLCON
                text1                          000620  0006AE  000CCE       310       0  CODE    
                idloc                          200000  000008  200008    200000       0  IDLOC   
                config                         300000  00000E  30000E    300000       0  CONFIG  


UNUSED ADDRESS RANGES

        Name                Unused          Largest block    Delta
        BANK0            000080-0000FF               80
        BANK1            000100-0001FF              100
        BANK2            000200-0002FF              100
        BANK3            000300-0003FF              100
        BANK4            000400-0004FF              100
        BANK5            000500-0005FF              100
        BIGRAM           000055-0005FF              5AB
        CODE             000004-000007                4
                         00000E-000017                A
                         0000CE-0005FF              532
                         000CCE-007FFF             7332
        COMRAM           000055-00007F               2B
        CONST            000004-000007                4
                         00000E-000017                A
                         0000CE-0005FF              532
                         000CCE-007FFF             7332
        EEDATA           F00000-F000FF              100
        MEDIUMCONST      000CCE-007FFF             7332
        RAM              000080-0005FF              100
        SFR              000F80-000FFF               80
        SMALLCONST       000CCE-007FFF              100
        STACK            000080-0005FF              580

                                  Symbol Table

?___lwdiv                cstackCOMRAM 000028
?___lwmod                cstackCOMRAM 00002F
?___wmul                 cstackCOMRAM 000028
?_sprintf                cstackCOMRAM 000034
_GIEH                    (abs)        007F97
_GIEL                    (abs)        007F96
_INT0IE                  (abs)        007F94
_INT0IF                  (abs)        007F91
_INTEDG0                 (abs)        007F8E
_IPEN                    (abs)        007E87
_PIE1bits                (abs)        000F9D
_PIR1bits                (abs)        000F9E
_PORTB                   (abs)        000F81
_PORTD                   (abs)        000F83
_T1CKPS0                 (abs)        007E6C
_T1CKPS1                 (abs)        007E6D
_T1CONbits               (abs)        000FCD
_TMR1CS                  (abs)        007E69
_TMR1IF                  (abs)        007CF0
_TMR1IP                  (abs)        007CF8
_TMR1ON                  (abs)        007E68
_TRISB                   (abs)        000F93
__CFG_BOREN$OFF          (abs)        000000
__CFG_BORV$3             (abs)        000000
__CFG_CCP2MX$PORTBE      (abs)        000000
__CFG_CP0$OFF            (abs)        000000
__CFG_CP1$OFF            (abs)        000000
__CFG_CP2$OFF            (abs)        000000
__CFG_CP3$OFF            (abs)        000000
__CFG_CPB$OFF            (abs)        000000
__CFG_CPD$OFF            (abs)        000000
__CFG_EBTR0$OFF          (abs)        000000
__CFG_EBTR1$OFF          (abs)        000000
__CFG_EBTR2$OFF          (abs)        000000
__CFG_EBTR3$OFF          (abs)        000000
__CFG_EBTRB$OFF          (abs)        000000
__CFG_FCMEN$OFF          (abs)        000000
__CFG_IESO$OFF           (abs)        000000
__CFG_LPT1OSC$OFF        (abs)        000000
__CFG_LVP$OFF            (abs)        000000
__CFG_MCLRE$ON           (abs)        000000
__CFG_OSC$XT             (abs)        000000
__CFG_PBADEN$OFF         (abs)        000000
__CFG_PWRT$ON            (abs)        000000
__CFG_STVREN$ON          (abs)        000000
__CFG_WDT$OFF            (abs)        000000
__CFG_WDTPS$32768        (abs)        000000
__CFG_WRT0$OFF           (abs)        000000
__CFG_WRT1$OFF           (abs)        000000
__CFG_WRT2$OFF           (abs)        000000
__CFG_WRT3$OFF           (abs)        000000
__CFG_WRTB$OFF           (abs)        000000
__CFG_WRTC$OFF           (abs)        000000
__CFG_WRTD$OFF           (abs)        000000
__CFG_XINST$OFF          (abs)        000000
__HRAM                   (abs)        000000
__Habs1                  abs1         000000
__Hbank0                 bank0        000000
__Hbank1                 bank1        000000
__Hbank2                 bank2        000000
__Hbank3                 bank3        000000
__Hbank4                 bank4        000000
__Hbank5                 bank5        000000
__Hbigbss                bigbss       000000
__Hbigdata               bigdata      000000
__Hbigram                bigram       000000
__Hbss                   bss          000000
__HbssCOMRAM             bssCOMRAM    000000
__Hcinit                 cinit        000000
__Hclrtext               clrtext      000000
__Hcomram                comram       000000
__Hconfig                config       30000E
__Hconst                 const        000000
__HcstackCOMRAM          cstackCOMRAM 000000
__Hdata                  data         000000
__Heeprom_data           eeprom_data  000000
__Hfarbss                farbss       000000
__Hfardata               fardata      000000
__Hibigdata              ibigdata     000000
__Hidata                 idata        000000
__Hidloc                 idloc        200008
__Hifardata              ifardata     000000
__Hinit                  init         0000CE
__Hintcode               intcode      00000E
__Hintcode_body          intcode_body 000000
__Hintcodelo             intcodelo    0000CA
__Hintentry              intentry     000000
__Hintret                intret       000000
__Hintsave_regs          intsave_regs 000000
__Hirdata                irdata       000000
__Hmediumconst           mediumconst  000000
__HnvFARRAM              nvFARRAM     000000
__Hnvbit                 nvbit        000000
__Hnvrram                nvrram       000000
__Hparam                 rparam       000000
__Hpowerup               powerup      0000CA
__Hram                   ram          000000
__Hramtop                ramtop       000600
__Hrbit                  rbit         000000
__Hrbss                  rbss         000000
__Hrdata                 rdata        000000
__Hreset_vec             reset_vec    000004
__Hrparam                rparam       000000
__Hsfr                   sfr          000000
__Hsmallconst            smallconst   000620
__Hspace_0               (abs)        30000E
__Hspace_1               (abs)        000055
__Hspace_2               (abs)        000000
__Hstack                 stack        000000
__Hstruct                struct       000000
__Htemp                  temp         000055
__Htext                  text         000000
__Htext0                 text0        000000
__Htext1                 text1        000000
__Htext10                text10       000000
__Htext11                text11       000000
__Htext12                text12       000000
__Htext13                text13       000000
__Htext14                text14       000000
__Htext2                 text2        000000
__Htext3                 text3        000000
__Htext4                 text4        000000
__Htext5                 text5        000000
__Htext6                 text6        000000
__Htext7                 text7        000000
__Htext8                 text8        000000
__Htext9                 text9        000000
__LRAM                   (abs)        000001
__Labs1                  abs1         000000
__Lbank0                 bank0        000000
__Lbank1                 bank1        000000
__Lbank2                 bank2        000000
__Lbank3                 bank3        000000
__Lbank4                 bank4        000000
__Lbank5                 bank5        000000
__Lbigbss                bigbss       000000
__Lbigdata               bigdata      000000
__Lbigram                bigram       000000
__Lbss                   bss          000000
__LbssCOMRAM             bssCOMRAM    000000
__Lcinit                 cinit        000000
__Lclrtext               clrtext      000000
__Lcomram                comram       000000
__Lconfig                config       300000
__Lconst                 const        000000
__LcstackCOMRAM          cstackCOMRAM 000000
__Ldata                  data         000000
__Leeprom_data           eeprom_data  000000
__Lfarbss                farbss       000000
__Lfardata               fardata      000000
__Libigdata              ibigdata     000000
__Lidata                 idata        000000
__Lidloc                 idloc        200000
__Lifardata              ifardata     000000
__Linit                  init         0000CA
__Lintcode               intcode      000008
__Lintcode_body          intcode_body 000000
__Lintcodelo             intcodelo    000018
__Lintentry              intentry     000000
__Lintret                intret       000000
__Lintsave_regs          intsave_regs 000000
__Lirdata                irdata       000000
__Lmediumconst           mediumconst  000000
__LnvFARRAM              nvFARRAM     000000
__Lnvbit                 nvbit        000000
__Lnvrram                nvrram       000000
__Lparam                 rparam       000000
__Lpowerup               powerup      0000CA
__Lram                   ram          000000
__Lramtop                ramtop       000600
__Lrbit                  rbit         000000
__Lrbss                  rbss         000000
__Lrdata                 rdata        000000
__Lreset_vec             reset_vec    000000
__Lrparam                rparam       000000
__Lsfr                   sfr          000000
__Lsmallconst            smallconst   000600
__Lspace_0               (abs)        000000
__Lspace_1               (abs)        000000
__Lspace_2               (abs)        000000
__Lstack                 stack        000000
__Lstruct                struct       000000
__Ltemp                  temp         000054
__Ltext                  text         000000
__Ltext0                 text0        000000
__Ltext1                 text1        000000
__Ltext10                text10       000000
__Ltext11                text11       000000
__Ltext12                text12       000000
__Ltext13                text13       000000
__Ltext14                text14       000000
__Ltext2                 text2        000000
__Ltext3                 text3        000000
__Ltext4                 text4        000000
__Ltext5                 text5        000000
__Ltext6                 text6        000000
__Ltext7                 text7        000000
__Ltext8                 text8        000000
__Ltext9                 text9        000000
__S0                     (abs)        30000E
__S1                     (abs)        000055
__S2                     (abs)        000000
___inthi_sp              stack        000000
___intlo_sp              stack        000000
___lwdiv                 text5        000A32
___lwdiv@counter         cstackCOMRAM 00002E
___lwdiv@dividend        cstackCOMRAM 000028
___lwdiv@divisor         cstackCOMRAM 00002A
___lwdiv@quotient        cstackCOMRAM 00002C
___lwmod                 text4        000B66
___lwmod@counter         cstackCOMRAM 000033
___lwmod@dividend        cstackCOMRAM 00002F
___lwmod@divisor         cstackCOMRAM 000031
___param_bank            (abs)        000000
___rparam_used           (abs)        000001
___sp                    stack        000000
___wmul                  text3        000C42
___wmul@multiplicand     cstackCOMRAM 00002A
___wmul@multiplier       cstackCOMRAM 000028
___wmul@product          cstackCOMRAM 00002C
__accesstop              (abs)        000080
__activetblptr           (abs)        000002
__end_of___lwdiv         text5        000A84
__end_of___lwmod         text4        000BA8
__end_of___wmul          text3        000C68
__end_of__initialization cinit        000C92
__end_of_dpowers         smallconst   00060B
__end_of_high_isr        intcode_body 0009AC
__end_of_isdigit         text2        000C86
__end_of_lcd_cmd         text12       000B20
__end_of_lcd_cmd_hf      text10       000CBA
__end_of_lcd_dwr         text8        000B66
__end_of_lcd_gotoxy      text11       000C16
__end_of_lcd_init        text9        00090C
__end_of_lcd_lat         text14       000CCE
__end_of_lcd_msg         text6        000AD6
__end_of_lcd_putc        text7        000BE2
__end_of_low_isr         intcodelo    0000CA
__end_of_main            text0        000A32
__end_of_manda           text13       000C42
__end_of_sprintf         text1        000854
__initialization         cinit        000C86
__mediumconst            mediumconst  000000
__pbssCOMRAM             bssCOMRAM    000049
__pcinit                 cinit        000C86
__pcstackCOMRAM          cstackCOMRAM 000001
__pintcode               intcode      000008
__pintcode_body          intcode_body 00090C
__pintcodelo             intcodelo    000018
__psmallconst            smallconst   000600
__ptext0                 text0        0009AC
__ptext1                 text1        000620
__ptext10                text10       000CA0
__ptext11                text11       000BE2
__ptext12                text12       000AD6
__ptext13                text13       000C16
__ptext14                text14       000CBA
__ptext2                 text2        000C68
__ptext3                 text3        000C42
__ptext4                 text4        000B66
__ptext5                 text5        000A32
__ptext6                 text6        000A84
__ptext7                 text7        000BA8
__ptext8                 text8        000B20
__ptext9                 text9        000854
__ramtop                 ramtop       000600
__size_of___lwdiv        (abs)        000000
__size_of___lwmod        (abs)        000000
__size_of___wmul         (abs)        000000
__size_of_high_isr       (abs)        000000
__size_of_isdigit        (abs)        000000
__size_of_lcd_cmd        (abs)        000000
__size_of_lcd_cmd_hf     (abs)        000000
__size_of_lcd_dwr        (abs)        000000
__size_of_lcd_gotoxy     (abs)        000000
__size_of_lcd_init       (abs)        000000
__size_of_lcd_lat        (abs)        000000
__size_of_lcd_msg        (abs)        000000
__size_of_lcd_putc       (abs)        000000
__size_of_low_isr        (abs)        000000
__size_of_main           (abs)        000000
__size_of_manda          (abs)        000000
__size_of_sprintf        (abs)        000000
__smallconst             smallconst   000600
_cont                    bssCOMRAM    000049
_dpowers                 smallconst   000601
_high_isr                intcode      000008
_isdigit                 text2        000C68
_isdigit$502             cstackCOMRAM 000029
_lcd                     bssCOMRAM    00004B
_lcd_cmd                 text12       000AD6
_lcd_cmd_hf              text10       000CA0
_lcd_dwr                 text8        000B20
_lcd_gotoxy              text11       000BE2
_lcd_init                text9        000854
_lcd_lat                 text14       000CBA
_lcd_msg                 text6        000A84
_lcd_putc                text7        000BA8
_low_isr                 intcodelo    000018
_main                    text0        0009AC
_manda                   text13       000C16
_sprintf                 text1        000620
_value                   bssCOMRAM    00004C
btemp                    temp         000054
end_of_initialization    cinit        000C92
int$flags                temp         000054
int_func                 intcode_body 00090C
intlevel0                text         000000
intlevel1                text         000000
intlevel2                text         000000
intlevel3                text         000000
isdigit@c                cstackCOMRAM 00002A
lcd_cmd@x                cstackCOMRAM 00002A
lcd_cmd_hf@x             cstackCOMRAM 000029
lcd_dwr@x                cstackCOMRAM 00002A
lcd_gotoxy@ADDRESS       cstackCOMRAM 00002E
lcd_gotoxy@x             cstackCOMRAM 00002D
lcd_gotoxy@y             cstackCOMRAM 00002B
lcd_msg@c                cstackCOMRAM 00002C
lcd_putc@c               cstackCOMRAM 00002B
manda@dato               cstackCOMRAM 000028
sprintf@ap               cstackCOMRAM 00003E
sprintf@c                cstackCOMRAM 000046
sprintf@f                cstackCOMRAM 000036
sprintf@flag             cstackCOMRAM 000041
sprintf@prec             cstackCOMRAM 000040
sprintf@sp               cstackCOMRAM 000034
sprintf@val              cstackCOMRAM 000042
sprintf@width            cstackCOMRAM 000044
stackhi                  (abs)        0005FF
stacklo                  (abs)        000080
start                    init         0000CA
start_initialization     cinit        000C86
wtemp6                   temp         000055


FUNCTION INFORMATION:

 *************** function _main *****************
 Defined at:
		line 90 in file "enc1.c"
 Parameters:    Size  Location     Type
		None
 Auto vars:     Size  Location     Type
		None
 Return value:  Size  Location     Type
                  1    wreg      void 
 Registers used:
		wreg, fsr0l, fsr0h, fsr2l, fsr2h, status,2, status,0, tblptrl, tblptrh, tblptru, prodl, prodh, cstack
 Tracked objects:
		On entry : 
		On exit  : 
		Unchanged: 
 Data sizes:     COMRAM   BANK0   BANK1   BANK2   BANK3   BANK4   BANK5
      Params:         0       0       0       0       0       0       0
      Locals:         0       0       0       0       0       0       0
      Temps:          2       0       0       0       0       0       0
      Totals:         2       0       0       0       0       0       0
Total ram usage:        2 bytes
 Hardware stack levels required when called:    6
 This function calls:
		_lcd_gotoxy
		_lcd_init
		_lcd_msg
		_sprintf
 This function is called by:
		Startup code after reset
 This function uses a non-reentrant model


 *************** function _sprintf *****************
 Defined at:
		line 492 in file "/opt/microchip/xc8/v1.45/sources/common/doprnt.c"
 Parameters:    Size  Location     Type
  sp              2   51[COMRAM] PTR unsigned char 
		 -> value(8), 
  f               2   53[COMRAM] PTR const unsigned char 
		 -> STR_2(4), 
 Auto vars:     Size  Location     Type
  tmpval          4    0        struct .
  cp              3    0        PTR const unsigned char 
  width           2   67[COMRAM] int 
  val             2   65[COMRAM] unsigned int 
  ap              2   61[COMRAM] PTR void [1]
		 -> ?_sprintf(2), 
  len             2    0        unsigned int 
  c               1   69[COMRAM] char 
  flag            1   64[COMRAM] unsigned char 
  prec            1   63[COMRAM] char 
 Return value:  Size  Location     Type
                  2   51[COMRAM] int 
 Registers used:
		wreg, fsr2l, fsr2h, status,2, status,0, tblptrl, tblptrh, tblptru, prodl, prodh, cstack
 Tracked objects:
		On entry : 
		On exit  : 
		Unchanged: 
 Data sizes:     COMRAM   BANK0   BANK1   BANK2   BANK3   BANK4   BANK5
      Params:         6       0       0       0       0       0       0
      Locals:         9       0       0       0       0       0       0
      Temps:          4       0       0       0       0       0       0
      Totals:        19       0       0       0       0       0       0
Total ram usage:       19 bytes
 Hardware stack levels used:    1
 Hardware stack levels required when called:    3
 This function calls:
		___lwdiv
		___lwmod
		___wmul
		_isdigit
 This function is called by:
		_main
 This function uses a non-reentrant model


 *************** function _isdigit *****************
 Defined at:
		line 8 in file "/opt/microchip/xc8/v1.45/sources/common/isdigit.c"
 Parameters:    Size  Location     Type
  c               1    wreg     unsigned char 
 Auto vars:     Size  Location     Type
  c               1   41[COMRAM] unsigned char 
 Return value:  Size  Location     Type
		None               void
 Registers used:
		wreg, status,2, status,0
 Tracked objects:
		On entry : 
		On exit  : 
		Unchanged: 
 Data sizes:     COMRAM   BANK0   BANK1   BANK2   BANK3   BANK4   BANK5
      Params:         0       0       0       0       0       0       0
      Locals:         2       0       0       0       0       0       0
      Temps:          1       0       0       0       0       0       0
      Totals:         3       0       0       0       0       0       0
Total ram usage:        3 bytes
 Hardware stack levels used:    1
 Hardware stack levels required when called:    2
 This function calls:
		Nothing
 This function is called by:
		_sprintf
 This function uses a non-reentrant model


 *************** function ___wmul *****************
 Defined at:
		line 15 in file "/opt/microchip/xc8/v1.45/sources/common/Umul16.c"
 Parameters:    Size  Location     Type
  multiplier      2   39[COMRAM] unsigned int 
  multiplicand    2   41[COMRAM] unsigned int 
 Auto vars:     Size  Location     Type
  product         2   43[COMRAM] unsigned int 
 Return value:  Size  Location     Type
                  2   39[COMRAM] unsigned int 
 Registers used:
		wreg, status,2, status,0, prodl, prodh
 Tracked objects:
		On entry : 
		On exit  : 
		Unchanged: 
 Data sizes:     COMRAM   BANK0   BANK1   BANK2   BANK3   BANK4   BANK5
      Params:         4       0       0       0       0       0       0
      Locals:         2       0       0       0       0       0       0
      Temps:          0       0       0       0       0       0       0
      Totals:         6       0       0       0       0       0       0
Total ram usage:        6 bytes
 Hardware stack levels used:    1
 Hardware stack levels required when called:    2
 This function calls:
		Nothing
 This function is called by:
		_sprintf
 This function uses a non-reentrant model


 *************** function ___lwmod *****************
 Defined at:
		line 8 in file "/opt/microchip/xc8/v1.45/sources/common/lwmod.c"
 Parameters:    Size  Location     Type
  dividend        2   46[COMRAM] unsigned int 
  divisor         2   48[COMRAM] unsigned int 
 Auto vars:     Size  Location     Type
  counter         1   50[COMRAM] unsigned char 
 Return value:  Size  Location     Type
                  2   46[COMRAM] unsigned int 
 Registers used:
		wreg, status,2, status,0
 Tracked objects:
		On entry : 
		On exit  : 
		Unchanged: 
 Data sizes:     COMRAM   BANK0   BANK1   BANK2   BANK3   BANK4   BANK5
      Params:         4       0       0       0       0       0       0
      Locals:         1       0       0       0       0       0       0
      Temps:          0       0       0       0       0       0       0
      Totals:         5       0       0       0       0       0       0
Total ram usage:        5 bytes
 Hardware stack levels used:    1
 Hardware stack levels required when called:    2
 This function calls:
		Nothing
 This function is called by:
		_sprintf
 This function uses a non-reentrant model


 *************** function ___lwdiv *****************
 Defined at:
		line 8 in file "/opt/microchip/xc8/v1.45/sources/common/lwdiv.c"
 Parameters:    Size  Location     Type
  dividend        2   39[COMRAM] unsigned int 
  divisor         2   41[COMRAM] unsigned int 
 Auto vars:     Size  Location     Type
  quotient        2   43[COMRAM] unsigned int 
  counter         1   45[COMRAM] unsigned char 
 Return value:  Size  Location     Type
                  2   39[COMRAM] unsigned int 
 Registers used:
		wreg, status,2, status,0
 Tracked objects:
		On entry : 
		On exit  : 
		Unchanged: 
 Data sizes:     COMRAM   BANK0   BANK1   BANK2   BANK3   BANK4   BANK5
      Params:         4       0       0       0       0       0       0
      Locals:         3       0       0       0       0       0       0
      Temps:          0       0       0       0       0       0       0
      Totals:         7       0       0       0       0       0       0
Total ram usage:        7 bytes
 Hardware stack levels used:    1
 Hardware stack levels required when called:    2
 This function calls:
		Nothing
 This function is called by:
		_sprintf
 This function uses a non-reentrant model


 *************** function _lcd_msg *****************
 Defined at:
		line 99 in file "../MyLibs/lcd4a.c"
 Parameters:    Size  Location     Type
  c               2   43[COMRAM] PTR unsigned char 
		 -> value(8), STR_1(16), 
 Auto vars:     Size  Location     Type
		None
 Return value:  Size  Location     Type
                  1    wreg      void 
 Registers used:
		wreg, fsr0l, fsr0h, status,2, status,0, tblptrl, tblptrh, tblptru, cstack
 Tracked objects:
		On entry : 
		On exit  : 
		Unchanged: 
 Data sizes:     COMRAM   BANK0   BANK1   BANK2   BANK3   BANK4   BANK5
      Params:         2       0       0       0       0       0       0
      Locals:         0       0       0       0       0       0       0
      Temps:          0       0       0       0       0       0       0
      Totals:         2       0       0       0       0       0       0
Total ram usage:        2 bytes
 Hardware stack levels used:    1
 Hardware stack levels required when called:    5
 This function calls:
		_lcd_putc
 This function is called by:
		_main
 This function uses a non-reentrant model


 *************** function _lcd_putc *****************
 Defined at:
		line 64 in file "../MyLibs/lcd4a.c"
 Parameters:    Size  Location     Type
  c               1    wreg     unsigned char 
 Auto vars:     Size  Location     Type
  c               1   42[COMRAM] unsigned char 
 Return value:  Size  Location     Type
                  1    wreg      void 
 Registers used:
		wreg, status,2, status,0, cstack
 Tracked objects:
		On entry : 
		On exit  : 
		Unchanged: 
 Data sizes:     COMRAM   BANK0   BANK1   BANK2   BANK3   BANK4   BANK5
      Params:         0       0       0       0       0       0       0
      Locals:         1       0       0       0       0       0       0
      Temps:          0       0       0       0       0       0       0
      Totals:         1       0       0       0       0       0       0
Total ram usage:        1 bytes
 Hardware stack levels used:    1
 Hardware stack levels required when called:    4
 This function calls:
		_lcd_cmd
		_lcd_dwr
 This function is called by:
		_lcd_msg
 This function uses a non-reentrant model


 *************** function _lcd_dwr *****************
 Defined at:
		line 84 in file "../MyLibs/lcd4a.c"
 Parameters:    Size  Location     Type
  x               1    wreg     unsigned char 
 Auto vars:     Size  Location     Type
  x               1   41[COMRAM] unsigned char 
 Return value:  Size  Location     Type
                  1    wreg      void 
 Registers used:
		wreg, status,2, status,0, cstack
 Tracked objects:
		On entry : 
		On exit  : 
		Unchanged: 
 Data sizes:     COMRAM   BANK0   BANK1   BANK2   BANK3   BANK4   BANK5
      Params:         0       0       0       0       0       0       0
      Locals:         1       0       0       0       0       0       0
      Temps:          1       0       0       0       0       0       0
      Totals:         2       0       0       0       0       0       0
Total ram usage:        2 bytes
 Hardware stack levels used:    1
 Hardware stack levels required when called:    3
 This function calls:
		_lcd_lat
		_manda
 This function is called by:
		_lcd_putc
 This function uses a non-reentrant model


 *************** function _lcd_init *****************
 Defined at:
		line 133 in file "../MyLibs/lcd4a.c"
 Parameters:    Size  Location     Type
		None
 Auto vars:     Size  Location     Type
		None
 Return value:  Size  Location     Type
                  1    wreg      void 
 Registers used:
		wreg, status,2, status,0, cstack
 Tracked objects:
		On entry : 
		On exit  : 
		Unchanged: 
 Data sizes:     COMRAM   BANK0   BANK1   BANK2   BANK3   BANK4   BANK5
      Params:         0       0       0       0       0       0       0
      Locals:         0       0       0       0       0       0       0
      Temps:          1       0       0       0       0       0       0
      Totals:         1       0       0       0       0       0       0
Total ram usage:        1 bytes
 Hardware stack levels used:    1
 Hardware stack levels required when called:    4
 This function calls:
		_lcd_cmd
		_lcd_cmd_hf
 This function is called by:
		_main
 This function uses a non-reentrant model


 *************** function _lcd_cmd_hf *****************
 Defined at:
		line 54 in file "../MyLibs/lcd4a.c"
 Parameters:    Size  Location     Type
  x               1    wreg     unsigned char 
 Auto vars:     Size  Location     Type
  x               1   40[COMRAM] unsigned char 
 Return value:  Size  Location     Type
                  1    wreg      void 
 Registers used:
		wreg, status,2, status,0, cstack
 Tracked objects:
		On entry : 
		On exit  : 
		Unchanged: 
 Data sizes:     COMRAM   BANK0   BANK1   BANK2   BANK3   BANK4   BANK5
      Params:         0       0       0       0       0       0       0
      Locals:         1       0       0       0       0       0       0
      Temps:          0       0       0       0       0       0       0
      Totals:         1       0       0       0       0       0       0
Total ram usage:        1 bytes
 Hardware stack levels used:    1
 Hardware stack levels required when called:    3
 This function calls:
		_lcd_lat
		_manda
 This function is called by:
		_lcd_init
 This function uses a non-reentrant model


 *************** function _lcd_gotoxy *****************
 Defined at:
		line 112 in file "../MyLibs/lcd4a.c"
 Parameters:    Size  Location     Type
  x               1    wreg     unsigned char 
  y               1   42[COMRAM] unsigned char 
 Auto vars:     Size  Location     Type
  x               1   44[COMRAM] unsigned char 
  ADDRESS         1   45[COMRAM] unsigned char 
 Return value:  Size  Location     Type
                  1    wreg      void 
 Registers used:
		wreg, status,2, status,0, cstack
 Tracked objects:
		On entry : 
		On exit  : 
		Unchanged: 
 Data sizes:     COMRAM   BANK0   BANK1   BANK2   BANK3   BANK4   BANK5
      Params:         1       0       0       0       0       0       0
      Locals:         2       0       0       0       0       0       0
      Temps:          1       0       0       0       0       0       0
      Totals:         4       0       0       0       0       0       0
Total ram usage:        4 bytes
 Hardware stack levels used:    1
 Hardware stack levels required when called:    4
 This function calls:
		_lcd_cmd
 This function is called by:
		_main
 This function uses a non-reentrant model


 *************** function _lcd_cmd *****************
 Defined at:
		line 38 in file "../MyLibs/lcd4a.c"
 Parameters:    Size  Location     Type
  x               1    wreg     unsigned char 
 Auto vars:     Size  Location     Type
  x               1   41[COMRAM] unsigned char 
 Return value:  Size  Location     Type
                  1    wreg      void 
 Registers used:
		wreg, status,2, status,0, cstack
 Tracked objects:
		On entry : 
		On exit  : 
		Unchanged: 
 Data sizes:     COMRAM   BANK0   BANK1   BANK2   BANK3   BANK4   BANK5
      Params:         0       0       0       0       0       0       0
      Locals:         1       0       0       0       0       0       0
      Temps:          1       0       0       0       0       0       0
      Totals:         2       0       0       0       0       0       0
Total ram usage:        2 bytes
 Hardware stack levels used:    1
 Hardware stack levels required when called:    3
 This function calls:
		_lcd_lat
		_manda
 This function is called by:
		_lcd_putc
		_lcd_gotoxy
		_lcd_init
		_lcd_setcursor_vb
 This function uses a non-reentrant model


 *************** function _manda *****************
 Defined at:
		line 171 in file "../MyLibs/lcd4a.c"
 Parameters:    Size  Location     Type
  dato            1    wreg     unsigned char 
 Auto vars:     Size  Location     Type
  dato            1   39[COMRAM] unsigned char 
 Return value:  Size  Location     Type
                  1    wreg      void 
 Registers used:
		wreg, status,2, status,0
 Tracked objects:
		On entry : 
		On exit  : 
		Unchanged: 
 Data sizes:     COMRAM   BANK0   BANK1   BANK2   BANK3   BANK4   BANK5
      Params:         0       0       0       0       0       0       0
      Locals:         1       0       0       0       0       0       0
      Temps:          0       0       0       0       0       0       0
      Totals:         1       0       0       0       0       0       0
Total ram usage:        1 bytes
 Hardware stack levels used:    1
 Hardware stack levels required when called:    2
 This function calls:
		Nothing
 This function is called by:
		_lcd_cmd
		_lcd_cmd_hf
		_lcd_dwr
 This function uses a non-reentrant model


 *************** function _lcd_lat *****************
 Defined at:
		line 27 in file "../MyLibs/lcd4a.c"
 Parameters:    Size  Location     Type
		None
 Auto vars:     Size  Location     Type
		None
 Return value:  Size  Location     Type
                  1    wreg      void 
 Registers used:
		wreg, status,2, status,0
 Tracked objects:
		On entry : 
		On exit  : 
		Unchanged: 
 Data sizes:     COMRAM   BANK0   BANK1   BANK2   BANK3   BANK4   BANK5
      Params:         0       0       0       0       0       0       0
      Locals:         0       0       0       0       0       0       0
      Temps:          1       0       0       0       0       0       0
      Totals:         1       0       0       0       0       0       0
Total ram usage:        1 bytes
 Hardware stack levels used:    1
 Hardware stack levels required when called:    2
 This function calls:
		Nothing
 This function is called by:
		_lcd_cmd
		_lcd_cmd_hf
		_lcd_dwr
 This function uses a non-reentrant model


 *************** function _low_isr *****************
 Defined at:
		line 62 in file "enc1.c"
 Parameters:    Size  Location     Type
		None
 Auto vars:     Size  Location     Type
		None
 Return value:  Size  Location     Type
                  1    wreg      void 
 Registers used:
		None
 Tracked objects:
		On entry : 
		On exit  : 
		Unchanged: 
 Data sizes:     COMRAM   BANK0   BANK1   BANK2   BANK3   BANK4   BANK5
      Params:         0       0       0       0       0       0       0
      Locals:         0       0       0       0       0       0       0
      Temps:         21       0       0       0       0       0       0
      Totals:        21       0       0       0       0       0       0
Total ram usage:       21 bytes
 Hardware stack levels used:    1
 Hardware stack levels required when called:    1
 This function calls:
		Nothing
 This function is called by:
		Interrupt level 1
 This function uses a non-reentrant model


 *************** function _high_isr *****************
 Defined at:
		line 74 in file "enc1.c"
 Parameters:    Size  Location     Type
		None
 Auto vars:     Size  Location     Type
		None
 Return value:  Size  Location     Type
                  1    wreg      void 
 Registers used:
		status,2, status,0
 Tracked objects:
		On entry : 
		On exit  : 
		Unchanged: 
 Data sizes:     COMRAM   BANK0   BANK1   BANK2   BANK3   BANK4   BANK5
      Params:         0       0       0       0       0       0       0
      Locals:         0       0       0       0       0       0       0
      Temps:         18       0       0       0       0       0       0
      Totals:        18       0       0       0       0       0       0
Total ram usage:       18 bytes
 Hardware stack levels used:    1
 This function calls:
		Nothing
 This function is called by:
		Interrupt level 2
 This function uses a non-reentrant model



MODULE INFORMATION

Module		Function		Class		Link	Load	Size
/opt/microchip/xc8/v1.45/sources/common/lwmod.c
		___lwmod       		CODE           	0B66	0000	67

/opt/microchip/xc8/v1.45/sources/common/lwmod.c estimated size: 67

/opt/microchip/xc8/v1.45/sources/common/isdigit.c
		_isdigit       		CODE           	0C68	0000	31

/opt/microchip/xc8/v1.45/sources/common/isdigit.c estimated size: 31

shared
		_dpowers       		SMALLCONST     	0601	0000	11
		__initialization		CODE           	0C86	0000	13

shared estimated size: 24

../MyLibs/lcd4a.c
		_lcd_putc      		CODE           	0BA8	0000	59
		_lcd_cmd       		CODE           	0AD6	0000	75
		_lcd_cmd_hf    		CODE           	0CA0	0000	27
		_manda         		CODE           	0C16	0000	45
		_lcd_dwr       		CODE           	0B20	0000	71
		_lcd_gotoxy    		CODE           	0BE2	0000	53
		_lcd_lat       		CODE           	0CBA	0000	21
		_lcd_init      		CODE           	0854	0000	185
		_lcd_msg       		CODE           	0A84	0000	83

../MyLibs/lcd4a.c estimated size: 619

/opt/microchip/xc8/v1.45/sources/common/lwdiv.c
		___lwdiv       		CODE           	0A32	0000	83

/opt/microchip/xc8/v1.45/sources/common/lwdiv.c estimated size: 83

/opt/microchip/xc8/v1.45/sources/common/doprnt.c
		_sprintf       		CODE           	0620	0000	565

/opt/microchip/xc8/v1.45/sources/common/doprnt.c estimated size: 565

enc1.c
		_main          		CODE           	09AC	0000	135
		_high_isr      		CODE           	0008	0000	167
		_low_isr       		CODE           	0018	0000	179

enc1.c estimated size: 481

/opt/microchip/xc8/v1.45/sources/common/Umul16.c
		___wmul        		CODE           	0C42	0000	39

/opt/microchip/xc8/v1.45/sources/common/Umul16.c estimated size: 39

