gpasm-1.4.2 #1169 (Jun 26 2016)    prueba.asm   12-3-2017  01:59:01         PAGE  1


LOC    OBJECT CODE    LINE  SOURCE TEXT
  VALUE

                      00001 ; -----------------------------------------------------------------------
                      00002 ; Plantilla generada por Piklab
                      00003     #include <p16f84a.inc>
                      00001         LIST
                      00002 
                      00003 ;==========================================================================
                      00004 ; Build date : Oct 21 2015
                      00005 ;  MPASM PIC16F84A processor include
                      00006 ; 
                      00007 ;  (c) Copyright 1999-2015 Microchip Technology, All rights reserved
                      00008 ;==========================================================================
                      00009 
                      00209         LIST
                      00004 
                      00005 ; -----------------------------------------------------------------------
                      00006 ; Bits de configuración: adapte los parámetros a su necesidad
                      00007 ;    __CONFIG _RC_OSC & _WDT_ON & _PWRTE_OFF & _CP_OFF
2007   0000           00008     __CONFIG _HS_OSC & _WDT_OFF & _PWRTE_OFF & _CP_OFF    
                      00009 
                      00010 ; -----------------------------------------------------------------------
                      00011 ; Declaración de variables
                      00012 INT_VAR UDATA 0x0C
000C                  00013 w_saved      RES 1 ; variable utilizada para guardar contexto
000D                  00014 status_saved RES 1 ; variable utilizada para guardar contexto
                      00015 
000E                  00016 var1         RES 1 ; variable de ejemplo
                      00017 
                      00018 ; -----------------------------------------------------------------------
                      00019 ; reiniciar vector
                      00020 STARTUP CODE 0x000
0000   0000           00021     nop                    ; requerido para el depurado ICD2
0001   30??           00022     movlw   high start     ; cargar el byte superior de la etiqueta «start»
0002   008A           00023     movwf   PCLATH         ; inicializar PCLATH
0003   2???           00024     goto    start          ; ir al inicio del código principal
                      00025 
                      00026 ; vector de interrupciones
                      00027 INT_VECTOR CODE 0x004
0004   2???           00028     goto    interrupt      ; ir al inicio del código de interrupción
                      00029 
                      00030 ; código reubicable
                      00031 PROG CODE
0000                  00032 interrupt
0000   00??           00033     movwf   w_saved        ; guardar contexto
0001   0E03           00034     swapf   STATUS,w
0002   00??           00035     movwf   status_saved
                      00036     ; << agregue el código de interrupción >>
0003   0E??           00037     swapf   status_saved,w ; restaurar contexto
0004   0083           00038     movwf   STATUS
0005   0E??           00039     swapf   w_saved,f
0006   0E??           00040     swapf   w_saved,w
0007   0009           00041     retfie
                      00042 
0008                  00043 start
gpasm-1.4.2 #1169 (Jun 26 2016)    prueba.asm   12-3-2017  01:59:01         PAGE  2


LOC    OBJECT CODE    LINE  SOURCE TEXT
  VALUE

                      00044     ; << agregue el código principal >>
Error[113]  : Symbol not previously defined: "retraso_0_01_seg"
0008   2000           00045     call retraso_0_01_seg
0009   2???           00046     goto    $              ; bucle infinito
                      00047 
                      00048     END
gpasm-1.4.2 #1169 (Jun 26 2016)    prueba.asm   12-3-2017  01:59:01         PAGE  3


SYMBOL TABLE
  LABEL                             VALUE

C                                 00000000
DC                                00000001
EEADR                             00000009
EECON1                            00000088
EECON2                            00000089
EEDATA                            00000008
EEIE                              00000006
EEIF                              00000004
F                                 00000001
FSR                               00000004
GIE                               00000007
INDF                              00000000
INTCON                            0000000B
INTE                              00000004
INTEDG                            00000006
INTF                              00000001
IRP                               00000007
NOT_PD                            00000003
NOT_RBPU                          00000007
NOT_TO                            00000004
OPTION_REG                        00000081
PCL                               00000002
PCLATH                            0000000A
PORTA                             00000005
PORTB                             00000006
PS0                               00000000
PS1                               00000001
PS2                               00000002
PSA                               00000003
RA0                               00000000
RA1                               00000001
RA2                               00000002
RA3                               00000003
RA4                               00000004
RB0                               00000000
RB1                               00000001
RB2                               00000002
RB3                               00000003
RB4                               00000004
RB5                               00000005
RB6                               00000006
RB7                               00000007
RBIE                              00000003
RBIF                              00000000
RD                                00000000
RP0                               00000005
RP1                               00000006
STATUS                            00000003
T0CS                              00000005
T0IE                              00000005
T0IF                              00000002
T0SE                              00000004
TMR0                              00000001
gpasm-1.4.2 #1169 (Jun 26 2016)    prueba.asm   12-3-2017  01:59:01         PAGE  4


SYMBOL TABLE
  LABEL                             VALUE 

TMR0IE                            00000005
TMR0IF                            00000002
TRISA                             00000085
TRISA0                            00000000
TRISA1                            00000001
TRISA2                            00000002
TRISA3                            00000003
TRISA4                            00000004
TRISB                             00000086
TRISB0                            00000000
TRISB1                            00000001
TRISB2                            00000002
TRISB3                            00000003
TRISB4                            00000004
TRISB5                            00000005
TRISB6                            00000006
TRISB7                            00000007
W                                 00000000
WR                                00000001
WREN                              00000002
WRERR                             00000003
Z                                 00000002
_CONFIG                           00002007
_CP_OFF                           00003FFF
_CP_ON                            0000000F
_DEVID1                           00002006
_FOSC_EXTRC                       00003FFF
_FOSC_HS                          00003FFE
_FOSC_LP                          00003FFC
_FOSC_XT                          00003FFD
_HS_OSC                           00003FFE
_IDLOC0                           00002000
_IDLOC1                           00002001
_IDLOC2                           00002002
_IDLOC3                           00002003
_LP_OSC                           00003FFC
_PROG_0009                        00000009
_PWRTE_OFF                        00003FFF
_PWRTE_ON                         00003FF7
_RC_OSC                           00003FFF
_WDTE_OFF                         00003FFB
_WDTE_ON                          00003FFF
_WDT_OFF                          00003FFB
_WDT_ON                           00003FFF
_XT_OSC                           00003FFD
__16F84A                          00000001
__CODE_END                        000003FF
__CODE_START                      00000000
__COMMON_RAM_END                  0000004F
__COMMON_RAM_START                0000000C
__CONFIG_END                      00002007
__CONFIG_START                    00002007
__EEPROM_END                      0000213F
gpasm-1.4.2 #1169 (Jun 26 2016)    prueba.asm   12-3-2017  01:59:01         PAGE  5


SYMBOL TABLE
  LABEL                             VALUE 

__EEPROM_START                    00002100
__IDLOCS_END                      00002003
__IDLOCS_START                    00002000
__VECTOR_INT                      00000004
__VECTOR_RESET                    00000000
interrupt                         00000000
start                             00000008
status_saved                      0000000D
var1                              0000000E
w_saved                           0000000C

Errors   :     1
Warnings :     0 reported,     0 suppressed
Messages :     0 reported,     0 suppressed

