Microchip MPLAB XC8 Compiler V1.44 ()

Linker command line:

-W-3 --edf=/opt/microchip/xc8/v1.44/dat/en_msgs.txt -cs \
  -h+dist/default/production/Teclado_3.X.production.sym \
  --cmf=dist/default/production/Teclado_3.X.production.cmf -z -Q18F45K50 \
  -o/tmp/xcXEnJcFr -Mdist/default/production/Teclado_3.X.production.map -E1 \
  -ver=XC8 -ASTACK=060h-07ffh -pstack=STACK -ACODE=00h-07FFFh \
  -ACONST=00h-07FFFh -ASMALLCONST=0800h-08FFhx120 \
  -AMEDIUMCONST=0800h-07FFFh -ACOMRAM=01h-05Fh -AABS1=00h-07FFh \
  -ABIGRAM=01h-07FFh -ARAM=060h-0FFh,0100h-01FFhx7 -ABANK0=060h-0FFh \
  -ABANK1=0100h-01FFh -ABANK2=0200h-02FFh -ABANK3=0300h-03FFh \
  -ABANK4=0400h-04FFh -ABANK5=0500h-05FFh -ABANK6=0600h-06FFh \
  -ABANK7=0700h-07FFh -ASFR=0F53h-0F5Fh,0F60h-0FFFh \
  -preset_vec=00h,intcode,intcodelo,powerup,init -pramtop=0800h \
  -psmallconst=SMALLCONST -pmediumconst=MEDIUMCONST -pconst=CONST \
  -AFARRAM=00h-00h -ACONFIG=0300000h-030000Dh -pconfig=CONFIG \
  -AIDLOC=0200000h-0200007h -pidloc=IDLOC -AEEDATA=0F00000h-0F000FFh \
  -peeprom_data=EEDATA \
  -prdata=COMRAM,nvrram=COMRAM,nvbit=COMRAM,rbss=COMRAM,rbit=COMRAM \
  -pfarbss=FARRAM,fardata=FARRAM,nvFARRAM=FARRAM \
  -pintsave_regs=BIGRAM,bigbss=BIGRAM,bigdata=BIGRAM -pbss=RAM \
  -pidata=CODE,irdata=CODE,ibigdata=CODE,ifardata=CODE -prparam=COMRAM \
  /tmp/xcXWtLrhV.obj dist/default/production/Teclado_3.X.production.obj 

Object code version is 3.11

Machine type is 18F45K50

Call graph: (short form)




                Name                               Link     Load   Length Selector   Space Scale
/tmp/xcXWtLrhV.obj
                init                                  0        0        4        0       0
                idloc                            200000   200000        8   200000       0
                config                           300000   300000        E   300000       0
dist/default/production/Teclado_3.X.production.obj
                text3                              7E74     7E74       96     3F3A       0
                text2                              7E20     7E20       54     3F10       0
                text1                              7DCE     7DCE       52     3EE7       0
                text0                              7F0A     7F0A       F6     3F85       0
                cstackCOMRAM                          1        1       13        1       1
                cinit                              7DC4     7DC4        A     3EE2       0

TOTAL           Name                               Link     Load   Length     Space
        CLASS   STACK          

        CLASS   CODE           
                init                                  0        0        4         0
                text3                              7E74     7E74       96         0
                text2                              7E20     7E20       54         0
                text1                              7DCE     7DCE       52         0
                text0                              7F0A     7F0A       F6         0
                cinit                              7DC4     7DC4        A         0

        CLASS   CONST          

        CLASS   SMALLCONST     

        CLASS   MEDIUMCONST    

        CLASS   COMRAM         
                cstackCOMRAM                          1        1       13         1

        CLASS   ABS1           

        CLASS   BIGRAM         

        CLASS   RAM            

        CLASS   BANK0          

        CLASS   BANK1          

        CLASS   BANK2          

        CLASS   BANK3          

        CLASS   BANK4          

        CLASS   BANK5          

        CLASS   BANK6          

        CLASS   BANK7          

        CLASS   SFR            

        CLASS   FARRAM         

        CLASS   CONFIG         
                config                           300000   300000        E         0

        CLASS   IDLOC          
                idloc                            200000   200000        8         0

        CLASS   EEDATA         



SEGMENTS        Name                           Load    Length   Top    Selector   Space  Class

                reset_vec                      000000  000004  000004         0       0  CODE    
                cstackCOMRAM                   000001  000013  000014         1       1  COMRAM  
                cinit                          007DC4  00000A  007DCE      3EE2       0  CODE    
                text1                          007DCE  000052  007E20      3EE7       0  CODE    
                text2                          007E20  000054  007E74      3F10       0  CODE    
                text3                          007E74  000096  007F0A      3F3A       0  CODE    
                text0                          007F0A  0000F6  008000      3F85       0  CODE    
                idloc                          200000  000008  200008    200000       0  IDLOC   
                config                         300000  00000E  30000E    300000       0  CONFIG  


UNUSED ADDRESS RANGES

        Name                Unused          Largest block    Delta
        BANK0            000060-0000FF               A0
        BANK1            000100-0001FF              100
        BANK2            000200-0002FF              100
        BANK3            000300-0003FF              100
        BANK4            000400-0004FF              100
        BANK5            000500-0005FF              100
        BANK6            000600-0006FF              100
        BANK7            000700-0007FF              100
        BIGRAM           000014-0007FF              7EC
        CODE             000004-007DC3             7DC0
        COMRAM           000014-00005F               4C
        CONST            000004-007DC3             7DC0
        EEDATA           F00000-F000FF              100
        MEDIUMCONST      000800-007DC3             75C4
        RAM              000060-0007FF              100
        SFR              000F53-000FFF                D
        SMALLCONST       000800-007DC3              100
        STACK            000060-0007FF              7A0

                                  Symbol Table

_LATCbits                (abs)        000F8B
_LATDbits                (abs)        000F8C
_PORTA                   (abs)        000F80
_TRISCbits               (abs)        000F94
_TRISDbits               (abs)        000F95
__CFG_BOREN$OFF          (abs)        000000
__CFG_BORV$190           (abs)        000000
__CFG_CCP2MX$RC1         (abs)        000000
__CFG_CFGPLLEN$OFF       (abs)        000000
__CFG_CP0$OFF            (abs)        000000
__CFG_CP1$OFF            (abs)        000000
__CFG_CP2$OFF            (abs)        000000
__CFG_CP3$OFF            (abs)        000000
__CFG_CPB$OFF            (abs)        000000
__CFG_CPD$OFF            (abs)        000000
__CFG_CPUDIV$NOCLKDIV    (abs)        000000
__CFG_EBTR0$OFF          (abs)        000000
__CFG_EBTR1$OFF          (abs)        000000
__CFG_EBTR2$OFF          (abs)        000000
__CFG_EBTR3$OFF          (abs)        000000
__CFG_EBTRB$OFF          (abs)        000000
__CFG_FCMEN$OFF          (abs)        000000
__CFG_FOSC$XT            (abs)        000000
__CFG_ICPRT$OFF          (abs)        000000
__CFG_IESO$OFF           (abs)        000000
__CFG_LS48MHZ$SYS24X4    (abs)        000000
__CFG_LVP$ON             (abs)        000000
__CFG_MCLRE$ON           (abs)        000000
__CFG_PBADEN$OFF         (abs)        000000
__CFG_PCLKEN$ON          (abs)        000000
__CFG_PLLSEL$PLL4X       (abs)        000000
__CFG_SDOMX$RB3          (abs)        000000
__CFG_STVREN$ON          (abs)        000000
__CFG_T3CMX$RC0          (abs)        000000
__CFG_WDTEN$OFF          (abs)        000000
__CFG_WDTPS$32768        (abs)        000000
__CFG_WRT0$OFF           (abs)        000000
__CFG_WRT1$OFF           (abs)        000000
__CFG_WRT2$OFF           (abs)        000000
__CFG_WRT3$OFF           (abs)        000000
__CFG_WRTB$OFF           (abs)        000000
__CFG_WRTC$OFF           (abs)        000000
__CFG_WRTD$OFF           (abs)        000000
__CFG_XINST$OFF          (abs)        000000
__CFG_nLPBOR$OFF         (abs)        000000
__CFG_nPWRTEN$ON         (abs)        000000
__HRAM                   (abs)        000000
__Habs1                  abs1         000000
__Hbank0                 bank0        000000
__Hbank1                 bank1        000000
__Hbank2                 bank2        000000
__Hbank3                 bank3        000000
__Hbank4                 bank4        000000
__Hbank5                 bank5        000000
__Hbank6                 bank6        000000
__Hbank7                 bank7        000000
__Hbigbss                bigbss       000000
__Hbigdata               bigdata      000000
__Hbigram                bigram       000000
__Hbss                   bss          000000
__Hcinit                 cinit        000000
__Hclrtext               clrtext      000000
__Hcomram                comram       000000
__Hconfig                config       30000E
__Hconst                 const        000000
__HcstackCOMRAM          cstackCOMRAM 000000
__Hdata                  data         000000
__Heeprom_data           eeprom_data  000000
__Hfarbss                farbss       000000
__Hfardata               fardata      000000
__Hibigdata              ibigdata     000000
__Hidata                 idata        000000
__Hidloc                 idloc        200008
__Hifardata              ifardata     000000
__Hinit                  init         000004
__Hintcode               intcode      000000
__Hintcode_body          intcode_body 000000
__Hintcodelo             intcodelo    000000
__Hintentry              intentry     000000
__Hintret                intret       000000
__Hintsave_regs          intsave_regs 000000
__Hirdata                irdata       000000
__Hmediumconst           mediumconst  000000
__HnvFARRAM              nvFARRAM     000000
__Hnvbit                 nvbit        000000
__Hnvrram                nvrram       000000
__Hparam                 rparam       000000
__Hpowerup               powerup      000000
__Hram                   ram          000000
__Hramtop                ramtop       000800
__Hrbit                  rbit         000000
__Hrbss                  rbss         000000
__Hrdata                 rdata        000000
__Hreset_vec             reset_vec    000000
__Hrparam                rparam       000000
__Hsfr                   sfr          000000
__Hsmallconst            smallconst   000000
__Hspace_0               (abs)        30000E
__Hspace_1               (abs)        000014
__Hspace_2               (abs)        000000
__Hstack                 stack        000000
__Hstruct                struct       000000
__Htemp                  temp         000000
__Htext                  text         000000
__Htext0                 text0        000000
__Htext1                 text1        000000
__Htext2                 text2        000000
__Htext3                 text3        000000
__LRAM                   (abs)        000001
__Labs1                  abs1         000000
__Lbank0                 bank0        000000
__Lbank1                 bank1        000000
__Lbank2                 bank2        000000
__Lbank3                 bank3        000000
__Lbank4                 bank4        000000
__Lbank5                 bank5        000000
__Lbank6                 bank6        000000
__Lbank7                 bank7        000000
__Lbigbss                bigbss       000000
__Lbigdata               bigdata      000000
__Lbigram                bigram       000000
__Lbss                   bss          000000
__Lcinit                 cinit        000000
__Lclrtext               clrtext      000000
__Lcomram                comram       000000
__Lconfig                config       300000
__Lconst                 const        000000
__LcstackCOMRAM          cstackCOMRAM 000000
__Ldata                  data         000000
__Leeprom_data           eeprom_data  000000
__Lfarbss                farbss       000000
__Lfardata               fardata      000000
__Libigdata              ibigdata     000000
__Lidata                 idata        000000
__Lidloc                 idloc        200000
__Lifardata              ifardata     000000
__Linit                  init         000000
__Lintcode               intcode      000000
__Lintcode_body          intcode_body 000000
__Lintcodelo             intcodelo    000000
__Lintentry              intentry     000000
__Lintret                intret       000000
__Lintsave_regs          intsave_regs 000000
__Lirdata                irdata       000000
__Lmediumconst           mediumconst  000000
__LnvFARRAM              nvFARRAM     000000
__Lnvbit                 nvbit        000000
__Lnvrram                nvrram       000000
__Lparam                 rparam       000000
__Lpowerup               powerup      000000
__Lram                   ram          000000
__Lramtop                ramtop       000800
__Lrbit                  rbit         000000
__Lrbss                  rbss         000000
__Lrdata                 rdata        000000
__Lreset_vec             reset_vec    000000
__Lrparam                rparam       000000
__Lsfr                   sfr          000000
__Lsmallconst            smallconst   000000
__Lspace_0               (abs)        000000
__Lspace_1               (abs)        000000
__Lspace_2               (abs)        000000
__Lstack                 stack        000000
__Lstruct                struct       000000
__Ltemp                  temp         000000
__Ltext                  text         000000
__Ltext0                 text0        000000
__Ltext1                 text1        000000
__Ltext2                 text2        000000
__Ltext3                 text3        000000
__S0                     (abs)        30000E
__S1                     (abs)        000014
__S2                     (abs)        000000
___inthi_sp              stack        000000
___intlo_sp              stack        000000
___param_bank            (abs)        000000
___rparam_used           (abs)        000001
___sp                    stack        000000
__accesstop              (abs)        000060
__activetblptr           (abs)        000002
__end_of__initialization cinit        007DC4
__end_of_bin2dec         text3        007F0A
__end_of_display         text2        007E74
__end_of_main            text0        008000
__end_of_rota            text1        007E20
__initialization         cinit        007DC4
__mediumconst            mediumconst  000000
__pcinit                 cinit        007DC4
__pcstackCOMRAM          cstackCOMRAM 000001
__ptext0                 text0        007F0A
__ptext1                 text1        007DCE
__ptext2                 text2        007E20
__ptext3                 text3        007E74
__ramtop                 ramtop       000800
__size_of_bin2dec        (abs)        000000
__size_of_display        (abs)        000000
__size_of_main           (abs)        000000
__size_of_rota           (abs)        000000
__smallconst             smallconst   000000
_bin2dec                 text3        007E74
_display                 text2        007E20
_main                    text0        007F0A
_rota                    text1        007DCE
bin2dec@pc               cstackCOMRAM 000007
bin2dec@pd               cstackCOMRAM 000005
bin2dec@pu               cstackCOMRAM 000003
bin2dec@pum              cstackCOMRAM 000009
bin2dec@temp             cstackCOMRAM 00000B
bin2dec@val              cstackCOMRAM 000001
display@valor            cstackCOMRAM 000001
end_of_initialization    cinit        007DC4
intlevel0                text         000000
intlevel1                text         000000
intlevel2                text         000000
intlevel3                text         000000
main@c                   cstackCOMRAM 000012
main@d                   cstackCOMRAM 000011
main@u                   cstackCOMRAM 000010
main@um                  cstackCOMRAM 000013
main@valor               cstackCOMRAM 00000E
rota@display             cstackCOMRAM 000001
stackhi                  (abs)        0007FF
stacklo                  (abs)        000060
start                    init         000000
start_initialization     cinit        007DC4


FUNCTION INFORMATION:

 *************** function _main *****************
 Defined at:
		line 67 in file "Teclado_3.c"
 Parameters:    Size  Location     Type
		None
 Auto vars:     Size  Location     Type
  valor           2   13[COMRAM] int 
  um              1   18[COMRAM] unsigned char 
  c               1   17[COMRAM] unsigned char 
  d               1   16[COMRAM] unsigned char 
  u               1   15[COMRAM] unsigned char 
 Return value:  Size  Location     Type
                  1    wreg      void 
 Registers used:
		wreg, fsr2l, fsr2h, status,2, status,0, cstack
 Tracked objects:
		On entry : 
		On exit  : 
		Unchanged: 
 Data sizes:     COMRAM   BANK0   BANK1   BANK2   BANK3   BANK4   BANK5   BANK6   BANK7
      Params:         0       0       0       0       0       0       0       0       0
      Locals:         6       0       0       0       0       0       0       0       0
      Temps:          1       0       0       0       0       0       0       0       0
      Totals:         7       0       0       0       0       0       0       0       0
Total ram usage:        7 bytes
 Hardware stack levels required when called:    1
 This function calls:
		_bin2dec
		_display
		_rota
 This function is called by:
		Startup code after reset
 This function uses a non-reentrant model


 *************** function _rota *****************
 Defined at:
		line 162 in file "Teclado_3.c"
 Parameters:    Size  Location     Type
  display         1    wreg     unsigned char 
 Auto vars:     Size  Location     Type
  display         1    0[COMRAM] unsigned char 
 Return value:  Size  Location     Type
                  1    wreg      void 
 Registers used:
		wreg, status,2, status,0
 Tracked objects:
		On entry : 
		On exit  : 
		Unchanged: 
 Data sizes:     COMRAM   BANK0   BANK1   BANK2   BANK3   BANK4   BANK5   BANK6   BANK7
      Params:         0       0       0       0       0       0       0       0       0
      Locals:         1       0       0       0       0       0       0       0       0
      Temps:          0       0       0       0       0       0       0       0       0
      Totals:         1       0       0       0       0       0       0       0       0
Total ram usage:        1 bytes
 Hardware stack levels used:    1
 This function calls:
		Nothing
 This function is called by:
		_main
 This function uses a non-reentrant model


 *************** function _display *****************
 Defined at:
		line 135 in file "Teclado_3.c"
 Parameters:    Size  Location     Type
  valor           1    wreg     unsigned char 
 Auto vars:     Size  Location     Type
  valor           1    0[COMRAM] unsigned char 
 Return value:  Size  Location     Type
                  1    wreg      void 
 Registers used:
		wreg
 Tracked objects:
		On entry : 
		On exit  : 
		Unchanged: 
 Data sizes:     COMRAM   BANK0   BANK1   BANK2   BANK3   BANK4   BANK5   BANK6   BANK7
      Params:         0       0       0       0       0       0       0       0       0
      Locals:         1       0       0       0       0       0       0       0       0
      Temps:          0       0       0       0       0       0       0       0       0
      Totals:         1       0       0       0       0       0       0       0       0
Total ram usage:        1 bytes
 Hardware stack levels used:    1
 This function calls:
		Nothing
 This function is called by:
		_main
 This function uses a non-reentrant model


 *************** function _bin2dec *****************
 Defined at:
		line 106 in file "Teclado_3.c"
 Parameters:    Size  Location     Type
  val             2    0[COMRAM] int 
  pu              2    2[COMRAM] PTR unsigned char 
		 -> main@u(1), 
  pd              2    4[COMRAM] PTR unsigned char 
		 -> main@d(1), 
  pc              2    6[COMRAM] PTR unsigned char 
		 -> main@c(1), 
  pum             2    8[COMRAM] PTR unsigned char 
		 -> main@um(1), 
 Auto vars:     Size  Location     Type
  temp            2   10[COMRAM] int 
 Return value:  Size  Location     Type
                  1    wreg      void 
 Registers used:
		wreg, fsr2l, fsr2h, status,2, status,0
 Tracked objects:
		On entry : 
		On exit  : 
		Unchanged: 
 Data sizes:     COMRAM   BANK0   BANK1   BANK2   BANK3   BANK4   BANK5   BANK6   BANK7
      Params:        10       0       0       0       0       0       0       0       0
      Locals:         2       0       0       0       0       0       0       0       0
      Temps:          0       0       0       0       0       0       0       0       0
      Totals:        12       0       0       0       0       0       0       0       0
Total ram usage:       12 bytes
 Hardware stack levels used:    1
 This function calls:
		Nothing
 This function is called by:
		_main
 This function uses a non-reentrant model



MODULE INFORMATION

Module		Function		Class		Link	Load	Size
Teclado_3.c
		_rota          		CODE           	7DCE	0000	83
		_display       		CODE           	7E20	0000	85
		_main          		CODE           	7F0A	0000	247
		_bin2dec       		CODE           	7E74	0000	151

Teclado_3.c estimated size: 566

shared
		__initialization		CODE           	7DC4	0000	1

shared estimated size: 1

