Microchip MPLAB XC8 Compiler V1.44 ()

Linker command line:

-W-3 --edf=/opt/microchip/xc8/v1.44/dat/en_msgs.txt -cs \
  -h+dist/default/production/adct_1.X.production.sym \
  --cmf=dist/default/production/adct_1.X.production.cmf -z -Q18F4520 \
  -o/tmp/xcXvr1Cg7 -Mdist/default/production/adct_1.X.production.map -E1 \
  -ver=XC8 -ASTACK=080h-05ffh -pstack=STACK -ACODE=00h-07FFFh \
  -ACONST=00h-07FFFh -ASMALLCONST=0600h-06FFhx122 \
  -AMEDIUMCONST=0600h-07FFFh -ACOMRAM=01h-07Fh -AABS1=00h-05FFh \
  -ABIGRAM=01h-05FFh -ARAM=080h-0FFh,0100h-01FFhx5 -ABANK0=080h-0FFh \
  -ABANK1=0100h-01FFh -ABANK2=0200h-02FFh -ABANK3=0300h-03FFh \
  -ABANK4=0400h-04FFh -ABANK5=0500h-05FFh -ASFR=0F80h-0FFFh \
  -preset_vec=00h,intcode,intcodelo,powerup,init -pramtop=0600h \
  -psmallconst=SMALLCONST -pmediumconst=MEDIUMCONST -pconst=CONST \
  -AFARRAM=00h-00h -ACONFIG=0300000h-030000Dh -pconfig=CONFIG \
  -AIDLOC=0200000h-0200007h -pidloc=IDLOC -AEEDATA=0F00000h-0F000FFh \
  -peeprom_data=EEDATA \
  -prdata=COMRAM,nvrram=COMRAM,nvbit=COMRAM,rbss=COMRAM,rbit=COMRAM \
  -pfarbss=FARRAM,fardata=FARRAM,nvFARRAM=FARRAM \
  -pintsave_regs=BIGRAM,bigbss=BIGRAM,bigdata=BIGRAM -pbss=RAM \
  -pidata=CODE,irdata=CODE,ibigdata=CODE,ifardata=CODE -prparam=COMRAM \
  /tmp/xcXgaYi3L.obj dist/default/production/adct_1.X.production.obj 

Object code version is 3.11

Machine type is 18F4520

Call graph: (short form)




                Name                               Link     Load   Length Selector   Space Scale
/tmp/xcXgaYi3L.obj
                init                                  0        0        4        0       0
                idloc                            200000   200000        8   200000       0
                config                           300000   300000        E   300000       0
dist/default/production/adct_1.X.production.obj
                smallconst                          600      600       8C      300       0
                text30                             1DEE     1DEE       AE      346       0
                text29                             1C4E     1C4E       E6      346       0
                text28                             236A     236A       24      346       0
                text27                             23DC     23DC       14      346       0
                text26                             22F4     22F4       2C      346       0
                text25                             21B6     21B6       4A      346       0
                text24                             22C0     22C0       34      346       0
                text23                             23AC     23AC       1A      346       0
                text22                             1D34     1D34       BA      346       0
                text21                             2200     2200       46      346       0
                text20                             2286     2286       3A      346       0
                text19                             2164     2164       52      346       0
                text18                             1E9C     1E9C       90      346       0
                text17                             2346     2346       24      346       0
                text16                             1554     1554      1AC      346       0
                text15                             2246     2246       40      346       0
                text14                             1B5A     1B5A       F4      346       0
                text13                             1FB0     1FB0       82      346       0
                text12                             20A2     20A2       66      346       0
                text11                             2108     2108       5C      346       0
                text10                             1832     1832      128      346       0
                text9                              1700     1700      132      346       0
                text8                              1F2C     1F2C       84      346       0
                text7                              2032     2032       70      346       0
                text6                              1A66     1A66       F4      346       0
                text5                              2320     2320       26      346       0
                text4                              1302     1302      252      346       0
                text3                              238E     238E       1E      346       0
                text2                               EFA      EFA      408      346       0
                text1                               68C      68C      86E      346       0
                text0                              195A     195A      10C      346       0
                cstackCOMRAM                          1        1       68        1       1
                bssCOMRAM                            69       69        9        1       1
                cinit                              23C6     23C6       16      346       0

TOTAL           Name                               Link     Load   Length     Space
        CLASS   STACK          

        CLASS   CODE           
                init                                  0        0        4         0
                text30                             1DEE     1DEE       AE         0
                text29                             1C4E     1C4E       E6         0
                text28                             236A     236A       24         0
                text27                             23DC     23DC       14         0
                text26                             22F4     22F4       2C         0
                text25                             21B6     21B6       4A         0
                text24                             22C0     22C0       34         0
                text23                             23AC     23AC       1A         0
                text22                             1D34     1D34       BA         0
                text21                             2200     2200       46         0
                text20                             2286     2286       3A         0
                text19                             2164     2164       52         0
                text18                             1E9C     1E9C       90         0
                text17                             2346     2346       24         0
                text16                             1554     1554      1AC         0
                text15                             2246     2246       40         0
                text14                             1B5A     1B5A       F4         0
                text13                             1FB0     1FB0       82         0
                text12                             20A2     20A2       66         0
                text11                             2108     2108       5C         0
                text10                             1832     1832      128         0
                text9                              1700     1700      132         0
                text8                              1F2C     1F2C       84         0
                text7                              2032     2032       70         0
                text6                              1A66     1A66       F4         0
                text5                              2320     2320       26         0
                text4                              1302     1302      252         0
                text3                              238E     238E       1E         0
                text2                               EFA      EFA      408         0
                text1                               68C      68C      86E         0
                text0                              195A     195A      10C         0
                cinit                              23C6     23C6       16         0

        CLASS   CONST          

        CLASS   SMALLCONST     
                smallconst                          600      600       8C         0

        CLASS   MEDIUMCONST    

        CLASS   COMRAM         
                cstackCOMRAM                          1        1       68         1
                bssCOMRAM                            69       69        9         1

        CLASS   ABS1           

        CLASS   BIGRAM         

        CLASS   RAM            

        CLASS   BANK0          

        CLASS   BANK1          

        CLASS   BANK2          

        CLASS   BANK3          

        CLASS   BANK4          

        CLASS   BANK5          

        CLASS   SFR            

        CLASS   FARRAM         

        CLASS   CONFIG         
                config                           300000   300000        E         0

        CLASS   IDLOC          
                idloc                            200000   200000        8         0

        CLASS   EEDATA         



SEGMENTS        Name                           Load    Length   Top    Selector   Space  Class

                reset_vec                      000000  000004  000004         0       0  CODE    
                cstackCOMRAM                   000001  000071  000072         1       1  COMRAM  
                smallconst                     000600  00008C  00068C       300       0  SMALLCON
                text1                          00068C  001D64  0023F0       346       0  CODE    
                idloc                          200000  000008  200008    200000       0  IDLOC   
                config                         300000  00000E  30000E    300000       0  CONFIG  


UNUSED ADDRESS RANGES

        Name                Unused          Largest block    Delta
        BANK0            000080-0000FF               80
        BANK1            000100-0001FF              100
        BANK2            000200-0002FF              100
        BANK3            000300-0003FF              100
        BANK4            000400-0004FF              100
        BANK5            000500-0005FF              100
        BIGRAM           000072-0005FF              58E
        CODE             000004-0005FF              5FC
                         0023F0-007FFF             5C10
        COMRAM           000072-00007F                E
        CONST            000004-0005FF              5FC
                         0023F0-007FFF             5C10
        EEDATA           F00000-F000FF              100
        MEDIUMCONST      0023F0-007FFF             5C10
        RAM              000080-0005FF              100
        SFR              000F80-000FFF               80
        SMALLCONST       0023F0-007FFF              100
        STACK            000080-0005FF              580

                                  Symbol Table

?___awdiv                cstackCOMRAM 000007
?___awmod                cstackCOMRAM 000001
?___ftadd                cstackCOMRAM 00002E
?___ftdiv                cstackCOMRAM 000024
?___ftmul                cstackCOMRAM 000015
?___ftneg                cstackCOMRAM 000001
?___ftpack               cstackCOMRAM 000001
?___ftsub                cstackCOMRAM 00003A
?___fttol                cstackCOMRAM 00002B
?___lldiv                cstackCOMRAM 000001
?___llmod                cstackCOMRAM 000001
?___lltoft               cstackCOMRAM 000009
?___lwtoft               cstackCOMRAM 000009
?___wmul                 cstackCOMRAM 00000F
?__div_to_l_             cstackCOMRAM 000001
?__tdiv_to_l_            cstackCOMRAM 000001
?_fround                 cstackCOMRAM 000024
?_scale                  cstackCOMRAM 000024
?_sprintf                cstackCOMRAM 000040
_ADCON0                  (abs)        000FC2
_ADCON0bits              (abs)        000FC2
_ADCON1                  (abs)        000FC1
_ADFM                    (abs)        007E07
_ADIF                    (abs)        007CF6
_ADON                    (abs)        007E10
_ADRES                   (abs)        000FC3
_PORTB                   (abs)        000F81
_PORTCbits               (abs)        000F82
_PORTD                   (abs)        000F83
_TRISA0                  (abs)        007C90
_TRISB                   (abs)        000F93
_TRISCbits               (abs)        000F94
_TRISD                   (abs)        000F95
__CFG_BOREN$OFF          (abs)        000000
__CFG_BORV$3             (abs)        000000
__CFG_CCP2MX$PORTBE      (abs)        000000
__CFG_CP0$OFF            (abs)        000000
__CFG_CP1$OFF            (abs)        000000
__CFG_CP2$OFF            (abs)        000000
__CFG_CP3$OFF            (abs)        000000
__CFG_CPB$OFF            (abs)        000000
__CFG_CPD$OFF            (abs)        000000
__CFG_EBTR0$OFF          (abs)        000000
__CFG_EBTR1$OFF          (abs)        000000
__CFG_EBTR2$OFF          (abs)        000000
__CFG_EBTR3$OFF          (abs)        000000
__CFG_EBTRB$OFF          (abs)        000000
__CFG_FCMEN$OFF          (abs)        000000
__CFG_IESO$OFF           (abs)        000000
__CFG_LPT1OSC$OFF        (abs)        000000
__CFG_LVP$OFF            (abs)        000000
__CFG_MCLRE$ON           (abs)        000000
__CFG_OSC$XT             (abs)        000000
__CFG_PBADEN$OFF         (abs)        000000
__CFG_PWRT$ON            (abs)        000000
__CFG_STVREN$ON          (abs)        000000
__CFG_WDT$OFF            (abs)        000000
__CFG_WDTPS$32768        (abs)        000000
__CFG_WRT0$OFF           (abs)        000000
__CFG_WRT1$OFF           (abs)        000000
__CFG_WRT2$OFF           (abs)        000000
__CFG_WRT3$OFF           (abs)        000000
__CFG_WRTB$OFF           (abs)        000000
__CFG_WRTC$OFF           (abs)        000000
__CFG_WRTD$OFF           (abs)        000000
__CFG_XINST$OFF          (abs)        000000
__HRAM                   (abs)        000000
__Habs1                  abs1         000000
__Hbank0                 bank0        000000
__Hbank1                 bank1        000000
__Hbank2                 bank2        000000
__Hbank3                 bank3        000000
__Hbank4                 bank4        000000
__Hbank5                 bank5        000000
__Hbigbss                bigbss       000000
__Hbigdata               bigdata      000000
__Hbigram                bigram       000000
__Hbss                   bss          000000
__HbssCOMRAM             bssCOMRAM    000000
__Hcinit                 cinit        000000
__Hclrtext               clrtext      000000
__Hcomram                comram       000000
__Hconfig                config       30000E
__Hconst                 const        000000
__HcstackCOMRAM          cstackCOMRAM 000000
__Hdata                  data         000000
__Heeprom_data           eeprom_data  000000
__Hfarbss                farbss       000000
__Hfardata               fardata      000000
__Hibigdata              ibigdata     000000
__Hidata                 idata        000000
__Hidloc                 idloc        200008
__Hifardata              ifardata     000000
__Hinit                  init         000004
__Hintcode               intcode      000000
__Hintcode_body          intcode_body 000000
__Hintcodelo             intcodelo    000000
__Hintentry              intentry     000000
__Hintret                intret       000000
__Hintsave_regs          intsave_regs 000000
__Hirdata                irdata       000000
__Hmediumconst           mediumconst  000000
__HnvFARRAM              nvFARRAM     000000
__Hnvbit                 nvbit        000000
__Hnvrram                nvrram       000000
__Hparam                 rparam       000000
__Hpowerup               powerup      000000
__Hram                   ram          000000
__Hramtop                ramtop       000600
__Hrbit                  rbit         000000
__Hrbss                  rbss         000000
__Hrdata                 rdata        000000
__Hreset_vec             reset_vec    000000
__Hrparam                rparam       000000
__Hsfr                   sfr          000000
__Hsmallconst            smallconst   00068C
__Hspace_0               (abs)        30000E
__Hspace_1               (abs)        000072
__Hspace_2               (abs)        000000
__Hstack                 stack        000000
__Hstruct                struct       000000
__Htemp                  temp         000000
__Htext                  text         000000
__Htext0                 text0        000000
__Htext1                 text1        000000
__Htext10                text10       000000
__Htext11                text11       000000
__Htext12                text12       000000
__Htext13                text13       000000
__Htext14                text14       000000
__Htext15                text15       000000
__Htext16                text16       000000
__Htext17                text17       000000
__Htext18                text18       000000
__Htext19                text19       000000
__Htext2                 text2        000000
__Htext20                text20       000000
__Htext21                text21       000000
__Htext22                text22       000000
__Htext23                text23       000000
__Htext24                text24       000000
__Htext25                text25       000000
__Htext26                text26       000000
__Htext27                text27       000000
__Htext28                text28       000000
__Htext29                text29       000000
__Htext3                 text3        000000
__Htext30                text30       000000
__Htext4                 text4        000000
__Htext5                 text5        000000
__Htext6                 text6        000000
__Htext7                 text7        000000
__Htext8                 text8        000000
__Htext9                 text9        000000
__LRAM                   (abs)        000001
__Labs1                  abs1         000000
__Lbank0                 bank0        000000
__Lbank1                 bank1        000000
__Lbank2                 bank2        000000
__Lbank3                 bank3        000000
__Lbank4                 bank4        000000
__Lbank5                 bank5        000000
__Lbigbss                bigbss       000000
__Lbigdata               bigdata      000000
__Lbigram                bigram       000000
__Lbss                   bss          000000
__LbssCOMRAM             bssCOMRAM    000000
__Lcinit                 cinit        000000
__Lclrtext               clrtext      000000
__Lcomram                comram       000000
__Lconfig                config       300000
__Lconst                 const        000000
__LcstackCOMRAM          cstackCOMRAM 000000
__Ldata                  data         000000
__Leeprom_data           eeprom_data  000000
__Lfarbss                farbss       000000
__Lfardata               fardata      000000
__Libigdata              ibigdata     000000
__Lidata                 idata        000000
__Lidloc                 idloc        200000
__Lifardata              ifardata     000000
__Linit                  init         000000
__Lintcode               intcode      000000
__Lintcode_body          intcode_body 000000
__Lintcodelo             intcodelo    000000
__Lintentry              intentry     000000
__Lintret                intret       000000
__Lintsave_regs          intsave_regs 000000
__Lirdata                irdata       000000
__Lmediumconst           mediumconst  000000
__LnvFARRAM              nvFARRAM     000000
__Lnvbit                 nvbit        000000
__Lnvrram                nvrram       000000
__Lparam                 rparam       000000
__Lpowerup               powerup      000000
__Lram                   ram          000000
__Lramtop                ramtop       000600
__Lrbit                  rbit         000000
__Lrbss                  rbss         000000
__Lrdata                 rdata        000000
__Lreset_vec             reset_vec    000000
__Lrparam                rparam       000000
__Lsfr                   sfr          000000
__Lsmallconst            smallconst   000600
__Lspace_0               (abs)        000000
__Lspace_1               (abs)        000000
__Lspace_2               (abs)        000000
__Lstack                 stack        000000
__Lstruct                struct       000000
__Ltemp                  temp         000000
__Ltext                  text         000000
__Ltext0                 text0        000000
__Ltext1                 text1        000000
__Ltext10                text10       000000
__Ltext11                text11       000000
__Ltext12                text12       000000
__Ltext13                text13       000000
__Ltext14                text14       000000
__Ltext15                text15       000000
__Ltext16                text16       000000
__Ltext17                text17       000000
__Ltext18                text18       000000
__Ltext19                text19       000000
__Ltext2                 text2        000000
__Ltext20                text20       000000
__Ltext21                text21       000000
__Ltext22                text22       000000
__Ltext23                text23       000000
__Ltext24                text24       000000
__Ltext25                text25       000000
__Ltext26                text26       000000
__Ltext27                text27       000000
__Ltext28                text28       000000
__Ltext29                text29       000000
__Ltext3                 text3        000000
__Ltext30                text30       000000
__Ltext4                 text4        000000
__Ltext5                 text5        000000
__Ltext6                 text6        000000
__Ltext7                 text7        000000
__Ltext8                 text8        000000
__Ltext9                 text9        000000
__S0                     (abs)        30000E
__S1                     (abs)        000072
__S2                     (abs)        000000
___awdiv                 text8        001F2C
___awdiv@counter         cstackCOMRAM 00000B
___awdiv@dividend        cstackCOMRAM 000007
___awdiv@divisor         cstackCOMRAM 000009
___awdiv@quotient        cstackCOMRAM 00000D
___awdiv@sign            cstackCOMRAM 00000C
___awmod                 text7        002032
___awmod@counter         cstackCOMRAM 000005
___awmod@dividend        cstackCOMRAM 000001
___awmod@divisor         cstackCOMRAM 000003
___awmod@sign            cstackCOMRAM 000006
___ftadd                 text16       001554
___ftadd@exp1            cstackCOMRAM 000039
___ftadd@exp2            cstackCOMRAM 000038
___ftadd@f1              cstackCOMRAM 00002E
___ftadd@f2              cstackCOMRAM 000031
___ftadd@sign            cstackCOMRAM 000037
___ftdiv                 text29       001C4E
___ftdiv@cntr            cstackCOMRAM 00002D
___ftdiv@exp             cstackCOMRAM 000031
___ftdiv@f1              cstackCOMRAM 000024
___ftdiv@f2              cstackCOMRAM 000027
___ftdiv@f3              cstackCOMRAM 00002E
___ftdiv@sign            cstackCOMRAM 000032
___ftge                  text18       001E9C
___ftge@ff1              cstackCOMRAM 000001
___ftge@ff2              cstackCOMRAM 000004
___ftmul                 text6        001A66
___ftmul@cntr            cstackCOMRAM 000022
___ftmul@exp             cstackCOMRAM 00001E
___ftmul@f1              cstackCOMRAM 000015
___ftmul@f2              cstackCOMRAM 000018
___ftmul@f3_as_product   cstackCOMRAM 00001F
___ftmul@sign            cstackCOMRAM 000023
___ftneg                 text17       002346
___ftneg@f1              cstackCOMRAM 000001
___ftpack                text30       001DEE
___ftpack@arg            cstackCOMRAM 000001
___ftpack@exp            cstackCOMRAM 000004
___ftpack@sign           cstackCOMRAM 000005
___ftsub                 text15       002246
___ftsub@f1              cstackCOMRAM 00003A
___ftsub@f2              cstackCOMRAM 00003D
___fttol                 text14       001B5A
___fttol@exp1            cstackCOMRAM 000039
___fttol@f1              cstackCOMRAM 00002B
___fttol@lval            cstackCOMRAM 000035
___fttol@sign1           cstackCOMRAM 000034
___inthi_sp              stack        000000
___intlo_sp              stack        000000
___lldiv                 text13       001FB0
___lldiv@counter         cstackCOMRAM 00000D
___lldiv@dividend        cstackCOMRAM 000001
___lldiv@divisor         cstackCOMRAM 000005
___lldiv@quotient        cstackCOMRAM 000009
___llmod                 text12       0020A2
___llmod@counter         cstackCOMRAM 000009
___llmod@dividend        cstackCOMRAM 000001
___llmod@divisor         cstackCOMRAM 000005
___lltoft                text11       002108
___lltoft@c              cstackCOMRAM 000009
___lltoft@exp            cstackCOMRAM 000011
___lwtoft                text28       00236A
___lwtoft@c              cstackCOMRAM 000009
___param_bank            (abs)        000000
___rparam_used           (abs)        000001
___sp                    stack        000000
___wmul                  text5        002320
___wmul@multiplicand     cstackCOMRAM 000011
___wmul@multiplier       cstackCOMRAM 00000F
___wmul@product          cstackCOMRAM 000013
__accesstop              (abs)        000080
__activetblptr           (abs)        000002
__div_to_l_              text10       001832
__div_to_l_@cntr         cstackCOMRAM 00000B
__div_to_l_@exp1         cstackCOMRAM 00000C
__div_to_l_@f1           cstackCOMRAM 000001
__div_to_l_@f2           cstackCOMRAM 000004
__div_to_l_@quot         cstackCOMRAM 000007
__end_of___awdiv         text8        001FB0
__end_of___awmod         text7        0020A2
__end_of___ftadd         text16       001700
__end_of___ftdiv         text29       001D34
__end_of___ftge          text18       001F2C
__end_of___ftmul         text6        001B5A
__end_of___ftneg         text17       00236A
__end_of___ftpack        text30       001E9C
__end_of___ftsub         text15       002286
__end_of___fttol         text14       001C4E
__end_of___lldiv         text13       002032
__end_of___llmod         text12       002108
__end_of___lltoft        text11       002164
__end_of___lwtoft        text28       00238E
__end_of___wmul          text5        002346
__end_of__div_to_l_      text10       00195A
__end_of__initialization cinit        0023D2
__end_of__npowers_       smallconst   000677
__end_of__powers_        smallconst   000650
__end_of__tdiv_to_l_     text9        001832
__end_of_dpowers         smallconst   000629
__end_of_fround          text4        001554
__end_of_isdigit         text3        0023AC
__end_of_lcd_cmd         text25       002200
__end_of_lcd_cmd_hf      text23       0023C6
__end_of_lcd_dwr         text21       002246
__end_of_lcd_gotoxy      text24       0022F4
__end_of_lcd_init        text22       001DEE
__end_of_lcd_lat         text27       0023F0
__end_of_lcd_msg         text19       0021B6
__end_of_lcd_putc        text20       0022C0
__end_of_main            text0        001A66
__end_of_manda           text26       002320
__end_of_scale           text2        001302
__end_of_sprintf         text1        000EFA
__initialization         cinit        0023C6
__mediumconst            mediumconst  000000
__npowers_               smallconst   000650
__pbssCOMRAM             bssCOMRAM    000069
__pcinit                 cinit        0023C6
__pcstackCOMRAM          cstackCOMRAM 000001
__powers_                smallconst   000629
__psmallconst            smallconst   000600
__ptext0                 text0        00195A
__ptext1                 text1        00068C
__ptext10                text10       001832
__ptext11                text11       002108
__ptext12                text12       0020A2
__ptext13                text13       001FB0
__ptext14                text14       001B5A
__ptext15                text15       002246
__ptext16                text16       001554
__ptext17                text17       002346
__ptext18                text18       001E9C
__ptext19                text19       002164
__ptext2                 text2        000EFA
__ptext20                text20       002286
__ptext21                text21       002200
__ptext22                text22       001D34
__ptext23                text23       0023AC
__ptext24                text24       0022C0
__ptext25                text25       0021B6
__ptext26                text26       0022F4
__ptext27                text27       0023DC
__ptext28                text28       00236A
__ptext29                text29       001C4E
__ptext3                 text3        00238E
__ptext30                text30       001DEE
__ptext4                 text4        001302
__ptext5                 text5        002320
__ptext6                 text6        001A66
__ptext7                 text7        002032
__ptext8                 text8        001F2C
__ptext9                 text9        001700
__ramtop                 ramtop       000600
__size_of___awdiv        (abs)        000000
__size_of___awmod        (abs)        000000
__size_of___ftadd        (abs)        000000
__size_of___ftdiv        (abs)        000000
__size_of___ftge         (abs)        000000
__size_of___ftmul        (abs)        000000
__size_of___ftneg        (abs)        000000
__size_of___ftpack       (abs)        000000
__size_of___ftsub        (abs)        000000
__size_of___fttol        (abs)        000000
__size_of___lldiv        (abs)        000000
__size_of___llmod        (abs)        000000
__size_of___lltoft       (abs)        000000
__size_of___lwtoft       (abs)        000000
__size_of___wmul         (abs)        000000
__size_of__div_to_l_     (abs)        000000
__size_of__tdiv_to_l_    (abs)        000000
__size_of_fround         (abs)        000000
__size_of_isdigit        (abs)        000000
__size_of_lcd_cmd        (abs)        000000
__size_of_lcd_cmd_hf     (abs)        000000
__size_of_lcd_dwr        (abs)        000000
__size_of_lcd_gotoxy     (abs)        000000
__size_of_lcd_init       (abs)        000000
__size_of_lcd_lat        (abs)        000000
__size_of_lcd_msg        (abs)        000000
__size_of_lcd_putc       (abs)        000000
__size_of_main           (abs)        000000
__size_of_manda          (abs)        000000
__size_of_scale          (abs)        000000
__size_of_sprintf        (abs)        000000
__smallconst             smallconst   000600
__tdiv_to_l_             text9        001700
__tdiv_to_l_@cntr        cstackCOMRAM 00000E
__tdiv_to_l_@exp1        cstackCOMRAM 00000F
__tdiv_to_l_@f1          cstackCOMRAM 000001
__tdiv_to_l_@f2          cstackCOMRAM 000004
__tdiv_to_l_@quot        cstackCOMRAM 00000A
_dpowers                 smallconst   000601
_fround                  text4        001302
_fround$938              cstackCOMRAM 00002A
_fround$939              cstackCOMRAM 000027
_isdigit                 text3        00238E
_isdigit$599             cstackCOMRAM 000002
_lcd                     bssCOMRAM    000069
_lcd_cmd                 text25       0021B6
_lcd_cmd_hf              text23       0023AC
_lcd_dwr                 text21       002200
_lcd_gotoxy              text24       0022C0
_lcd_init                text22       001D34
_lcd_lat                 text27       0023DC
_lcd_msg                 text19       002164
_lcd_putc                text20       002286
_main                    text0        00195A
_manda                   text26       0022F4
_scale                   text2        000EFA
_scale$940               cstackCOMRAM 000027
_sprintf                 text1        00068C
_sprintf$941             cstackCOMRAM 00004D
_value                   bssCOMRAM    00006A
end_of_initialization    cinit        0023D2
fround@prec              cstackCOMRAM 00002D
intlevel0                text         000000
intlevel1                text         000000
intlevel2                text         000000
intlevel3                text         000000
isdigit@c                cstackCOMRAM 000003
lcd_cmd@x                cstackCOMRAM 000003
lcd_cmd_hf@x             cstackCOMRAM 000002
lcd_dwr@x                cstackCOMRAM 000003
lcd_gotoxy@ADDRESS       cstackCOMRAM 000007
lcd_gotoxy@x             cstackCOMRAM 000006
lcd_gotoxy@y             cstackCOMRAM 000004
lcd_msg@c                cstackCOMRAM 000005
lcd_putc@c               cstackCOMRAM 000004
main@valor               cstackCOMRAM 000066
manda@dato               cstackCOMRAM 000001
scale@scl                cstackCOMRAM 00002A
sprintf@ap               cstackCOMRAM 000050
sprintf@c                cstackCOMRAM 000065
sprintf@exp              cstackCOMRAM 00005E
sprintf@f                cstackCOMRAM 000042
sprintf@flag             cstackCOMRAM 000056
sprintf@fval             cstackCOMRAM 000060
sprintf@prec             cstackCOMRAM 000063
sprintf@sp               cstackCOMRAM 000040
sprintf@tmpval           cstackCOMRAM 00005A
sprintf@val              cstackCOMRAM 000052
sprintf@width            cstackCOMRAM 000058
stackhi                  (abs)        0005FF
stacklo                  (abs)        000080
start                    init         000000
start_initialization     cinit        0023C6


FUNCTION INFORMATION:

 *************** function _main *****************
 Defined at:
		line 39 in file "adct_1.c"
 Parameters:    Size  Location     Type
		None
 Auto vars:     Size  Location     Type
  valor           3  101[COMRAM] float 
 Return value:  Size  Location     Type
                  1    wreg      void 
 Registers used:
		wreg, fsr0l, fsr0h, fsr2l, fsr2h, status,2, status,0, tblptrl, tblptrh, tblptru, prodl, prodh, cstack
 Tracked objects:
		On entry : 
		On exit  : 
		Unchanged: 
 Data sizes:     COMRAM   BANK0   BANK1   BANK2   BANK3   BANK4   BANK5
      Params:         0       0       0       0       0       0       0
      Locals:         3       0       0       0       0       0       0
      Temps:          0       0       0       0       0       0       0
      Totals:         3       0       0       0       0       0       0
Total ram usage:        3 bytes
 Hardware stack levels required when called:    4
 This function calls:
		___ftdiv
		___ftmul
		___ftsub
		___lwtoft
		_lcd_cmd
		_lcd_gotoxy
		_lcd_init
		_lcd_msg
		_sprintf
 This function is called by:
		Startup code after reset
 This function uses a non-reentrant model


 *************** function _sprintf *****************
 Defined at:
		line 492 in file "/opt/microchip/xc8/v1.44/sources/common/doprnt.c"
 Parameters:    Size  Location     Type
  sp              2   63[COMRAM] PTR unsigned char 
		 -> value(8), 
  f               2   65[COMRAM] PTR const unsigned char 
		 -> STR_2(6), 
 Auto vars:     Size  Location     Type
  tmpval          4   89[COMRAM] struct .
  val             4   81[COMRAM] unsigned long 
  fval            3   95[COMRAM] unsigned long 
  cp              3    0        PTR const unsigned char 
  prec            2   98[COMRAM] int 
  exp             2   93[COMRAM] int 
  width           2   87[COMRAM] int 
  flag            2   85[COMRAM] unsigned short 
  ap              2   79[COMRAM] PTR void [1]
		 -> ?_sprintf(2), 
  len             2    0        unsigned int 
  c               1  100[COMRAM] char 
  d               1    0        unsigned char 
 Return value:  Size  Location     Type
                  2   63[COMRAM] int 
 Registers used:
		wreg, fsr2l, fsr2h, status,2, status,0, tblptrl, tblptrh, tblptru, prodl, prodh, cstack
 Tracked objects:
		On entry : 
		On exit  : 
		Unchanged: 
 Data sizes:     COMRAM   BANK0   BANK1   BANK2   BANK3   BANK4   BANK5
      Params:         7       0       0       0       0       0       0
      Locals:        25       0       0       0       0       0       0
      Temps:          6       0       0       0       0       0       0
      Totals:        38       0       0       0       0       0       0
Total ram usage:       38 bytes
 Hardware stack levels used:    1
 Hardware stack levels required when called:    3
 This function calls:
		___awdiv
		___ftadd
		___ftge
		___ftmul
		___ftneg
		___ftsub
		___fttol
		___lldiv
		___llmod
		___lltoft
		___wmul
		__div_to_l_
		__tdiv_to_l_
		_fround
		_isdigit
		_scale
 This function is called by:
		_main
 This function uses a non-reentrant model


 *************** function _scale *****************
 Defined at:
		line 425 in file "/opt/microchip/xc8/v1.44/sources/common/doprnt.c"
 Parameters:    Size  Location     Type
  scl             1    wreg     char 
 Auto vars:     Size  Location     Type
  scl             1   41[COMRAM] char 
 Return value:  Size  Location     Type
                  3   35[COMRAM] char 
 Registers used:
		wreg, status,2, status,0, tblptrl, tblptrh, tblptru, prodl, prodh, cstack
 Tracked objects:
		On entry : 
		On exit  : 
		Unchanged: 
 Data sizes:     COMRAM   BANK0   BANK1   BANK2   BANK3   BANK4   BANK5
      Params:         3       0       0       0       0       0       0
      Locals:         4       0       0       0       0       0       0
      Temps:          0       0       0       0       0       0       0
      Totals:         7       0       0       0       0       0       0
Total ram usage:        7 bytes
 Hardware stack levels used:    1
 Hardware stack levels required when called:    2
 This function calls:
		___awdiv
		___awmod
		___ftmul
		___wmul
 This function is called by:
		_sprintf
 This function uses a non-reentrant model


 *************** function _isdigit *****************
 Defined at:
		line 8 in file "/opt/microchip/xc8/v1.44/sources/common/isdigit.c"
 Parameters:    Size  Location     Type
  c               1    wreg     unsigned char 
 Auto vars:     Size  Location     Type
  c               1    2[COMRAM] unsigned char 
 Return value:  Size  Location     Type
		None               void
 Registers used:
		wreg, status,2, status,0
 Tracked objects:
		On entry : 
		On exit  : 
		Unchanged: 
 Data sizes:     COMRAM   BANK0   BANK1   BANK2   BANK3   BANK4   BANK5
      Params:         0       0       0       0       0       0       0
      Locals:         2       0       0       0       0       0       0
      Temps:          1       0       0       0       0       0       0
      Totals:         3       0       0       0       0       0       0
Total ram usage:        3 bytes
 Hardware stack levels used:    1
 This function calls:
		Nothing
 This function is called by:
		_sprintf
 This function uses a non-reentrant model


 *************** function _fround *****************
 Defined at:
		line 409 in file "/opt/microchip/xc8/v1.44/sources/common/doprnt.c"
 Parameters:    Size  Location     Type
  prec            1    wreg     unsigned char 
 Auto vars:     Size  Location     Type
  prec            1   44[COMRAM] unsigned char 
 Return value:  Size  Location     Type
                  3   35[COMRAM] unsigned char 
 Registers used:
		wreg, status,2, status,0, tblptrl, tblptrh, tblptru, prodl, prodh, cstack
 Tracked objects:
		On entry : 
		On exit  : 
		Unchanged: 
 Data sizes:     COMRAM   BANK0   BANK1   BANK2   BANK3   BANK4   BANK5
      Params:         3       0       0       0       0       0       0
      Locals:         7       0       0       0       0       0       0
      Temps:          0       0       0       0       0       0       0
      Totals:        10       0       0       0       0       0       0
Total ram usage:       10 bytes
 Hardware stack levels used:    1
 Hardware stack levels required when called:    2
 This function calls:
		___awdiv
		___awmod
		___ftmul
		___wmul
 This function is called by:
		_sprintf
 This function uses a non-reentrant model


 *************** function ___wmul *****************
 Defined at:
		line 15 in file "/opt/microchip/xc8/v1.44/sources/common/Umul16.c"
 Parameters:    Size  Location     Type
  multiplier      2   14[COMRAM] unsigned int 
  multiplicand    2   16[COMRAM] unsigned int 
 Auto vars:     Size  Location     Type
  product         2   18[COMRAM] unsigned int 
 Return value:  Size  Location     Type
                  2   14[COMRAM] unsigned int 
 Registers used:
		wreg, status,2, status,0, prodl, prodh
 Tracked objects:
		On entry : 
		On exit  : 
		Unchanged: 
 Data sizes:     COMRAM   BANK0   BANK1   BANK2   BANK3   BANK4   BANK5
      Params:         4       0       0       0       0       0       0
      Locals:         2       0       0       0       0       0       0
      Temps:          0       0       0       0       0       0       0
      Totals:         6       0       0       0       0       0       0
Total ram usage:        6 bytes
 Hardware stack levels used:    1
 This function calls:
		Nothing
 This function is called by:
		_fround
		_scale
		_sprintf
 This function uses a non-reentrant model


 *************** function ___ftmul *****************
 Defined at:
		line 62 in file "/opt/microchip/xc8/v1.44/sources/common/ftmul.c"
 Parameters:    Size  Location     Type
  f1              3   20[COMRAM] float 
  f2              3   23[COMRAM] float 
 Auto vars:     Size  Location     Type
  f3_as_produc    3   30[COMRAM] unsigned um
  sign            1   34[COMRAM] unsigned char 
  cntr            1   33[COMRAM] unsigned char 
  exp             1   29[COMRAM] unsigned char 
 Return value:  Size  Location     Type
                  3   20[COMRAM] float 
 Registers used:
		wreg, status,2, status,0, cstack
 Tracked objects:
		On entry : 
		On exit  : 
		Unchanged: 
 Data sizes:     COMRAM   BANK0   BANK1   BANK2   BANK3   BANK4   BANK5
      Params:         6       0       0       0       0       0       0
      Locals:         6       0       0       0       0       0       0
      Temps:          3       0       0       0       0       0       0
      Totals:        15       0       0       0       0       0       0
Total ram usage:       15 bytes
 Hardware stack levels used:    1
 Hardware stack levels required when called:    1
 This function calls:
		___ftpack
 This function is called by:
		_main
		_fround
		_scale
		_sprintf
 This function uses a non-reentrant model


 *************** function ___awmod *****************
 Defined at:
		line 8 in file "/opt/microchip/xc8/v1.44/sources/common/awmod.c"
 Parameters:    Size  Location     Type
  dividend        2    0[COMRAM] int 
  divisor         2    2[COMRAM] int 
 Auto vars:     Size  Location     Type
  sign            1    5[COMRAM] unsigned char 
  counter         1    4[COMRAM] unsigned char 
 Return value:  Size  Location     Type
                  2    0[COMRAM] int 
 Registers used:
		wreg, status,2, status,0
 Tracked objects:
		On entry : 
		On exit  : 
		Unchanged: 
 Data sizes:     COMRAM   BANK0   BANK1   BANK2   BANK3   BANK4   BANK5
      Params:         4       0       0       0       0       0       0
      Locals:         2       0       0       0       0       0       0
      Temps:          0       0       0       0       0       0       0
      Totals:         6       0       0       0       0       0       0
Total ram usage:        6 bytes
 Hardware stack levels used:    1
 This function calls:
		Nothing
 This function is called by:
		_fround
		_scale
 This function uses a non-reentrant model


 *************** function ___awdiv *****************
 Defined at:
		line 8 in file "/opt/microchip/xc8/v1.44/sources/common/awdiv.c"
 Parameters:    Size  Location     Type
  dividend        2    6[COMRAM] int 
  divisor         2    8[COMRAM] int 
 Auto vars:     Size  Location     Type
  quotient        2   12[COMRAM] int 
  sign            1   11[COMRAM] unsigned char 
  counter         1   10[COMRAM] unsigned char 
 Return value:  Size  Location     Type
                  2    6[COMRAM] int 
 Registers used:
		wreg, status,2, status,0
 Tracked objects:
		On entry : 
		On exit  : 
		Unchanged: 
 Data sizes:     COMRAM   BANK0   BANK1   BANK2   BANK3   BANK4   BANK5
      Params:         4       0       0       0       0       0       0
      Locals:         4       0       0       0       0       0       0
      Temps:          0       0       0       0       0       0       0
      Totals:         8       0       0       0       0       0       0
Total ram usage:        8 bytes
 Hardware stack levels used:    1
 This function calls:
		Nothing
 This function is called by:
		_fround
		_scale
		_sprintf
 This function uses a non-reentrant model


 *************** function __tdiv_to_l_ *****************
 Defined at:
		line 60 in file "/opt/microchip/xc8/v1.44/sources/common/ftdivl.c"
 Parameters:    Size  Location     Type
  f1              3    0[COMRAM] float 
  f2              3    3[COMRAM] float 
 Auto vars:     Size  Location     Type
  quot            4    9[COMRAM] unsigned long 
  exp1            1   14[COMRAM] unsigned char 
  cntr            1   13[COMRAM] unsigned char 
 Return value:  Size  Location     Type
                  4    0[COMRAM] unsigned long 
 Registers used:
		wreg, status,2, status,0
 Tracked objects:
		On entry : 
		On exit  : 
		Unchanged: 
 Data sizes:     COMRAM   BANK0   BANK1   BANK2   BANK3   BANK4   BANK5
      Params:         6       0       0       0       0       0       0
      Locals:         6       0       0       0       0       0       0
      Temps:          3       0       0       0       0       0       0
      Totals:        15       0       0       0       0       0       0
Total ram usage:       15 bytes
 Hardware stack levels used:    1
 This function calls:
		Nothing
 This function is called by:
		_sprintf
 This function uses a non-reentrant model


 *************** function __div_to_l_ *****************
 Defined at:
		line 60 in file "/opt/microchip/xc8/v1.44/sources/common/fldivl.c"
 Parameters:    Size  Location     Type
  f1              3    0[COMRAM] unsigned long 
  f2              3    3[COMRAM] unsigned long 
 Auto vars:     Size  Location     Type
  quot            4    6[COMRAM] unsigned long 
  exp1            1   11[COMRAM] unsigned char 
  cntr            1   10[COMRAM] unsigned char 
 Return value:  Size  Location     Type
                  4    0[COMRAM] unsigned long 
 Registers used:
		wreg, status,2, status,0
 Tracked objects:
		On entry : 
		On exit  : 
		Unchanged: 
 Data sizes:     COMRAM   BANK0   BANK1   BANK2   BANK3   BANK4   BANK5
      Params:         6       0       0       0       0       0       0
      Locals:         6       0       0       0       0       0       0
      Temps:          0       0       0       0       0       0       0
      Totals:        12       0       0       0       0       0       0
Total ram usage:       12 bytes
 Hardware stack levels used:    1
 This function calls:
		Nothing
 This function is called by:
		_sprintf
 This function uses a non-reentrant model


 *************** function ___lltoft *****************
 Defined at:
		line 35 in file "/opt/microchip/xc8/v1.44/sources/common/lltoft.c"
 Parameters:    Size  Location     Type
  c               4    8[COMRAM] unsigned long 
 Auto vars:     Size  Location     Type
  exp             1   16[COMRAM] unsigned char 
 Return value:  Size  Location     Type
                  3    8[COMRAM] float 
 Registers used:
		wreg, status,2, status,0, cstack
 Tracked objects:
		On entry : 
		On exit  : 
		Unchanged: 
 Data sizes:     COMRAM   BANK0   BANK1   BANK2   BANK3   BANK4   BANK5
      Params:         4       0       0       0       0       0       0
      Locals:         1       0       0       0       0       0       0
      Temps:          4       0       0       0       0       0       0
      Totals:         9       0       0       0       0       0       0
Total ram usage:        9 bytes
 Hardware stack levels used:    1
 Hardware stack levels required when called:    1
 This function calls:
		___ftpack
 This function is called by:
		_sprintf
 This function uses a non-reentrant model


 *************** function ___llmod *****************
 Defined at:
		line 8 in file "/opt/microchip/xc8/v1.44/sources/common/llmod.c"
 Parameters:    Size  Location     Type
  dividend        4    0[COMRAM] unsigned long 
  divisor         4    4[COMRAM] unsigned long 
 Auto vars:     Size  Location     Type
  counter         1    8[COMRAM] unsigned char 
 Return value:  Size  Location     Type
                  4    0[COMRAM] unsigned long 
 Registers used:
		wreg, status,2, status,0
 Tracked objects:
		On entry : 
		On exit  : 
		Unchanged: 
 Data sizes:     COMRAM   BANK0   BANK1   BANK2   BANK3   BANK4   BANK5
      Params:         8       0       0       0       0       0       0
      Locals:         1       0       0       0       0       0       0
      Temps:          0       0       0       0       0       0       0
      Totals:         9       0       0       0       0       0       0
Total ram usage:        9 bytes
 Hardware stack levels used:    1
 This function calls:
		Nothing
 This function is called by:
		_sprintf
 This function uses a non-reentrant model


 *************** function ___lldiv *****************
 Defined at:
		line 8 in file "/opt/microchip/xc8/v1.44/sources/common/lldiv.c"
 Parameters:    Size  Location     Type
  dividend        4    0[COMRAM] unsigned long 
  divisor         4    4[COMRAM] unsigned long 
 Auto vars:     Size  Location     Type
  quotient        4    8[COMRAM] unsigned long 
  counter         1   12[COMRAM] unsigned char 
 Return value:  Size  Location     Type
                  4    0[COMRAM] unsigned long 
 Registers used:
		wreg, status,2, status,0
 Tracked objects:
		On entry : 
		On exit  : 
		Unchanged: 
 Data sizes:     COMRAM   BANK0   BANK1   BANK2   BANK3   BANK4   BANK5
      Params:         8       0       0       0       0       0       0
      Locals:         5       0       0       0       0       0       0
      Temps:          0       0       0       0       0       0       0
      Totals:        13       0       0       0       0       0       0
Total ram usage:       13 bytes
 Hardware stack levels used:    1
 This function calls:
		Nothing
 This function is called by:
		_sprintf
 This function uses a non-reentrant model


 *************** function ___fttol *****************
 Defined at:
		line 44 in file "/opt/microchip/xc8/v1.44/sources/common/fttol.c"
 Parameters:    Size  Location     Type
  f1              3   42[COMRAM] float 
 Auto vars:     Size  Location     Type
  lval            4   52[COMRAM] unsigned long 
  exp1            1   56[COMRAM] unsigned char 
  sign1           1   51[COMRAM] unsigned char 
 Return value:  Size  Location     Type
                  4   42[COMRAM] long 
 Registers used:
		wreg, status,2, status,0
 Tracked objects:
		On entry : 
		On exit  : 
		Unchanged: 
 Data sizes:     COMRAM   BANK0   BANK1   BANK2   BANK3   BANK4   BANK5
      Params:         4       0       0       0       0       0       0
      Locals:         6       0       0       0       0       0       0
      Temps:          5       0       0       0       0       0       0
      Totals:        15       0       0       0       0       0       0
Total ram usage:       15 bytes
 Hardware stack levels used:    1
 This function calls:
		Nothing
 This function is called by:
		_sprintf
 This function uses a non-reentrant model


 *************** function ___ftsub *****************
 Defined at:
		line 20 in file "/opt/microchip/xc8/v1.44/sources/common/ftsub.c"
 Parameters:    Size  Location     Type
  f1              3   57[COMRAM] float 
  f2              3   60[COMRAM] float 
 Auto vars:     Size  Location     Type
		None
 Return value:  Size  Location     Type
                  3   57[COMRAM] float 
 Registers used:
		wreg, status,2, status,0, cstack
 Tracked objects:
		On entry : 
		On exit  : 
		Unchanged: 
 Data sizes:     COMRAM   BANK0   BANK1   BANK2   BANK3   BANK4   BANK5
      Params:         6       0       0       0       0       0       0
      Locals:         0       0       0       0       0       0       0
      Temps:          0       0       0       0       0       0       0
      Totals:         6       0       0       0       0       0       0
Total ram usage:        6 bytes
 Hardware stack levels used:    1
 Hardware stack levels required when called:    2
 This function calls:
		___ftadd
 This function is called by:
		_main
		_sprintf
 This function uses a non-reentrant model


 *************** function ___ftadd *****************
 Defined at:
		line 86 in file "/opt/microchip/xc8/v1.44/sources/common/ftadd.c"
 Parameters:    Size  Location     Type
  f1              3   45[COMRAM] float 
  f2              3   48[COMRAM] float 
 Auto vars:     Size  Location     Type
  exp1            1   56[COMRAM] unsigned char 
  exp2            1   55[COMRAM] unsigned char 
  sign            1   54[COMRAM] unsigned char 
 Return value:  Size  Location     Type
                  3   45[COMRAM] float 
 Registers used:
		wreg, status,2, status,0, cstack
 Tracked objects:
		On entry : 
		On exit  : 
		Unchanged: 
 Data sizes:     COMRAM   BANK0   BANK1   BANK2   BANK3   BANK4   BANK5
      Params:         6       0       0       0       0       0       0
      Locals:         3       0       0       0       0       0       0
      Temps:          3       0       0       0       0       0       0
      Totals:        12       0       0       0       0       0       0
Total ram usage:       12 bytes
 Hardware stack levels used:    1
 Hardware stack levels required when called:    1
 This function calls:
		___ftpack
 This function is called by:
		_sprintf
		___ftsub
 This function uses a non-reentrant model


 *************** function ___ftneg *****************
 Defined at:
		line 15 in file "/opt/microchip/xc8/v1.44/sources/common/ftneg.c"
 Parameters:    Size  Location     Type
  f1              3    0[COMRAM] float 
 Auto vars:     Size  Location     Type
		None
 Return value:  Size  Location     Type
                  3    0[COMRAM] float 
 Registers used:
		wreg, status,2, status,0
 Tracked objects:
		On entry : 
		On exit  : 
		Unchanged: 
 Data sizes:     COMRAM   BANK0   BANK1   BANK2   BANK3   BANK4   BANK5
      Params:         3       0       0       0       0       0       0
      Locals:         0       0       0       0       0       0       0
      Temps:          0       0       0       0       0       0       0
      Totals:         3       0       0       0       0       0       0
Total ram usage:        3 bytes
 Hardware stack levels used:    1
 This function calls:
		Nothing
 This function is called by:
		_sprintf
 This function uses a non-reentrant model


 *************** function ___ftge *****************
 Defined at:
		line 4 in file "/opt/microchip/xc8/v1.44/sources/common/ftge.c"
 Parameters:    Size  Location     Type
  ff1             3    0[COMRAM] float 
  ff2             3    3[COMRAM] float 
 Auto vars:     Size  Location     Type
		None
 Return value:  Size  Location     Type
		None               void
 Registers used:
		wreg, status,2, status,0
 Tracked objects:
		On entry : 
		On exit  : 
		Unchanged: 
 Data sizes:     COMRAM   BANK0   BANK1   BANK2   BANK3   BANK4   BANK5
      Params:         6       0       0       0       0       0       0
      Locals:         0       0       0       0       0       0       0
      Temps:          3       0       0       0       0       0       0
      Totals:         9       0       0       0       0       0       0
Total ram usage:        9 bytes
 Hardware stack levels used:    1
 This function calls:
		Nothing
 This function is called by:
		_sprintf
 This function uses a non-reentrant model


 *************** function _lcd_msg *****************
 Defined at:
		line 99 in file "../MyLibs/lcd4a.c"
 Parameters:    Size  Location     Type
  c               2    4[COMRAM] PTR unsigned char 
		 -> STR_3(4), value(8), STR_1(9), 
 Auto vars:     Size  Location     Type
		None
 Return value:  Size  Location     Type
                  1    wreg      void 
 Registers used:
		wreg, fsr0l, fsr0h, status,2, status,0, tblptrl, tblptrh, tblptru, cstack
 Tracked objects:
		On entry : 
		On exit  : 
		Unchanged: 
 Data sizes:     COMRAM   BANK0   BANK1   BANK2   BANK3   BANK4   BANK5
      Params:         2       0       0       0       0       0       0
      Locals:         0       0       0       0       0       0       0
      Temps:          0       0       0       0       0       0       0
      Totals:         2       0       0       0       0       0       0
Total ram usage:        2 bytes
 Hardware stack levels used:    1
 Hardware stack levels required when called:    3
 This function calls:
		_lcd_putc
 This function is called by:
		_main
 This function uses a non-reentrant model


 *************** function _lcd_putc *****************
 Defined at:
		line 64 in file "../MyLibs/lcd4a.c"
 Parameters:    Size  Location     Type
  c               1    wreg     unsigned char 
 Auto vars:     Size  Location     Type
  c               1    3[COMRAM] unsigned char 
 Return value:  Size  Location     Type
                  1    wreg      void 
 Registers used:
		wreg, status,2, status,0, cstack
 Tracked objects:
		On entry : 
		On exit  : 
		Unchanged: 
 Data sizes:     COMRAM   BANK0   BANK1   BANK2   BANK3   BANK4   BANK5
      Params:         0       0       0       0       0       0       0
      Locals:         1       0       0       0       0       0       0
      Temps:          0       0       0       0       0       0       0
      Totals:         1       0       0       0       0       0       0
Total ram usage:        1 bytes
 Hardware stack levels used:    1
 Hardware stack levels required when called:    2
 This function calls:
		_lcd_cmd
		_lcd_dwr
 This function is called by:
		_lcd_msg
 This function uses a non-reentrant model


 *************** function _lcd_dwr *****************
 Defined at:
		line 84 in file "../MyLibs/lcd4a.c"
 Parameters:    Size  Location     Type
  x               1    wreg     unsigned char 
 Auto vars:     Size  Location     Type
  x               1    2[COMRAM] unsigned char 
 Return value:  Size  Location     Type
                  1    wreg      void 
 Registers used:
		wreg, status,2, status,0, cstack
 Tracked objects:
		On entry : 
		On exit  : 
		Unchanged: 
 Data sizes:     COMRAM   BANK0   BANK1   BANK2   BANK3   BANK4   BANK5
      Params:         0       0       0       0       0       0       0
      Locals:         1       0       0       0       0       0       0
      Temps:          1       0       0       0       0       0       0
      Totals:         2       0       0       0       0       0       0
Total ram usage:        2 bytes
 Hardware stack levels used:    1
 Hardware stack levels required when called:    1
 This function calls:
		_lcd_lat
		_manda
 This function is called by:
		_lcd_putc
 This function uses a non-reentrant model


 *************** function _lcd_init *****************
 Defined at:
		line 133 in file "../MyLibs/lcd4a.c"
 Parameters:    Size  Location     Type
		None
 Auto vars:     Size  Location     Type
		None
 Return value:  Size  Location     Type
                  1    wreg      void 
 Registers used:
		wreg, status,2, status,0, cstack
 Tracked objects:
		On entry : 
		On exit  : 
		Unchanged: 
 Data sizes:     COMRAM   BANK0   BANK1   BANK2   BANK3   BANK4   BANK5
      Params:         0       0       0       0       0       0       0
      Locals:         0       0       0       0       0       0       0
      Temps:          1       0       0       0       0       0       0
      Totals:         1       0       0       0       0       0       0
Total ram usage:        1 bytes
 Hardware stack levels used:    1
 Hardware stack levels required when called:    2
 This function calls:
		_lcd_cmd
		_lcd_cmd_hf
 This function is called by:
		_main
 This function uses a non-reentrant model


 *************** function _lcd_cmd_hf *****************
 Defined at:
		line 54 in file "../MyLibs/lcd4a.c"
 Parameters:    Size  Location     Type
  x               1    wreg     unsigned char 
 Auto vars:     Size  Location     Type
  x               1    1[COMRAM] unsigned char 
 Return value:  Size  Location     Type
                  1    wreg      void 
 Registers used:
		wreg, status,2, status,0, cstack
 Tracked objects:
		On entry : 
		On exit  : 
		Unchanged: 
 Data sizes:     COMRAM   BANK0   BANK1   BANK2   BANK3   BANK4   BANK5
      Params:         0       0       0       0       0       0       0
      Locals:         1       0       0       0       0       0       0
      Temps:          0       0       0       0       0       0       0
      Totals:         1       0       0       0       0       0       0
Total ram usage:        1 bytes
 Hardware stack levels used:    1
 Hardware stack levels required when called:    1
 This function calls:
		_lcd_lat
		_manda
 This function is called by:
		_lcd_init
 This function uses a non-reentrant model


 *************** function _lcd_gotoxy *****************
 Defined at:
		line 112 in file "../MyLibs/lcd4a.c"
 Parameters:    Size  Location     Type
  x               1    wreg     unsigned char 
  y               1    3[COMRAM] unsigned char 
 Auto vars:     Size  Location     Type
  x               1    5[COMRAM] unsigned char 
  ADDRESS         1    6[COMRAM] unsigned char 
 Return value:  Size  Location     Type
                  1    wreg      void 
 Registers used:
		wreg, status,2, status,0, cstack
 Tracked objects:
		On entry : 
		On exit  : 
		Unchanged: 
 Data sizes:     COMRAM   BANK0   BANK1   BANK2   BANK3   BANK4   BANK5
      Params:         1       0       0       0       0       0       0
      Locals:         2       0       0       0       0       0       0
      Temps:          1       0       0       0       0       0       0
      Totals:         4       0       0       0       0       0       0
Total ram usage:        4 bytes
 Hardware stack levels used:    1
 Hardware stack levels required when called:    2
 This function calls:
		_lcd_cmd
 This function is called by:
		_main
 This function uses a non-reentrant model


 *************** function _lcd_cmd *****************
 Defined at:
		line 38 in file "../MyLibs/lcd4a.c"
 Parameters:    Size  Location     Type
  x               1    wreg     unsigned char 
 Auto vars:     Size  Location     Type
  x               1    2[COMRAM] unsigned char 
 Return value:  Size  Location     Type
                  1    wreg      void 
 Registers used:
		wreg, status,2, status,0, cstack
 Tracked objects:
		On entry : 
		On exit  : 
		Unchanged: 
 Data sizes:     COMRAM   BANK0   BANK1   BANK2   BANK3   BANK4   BANK5
      Params:         0       0       0       0       0       0       0
      Locals:         1       0       0       0       0       0       0
      Temps:          1       0       0       0       0       0       0
      Totals:         2       0       0       0       0       0       0
Total ram usage:        2 bytes
 Hardware stack levels used:    1
 Hardware stack levels required when called:    1
 This function calls:
		_lcd_lat
		_manda
 This function is called by:
		_main
		_lcd_putc
		_lcd_gotoxy
		_lcd_init
		_lcd_setcursor_vb
 This function uses a non-reentrant model


 *************** function _manda *****************
 Defined at:
		line 169 in file "../MyLibs/lcd4a.c"
 Parameters:    Size  Location     Type
  dato            1    wreg     unsigned char 
 Auto vars:     Size  Location     Type
  dato            1    0[COMRAM] unsigned char 
 Return value:  Size  Location     Type
                  1    wreg      void 
 Registers used:
		wreg, status,2, status,0
 Tracked objects:
		On entry : 
		On exit  : 
		Unchanged: 
 Data sizes:     COMRAM   BANK0   BANK1   BANK2   BANK3   BANK4   BANK5
      Params:         0       0       0       0       0       0       0
      Locals:         1       0       0       0       0       0       0
      Temps:          0       0       0       0       0       0       0
      Totals:         1       0       0       0       0       0       0
Total ram usage:        1 bytes
 Hardware stack levels used:    1
 This function calls:
		Nothing
 This function is called by:
		_lcd_cmd
		_lcd_cmd_hf
		_lcd_dwr
 This function uses a non-reentrant model


 *************** function _lcd_lat *****************
 Defined at:
		line 27 in file "../MyLibs/lcd4a.c"
 Parameters:    Size  Location     Type
		None
 Auto vars:     Size  Location     Type
		None
 Return value:  Size  Location     Type
                  1    wreg      void 
 Registers used:
		wreg, status,2, status,0
 Tracked objects:
		On entry : 
		On exit  : 
		Unchanged: 
 Data sizes:     COMRAM   BANK0   BANK1   BANK2   BANK3   BANK4   BANK5
      Params:         0       0       0       0       0       0       0
      Locals:         0       0       0       0       0       0       0
      Temps:          1       0       0       0       0       0       0
      Totals:         1       0       0       0       0       0       0
Total ram usage:        1 bytes
 Hardware stack levels used:    1
 This function calls:
		Nothing
 This function is called by:
		_lcd_cmd
		_lcd_cmd_hf
		_lcd_dwr
 This function uses a non-reentrant model


 *************** function ___lwtoft *****************
 Defined at:
		line 28 in file "/opt/microchip/xc8/v1.44/sources/common/lwtoft.c"
 Parameters:    Size  Location     Type
  c               2    8[COMRAM] unsigned int 
 Auto vars:     Size  Location     Type
		None
 Return value:  Size  Location     Type
                  3    8[COMRAM] float 
 Registers used:
		wreg, status,2, status,0, cstack
 Tracked objects:
		On entry : 
		On exit  : 
		Unchanged: 
 Data sizes:     COMRAM   BANK0   BANK1   BANK2   BANK3   BANK4   BANK5
      Params:         3       0       0       0       0       0       0
      Locals:         0       0       0       0       0       0       0
      Temps:          0       0       0       0       0       0       0
      Totals:         3       0       0       0       0       0       0
Total ram usage:        3 bytes
 Hardware stack levels used:    1
 Hardware stack levels required when called:    1
 This function calls:
		___ftpack
 This function is called by:
		_main
 This function uses a non-reentrant model


 *************** function ___ftdiv *****************
 Defined at:
		line 54 in file "/opt/microchip/xc8/v1.44/sources/common/ftdiv.c"
 Parameters:    Size  Location     Type
  f1              3   35[COMRAM] float 
  f2              3   38[COMRAM] float 
 Auto vars:     Size  Location     Type
  f3              3   45[COMRAM] float 
  sign            1   49[COMRAM] unsigned char 
  exp             1   48[COMRAM] unsigned char 
  cntr            1   44[COMRAM] unsigned char 
 Return value:  Size  Location     Type
                  3   35[COMRAM] float 
 Registers used:
		wreg, status,2, status,0, cstack
 Tracked objects:
		On entry : 
		On exit  : 
		Unchanged: 
 Data sizes:     COMRAM   BANK0   BANK1   BANK2   BANK3   BANK4   BANK5
      Params:         6       0       0       0       0       0       0
      Locals:         6       0       0       0       0       0       0
      Temps:          3       0       0       0       0       0       0
      Totals:        15       0       0       0       0       0       0
Total ram usage:       15 bytes
 Hardware stack levels used:    1
 Hardware stack levels required when called:    1
 This function calls:
		___ftpack
 This function is called by:
		_main
 This function uses a non-reentrant model


 *************** function ___ftpack *****************
 Defined at:
		line 62 in file "/opt/microchip/xc8/v1.44/sources/common/float.c"
 Parameters:    Size  Location     Type
  arg             3    0[COMRAM] unsigned um
  exp             1    3[COMRAM] unsigned char 
  sign            1    4[COMRAM] unsigned char 
 Auto vars:     Size  Location     Type
		None
 Return value:  Size  Location     Type
                  3    0[COMRAM] float 
 Registers used:
		wreg, status,2, status,0
 Tracked objects:
		On entry : 
		On exit  : 
		Unchanged: 
 Data sizes:     COMRAM   BANK0   BANK1   BANK2   BANK3   BANK4   BANK5
      Params:         5       0       0       0       0       0       0
      Locals:         0       0       0       0       0       0       0
      Temps:          3       0       0       0       0       0       0
      Totals:         8       0       0       0       0       0       0
Total ram usage:        8 bytes
 Hardware stack levels used:    1
 This function calls:
		Nothing
 This function is called by:
		___ftadd
		___ftdiv
		___ftmul
		___lltoft
		___lwtoft
 This function uses a non-reentrant model



MODULE INFORMATION

Module		Function		Class		Link	Load	Size
/opt/microchip/xc8/v1.44/sources/common/float.c
		___ftpack      		CODE           	1DEE	0000	175

/opt/microchip/xc8/v1.44/sources/common/float.c estimated size: 175

/opt/microchip/xc8/v1.44/sources/common/ftdivl.c
		__tdiv_to_l_   		CODE           	1700	0000	307

/opt/microchip/xc8/v1.44/sources/common/ftdivl.c estimated size: 307

/opt/microchip/xc8/v1.44/sources/common/Umul16.c
		___wmul        		CODE           	2320	0000	39

/opt/microchip/xc8/v1.44/sources/common/Umul16.c estimated size: 39

/opt/microchip/xc8/v1.44/sources/common/isdigit.c
		_isdigit       		CODE           	238E	0000	31

/opt/microchip/xc8/v1.44/sources/common/isdigit.c estimated size: 31

/opt/microchip/xc8/v1.44/sources/common/fldivl.c
		__div_to_l_    		CODE           	1832	0000	297

/opt/microchip/xc8/v1.44/sources/common/fldivl.c estimated size: 297

/opt/microchip/xc8/v1.44/sources/common/ftmul.c
		___ftmul       		CODE           	1A66	0000	245

/opt/microchip/xc8/v1.44/sources/common/ftmul.c estimated size: 245

/opt/microchip/xc8/v1.44/sources/common/awmod.c
		___awmod       		CODE           	2032	0000	113

/opt/microchip/xc8/v1.44/sources/common/awmod.c estimated size: 113

/opt/microchip/xc8/v1.44/sources/common/ftdiv.c
		___ftdiv       		CODE           	1C4E	0000	231

/opt/microchip/xc8/v1.44/sources/common/ftdiv.c estimated size: 231

/opt/microchip/xc8/v1.44/sources/common/llmod.c
		___llmod       		CODE           	20A2	0000	103

/opt/microchip/xc8/v1.44/sources/common/llmod.c estimated size: 103

adct_1.c
		_main          		CODE           	195A	0000	269

adct_1.c estimated size: 269

/opt/microchip/xc8/v1.44/sources/common/ftge.c
		___ftge        		CODE           	1E9C	0000	145

/opt/microchip/xc8/v1.44/sources/common/ftge.c estimated size: 145

/opt/microchip/xc8/v1.44/sources/common/fttol.c
		___fttol       		CODE           	1B5A	0000	245

/opt/microchip/xc8/v1.44/sources/common/fttol.c estimated size: 245

shared
		__powers_      		SMALLCONST     	0629	0000	40
		_dpowers       		SMALLCONST     	0601	0000	41
		__npowers_     		SMALLCONST     	0650	0000	40
		__initialization		CODE           	23C6	0000	13

shared estimated size: 134

/opt/microchip/xc8/v1.44/sources/common/awdiv.c
		___awdiv       		CODE           	1F2C	0000	133

/opt/microchip/xc8/v1.44/sources/common/awdiv.c estimated size: 133

/opt/microchip/xc8/v1.44/sources/common/lwtoft.c
		___lwtoft      		CODE           	236A	0000	37

/opt/microchip/xc8/v1.44/sources/common/lwtoft.c estimated size: 37

/opt/microchip/xc8/v1.44/sources/common/ftadd.c
		___ftadd       		CODE           	1554	0000	429

/opt/microchip/xc8/v1.44/sources/common/ftadd.c estimated size: 429

/opt/microchip/xc8/v1.44/sources/common/lldiv.c
		___lldiv       		CODE           	1FB0	0000	131

/opt/microchip/xc8/v1.44/sources/common/lldiv.c estimated size: 131

../MyLibs/lcd4a.c
		_lcd_putc      		CODE           	2286	0000	59
		_lcd_cmd       		CODE           	21B6	0000	75
		_lcd_cmd_hf    		CODE           	23AC	0000	27
		_manda         		CODE           	22F4	0000	45
		_lcd_dwr       		CODE           	2200	0000	71
		_lcd_gotoxy    		CODE           	22C0	0000	53
		_lcd_lat       		CODE           	23DC	0000	21
		_lcd_init      		CODE           	1D34	0000	187
		_lcd_msg       		CODE           	2164	0000	83

../MyLibs/lcd4a.c estimated size: 621

/opt/microchip/xc8/v1.44/sources/common/doprnt.c
		_scale         		CODE           	0EFA	0000	1033
		_sprintf       		CODE           	068C	0000	2159
		_fround        		CODE           	1302	0000	595

/opt/microchip/xc8/v1.44/sources/common/doprnt.c estimated size: 3787

/opt/microchip/xc8/v1.44/sources/common/lltoft.c
		___lltoft      		CODE           	2108	0000	93

/opt/microchip/xc8/v1.44/sources/common/lltoft.c estimated size: 93

/opt/microchip/xc8/v1.44/sources/common/ftneg.c
		___ftneg       		CODE           	2346	0000	37

/opt/microchip/xc8/v1.44/sources/common/ftneg.c estimated size: 37

/opt/microchip/xc8/v1.44/sources/common/ftsub.c
		___ftsub       		CODE           	2246	0000	65

/opt/microchip/xc8/v1.44/sources/common/ftsub.c estimated size: 65

