Microchip MPLAB XC8 Compiler V1.45 ()

Linker command line:

-W-3 --edf=/opt/microchip/xc8/v1.45/dat/en_msgs.txt -cs \
  -h+dist/default/production/color_2.X.production.sym \
  --cmf=dist/default/production/color_2.X.production.cmf -z -Q18F4520 \
  -o/tmp/xcXkZpDoO -Mdist/default/production/color_2.X.production.map -E1 \
  -ver=XC8 --acfsm=1493 -ASTACK=011Dh-05ffh -pstack=STACK -ACODE=00h-07FFFh \
  -ACONST=00h-07FFFh -ASMALLCONST=0600h-06FFhx122 \
  -AMEDIUMCONST=0600h-07FFFh -ACOMRAM=01h-07Fh -AABS1=00h-05FFh \
  -ABIGRAM=01h-05FFh -ARAM=080h-0FFh,0100h-01FFhx5 -ABANK0=080h-0FFh \
  -ABANK1=0100h-01FFh -ABANK2=0200h-02FFh -ABANK3=0300h-03FFh \
  -ABANK4=0400h-04FFh -ABANK5=0500h-05FFh -ASFR=0F80h-0FFFh \
  -preset_vec=00h,intcode=08h,intcodelo=018h,powerup,init -pramtop=0600h \
  -psmallconst=SMALLCONST -pmediumconst=MEDIUMCONST -pconst=CONST \
  -AFARRAM=00h-00h -ACONFIG=0300000h-030000Dh -pconfig=CONFIG \
  -AIDLOC=0200000h-0200007h -pidloc=IDLOC -AEEDATA=0F00000h-0F000FFh \
  -peeprom_data=EEDATA \
  -prdata=COMRAM,nvrram=COMRAM,nvbit=COMRAM,rbss=COMRAM,rbit=COMRAM \
  -pfarbss=FARRAM,fardata=FARRAM,nvFARRAM=FARRAM \
  -pintsave_regs=BIGRAM,bigbss=BIGRAM,bigdata=BIGRAM -pbss=RAM \
  -pidata=CODE,irdata=CODE,ibigdata=CODE,ifardata=CODE -prparam=COMRAM \
  /tmp/xcXhDJZIU.obj dist/default/production/color_2.X.production.obj 

Object code version is 3.11

Machine type is 18F4520

Call graph: (short form)




                Name                               Link     Load   Length Selector   Space Scale
/tmp/xcXhDJZIU.obj
                init                                 D8       D8        4        C       0
                reset_vec                             0        0        4        0       0
                idloc                            200000   200000        8   200000       0
                config                           300000   300000        E   300000       0
dist/default/production/color_2.X.production.obj
                intcodelo                            18       18       C0        C       0
                intcode                               8        8        6        4       0
                temp                                 52       52        1        1       1
                smallconst                          600      600       E8      300       0
                intcode_body                       2B06     2B06      122      374       0
                text32                             2208     2208      2B6      374       0
                text31                             1B78     1B78      352      374       0
                text30                             2754     2754      154      374       0
                text29                             34C0     34C0        E      374       0
                text28                             2D48     2D48      108      374       0
                text27                             34AA     34AA       16      374       0
                text26                             3406     3406       2C      374       0
                text25                             321C     321C       4A      374       0
                text24                             33A4     33A4       34      374       0
                text23                             3490     3490       1A      374       0
                text22                             2F2E     2F2E       BE      374       0
                text21                             32AE     32AE       46      374       0
                text20                             3332     3332       3A      374       0
                text19                             31CA     31CA       52      374       0
                text18                             32F4     32F4       3E      374       0
                text17                             336C     336C       38      374       0
                text16                             2C28     2C28      120      374       0
                text15                             33D8     33D8       2E      374       0
                text14                             1ECA     1ECA      33E      374       0
                text13                             3266     3266       48      374       0
                text12                             2E50     2E50       DE      374       0
                text11                             3072     3072       82      374       0
                text10                             3164     3164       66      374       0
                text9                              3432     3432       26      374       0
                text8                              29DC     29DC      12A      374       0
                text7                              28A8     28A8      134      374       0
                text6                              2FEC     2FEC       86      374       0
                text5                              30F4     30F4       70      374       0
                text4                              24BE     24BE      296      374       0
                text3                              3458     3458       1E      374       0
                text2                              1728     1728      450      374       0
                text1                               6E8      6E8      8EC      374       0
                text0                               FD4      FD4      754      374       0
                cstackCOMRAM                          1        1       3A        1       1
                cstackBANK0                          80       80       76       80       1
                cstackBANK1                         100      100       1D      100       1
                bssCOMRAM                            3B       3B       17        1       1
                cinit                              3476     3476       1A      374       0

TOTAL           Name                               Link     Load   Length     Space
        CLASS   STACK          

        CLASS   CODE           
                intcodelo                            18       18       C0         0
                intcode                               8        8        6         0
                init                                 D8       D8        4         0
                reset_vec                             0        0        4         0
                intcode_body                       2B06     2B06      122         0
                text32                             2208     2208      2B6         0
                text31                             1B78     1B78      352         0
                text30                             2754     2754      154         0
                text29                             34C0     34C0        E         0
                text28                             2D48     2D48      108         0
                text27                             34AA     34AA       16         0
                text26                             3406     3406       2C         0
                text25                             321C     321C       4A         0
                text24                             33A4     33A4       34         0
                text23                             3490     3490       1A         0
                text22                             2F2E     2F2E       BE         0
                text21                             32AE     32AE       46         0
                text20                             3332     3332       3A         0
                text19                             31CA     31CA       52         0
                text18                             32F4     32F4       3E         0
                text17                             336C     336C       38         0
                text16                             2C28     2C28      120         0
                text15                             33D8     33D8       2E         0
                text14                             1ECA     1ECA      33E         0
                text13                             3266     3266       48         0
                text12                             2E50     2E50       DE         0
                text11                             3072     3072       82         0
                text10                             3164     3164       66         0
                text9                              3432     3432       26         0
                text8                              29DC     29DC      12A         0
                text7                              28A8     28A8      134         0
                text6                              2FEC     2FEC       86         0
                text5                              30F4     30F4       70         0
                text4                              24BE     24BE      296         0
                text3                              3458     3458       1E         0
                text2                              1728     1728      450         0
                text1                               6E8      6E8      8EC         0
                text0                               FD4      FD4      754         0
                cinit                              3476     3476       1A         0

        CLASS   CONST          

        CLASS   SMALLCONST     
                smallconst                          600      600       E8         0

        CLASS   MEDIUMCONST    

        CLASS   COMRAM         
                temp                                 52       52        1         1
                cstackCOMRAM                          1        1       3A         1
                bssCOMRAM                            3B       3B       17         1

        CLASS   ABS1           

        CLASS   BIGRAM         

        CLASS   RAM            

        CLASS   BANK0          
                cstackBANK0                          80       80       76         1

        CLASS   BANK1          
                cstackBANK1                         100      100       1D         1

        CLASS   BANK2          

        CLASS   BANK3          

        CLASS   BANK4          

        CLASS   BANK5          

        CLASS   SFR            

        CLASS   FARRAM         

        CLASS   CONFIG         
                config                           300000   300000        E         0

        CLASS   IDLOC          
                idloc                            200000   200000        8         0

        CLASS   EEDATA         



SEGMENTS        Name                           Load    Length   Top    Selector   Space  Class

                reset_vec                      000000  000004  000004         0       0  CODE    
                cstackCOMRAM                   000001  000052  000053         1       1  COMRAM  
                intcode                        000008  000006  00000E         4       0  CODE    
                intcodelo                      000018  0000C4  0000DC         C       0  CODE    
                cstackBANK0                    000080  000076  0000F6        80       1  BANK0   
                cstackBANK1                    000100  00001D  00011D       100       1  BANK1   
                smallconst                     000600  0000E8  0006E8       300       0  SMALLCON
                text1                          0006E8  002DE6  0034CE       374       0  CODE    
                idloc                          200000  000008  200008    200000       0  IDLOC   
                config                         300000  00000E  30000E    300000       0  CONFIG  


UNUSED ADDRESS RANGES

        Name                Unused          Largest block    Delta
        BANK0            0000F6-0000FF                A
        BANK1            00011D-0001FF               E3
        BANK2            000200-0002FF              100
        BANK3            000300-0003FF              100
        BANK4            000400-0004FF              100
        BANK5            000500-0005FF              100
        BIGRAM           000053-00007F               2D
                         0000F6-0000FF                A
                         00011D-0005FF              4E3
        CODE             000004-000007                4
                         00000E-000017                A
                         0000DC-0005FF              524
                         0034CE-007FFF             4B32
        COMRAM           000053-00007F               2D
        CONST            000004-000007                4
                         00000E-000017                A
                         0000DC-0005FF              524
                         0034CE-007FFF             4B32
        EEDATA           F00000-F000FF              100
        MEDIUMCONST      0034CE-007FFF             4B32
        RAM              0000F6-0000FF                A
                         00011D-0005FF              100
        SFR              000F80-000FFF               80
        SMALLCONST       0034CE-007FFF              100
        STACK            00011D-0005FF              4E3

                                  Symbol Table

?___awdiv                      cstackCOMRAM 000034
?___awmod                      cstackCOMRAM 00002E
?___fladd                      cstackBANK0  0000B1
?___fldiv                      cstackCOMRAM 00002E
?___flmul                      cstackBANK0  000084
?___flneg                      cstackCOMRAM 00002E
?___flsub                      cstackBANK0  0000C5
?___fltol                      cstackBANK0  0000A6
?___lldiv                      cstackCOMRAM 00002E
?___llmod                      cstackCOMRAM 00002E
?___wmul                       cstackCOMRAM 00002E
?___xxtofl                     cstackBANK0  000080
?__div_to_l_                   cstackCOMRAM 00002E
?__tdiv_to_l_                  cstackCOMRAM 00002E
?_calcula                      cstackBANK0  00009D
?_fround                       cstackBANK0  00009D
?_scale                        cstackBANK0  00009D
?_sprintf                      cstackBANK0  0000CD
_GIEH                          (abs)        007F97
_GIEL                          (abs)        007F96
_INT0IE                        (abs)        007F94
_INT0IF                        (abs)        007F91
_INTEDG0                       (abs)        007F8E
_IPEN                          (abs)        007E87
_PORTB                         (abs)        000F81
_PORTD                         (abs)        000F83
_T1CKPS0                       (abs)        007E6C
_T1CKPS1                       (abs)        007E6D
_T1CONbits                     (abs)        000FCD
_TMR1                          (abs)        000FCE
_TMR1CS                        (abs)        007E69
_TMR1IE                        (abs)        007CE8
_TMR1IF                        (abs)        007CF0
_TMR1IP                        (abs)        007CF8
_TMR1ON                        (abs)        007E68
__CFG_BOREN$OFF                (abs)        000000
__CFG_BORV$3                   (abs)        000000
__CFG_CCP2MX$PORTBE            (abs)        000000
__CFG_CP0$OFF                  (abs)        000000
__CFG_CP1$OFF                  (abs)        000000
__CFG_CP2$OFF                  (abs)        000000
__CFG_CP3$OFF                  (abs)        000000
__CFG_CPB$OFF                  (abs)        000000
__CFG_CPD$OFF                  (abs)        000000
__CFG_EBTR0$OFF                (abs)        000000
__CFG_EBTR1$OFF                (abs)        000000
__CFG_EBTR2$OFF                (abs)        000000
__CFG_EBTR3$OFF                (abs)        000000
__CFG_EBTRB$OFF                (abs)        000000
__CFG_FCMEN$OFF                (abs)        000000
__CFG_IESO$OFF                 (abs)        000000
__CFG_LPT1OSC$OFF              (abs)        000000
__CFG_LVP$OFF                  (abs)        000000
__CFG_MCLRE$ON                 (abs)        000000
__CFG_OSC$HS                   (abs)        000000
__CFG_PBADEN$OFF               (abs)        000000
__CFG_PWRT$ON                  (abs)        000000
__CFG_STVREN$ON                (abs)        000000
__CFG_WDT$OFF                  (abs)        000000
__CFG_WDTPS$32768              (abs)        000000
__CFG_WRT0$OFF                 (abs)        000000
__CFG_WRT1$OFF                 (abs)        000000
__CFG_WRT2$OFF                 (abs)        000000
__CFG_WRT3$OFF                 (abs)        000000
__CFG_WRTB$OFF                 (abs)        000000
__CFG_WRTC$OFF                 (abs)        000000
__CFG_WRTD$OFF                 (abs)        000000
__CFG_XINST$OFF                (abs)        000000
__HRAM                         (abs)        000000
__Habs1                        abs1         000000
__Hbank0                       bank0        000000
__Hbank1                       bank1        000000
__Hbank2                       bank2        000000
__Hbank3                       bank3        000000
__Hbank4                       bank4        000000
__Hbank5                       bank5        000000
__Hbigbss                      bigbss       000000
__Hbigdata                     bigdata      000000
__Hbigram                      bigram       000000
__Hbss                         bss          000000
__HbssCOMRAM                   bssCOMRAM    000000
__Hcinit                       cinit        000000
__Hclrtext                     clrtext      000000
__Hcomram                      comram       000000
__Hconfig                      config       30000E
__Hconst                       const        000000
__HcstackBANK0                 cstackBANK0  000000
__HcstackBANK1                 cstackBANK1  000000
__HcstackCOMRAM                cstackCOMRAM 000000
__Hdata                        data         000000
__Heeprom_data                 eeprom_data  000000
__Hfarbss                      farbss       000000
__Hfardata                     fardata      000000
__Hibigdata                    ibigdata     000000
__Hidata                       idata        000000
__Hidloc                       idloc        200008
__Hifardata                    ifardata     000000
__Hinit                        init         0000DC
__Hintcode                     intcode      00000E
__Hintcode_body                intcode_body 000000
__Hintcodelo                   intcodelo    0000D8
__Hintentry                    intentry     000000
__Hintret                      intret       000000
__Hintsave_regs                intsave_regs 000000
__Hirdata                      irdata       000000
__Hmediumconst                 mediumconst  000000
__HnvFARRAM                    nvFARRAM     000000
__Hnvbit                       nvbit        000000
__Hnvrram                      nvrram       000000
__Hparam                       rparam       000000
__Hpowerup                     powerup      0000D8
__Hram                         ram          000000
__Hramtop                      ramtop       000600
__Hrbit                        rbit         000000
__Hrbss                        rbss         000000
__Hrdata                       rdata        000000
__Hreset_vec                   reset_vec    000004
__Hrparam                      rparam       000000
__Hsfr                         sfr          000000
__Hsmallconst                  smallconst   0006E8
__Hspace_0                     (abs)        30000E
__Hspace_1                     (abs)        00011D
__Hspace_2                     (abs)        000000
__Hstack                       stack        000000
__Hstruct                      struct       000000
__Htemp                        temp         000053
__Htext                        text         000000
__Htext0                       text0        000000
__Htext1                       text1        000000
__Htext10                      text10       000000
__Htext11                      text11       000000
__Htext12                      text12       000000
__Htext13                      text13       000000
__Htext14                      text14       000000
__Htext15                      text15       000000
__Htext16                      text16       000000
__Htext17                      text17       000000
__Htext18                      text18       000000
__Htext19                      text19       000000
__Htext2                       text2        000000
__Htext20                      text20       000000
__Htext21                      text21       000000
__Htext22                      text22       000000
__Htext23                      text23       000000
__Htext24                      text24       000000
__Htext25                      text25       000000
__Htext26                      text26       000000
__Htext27                      text27       000000
__Htext28                      text28       000000
__Htext29                      text29       000000
__Htext3                       text3        000000
__Htext30                      text30       000000
__Htext31                      text31       000000
__Htext32                      text32       000000
__Htext4                       text4        000000
__Htext5                       text5        000000
__Htext6                       text6        000000
__Htext7                       text7        000000
__Htext8                       text8        000000
__Htext9                       text9        000000
__LRAM                         (abs)        000001
__Labs1                        abs1         000000
__Lbank0                       bank0        000000
__Lbank1                       bank1        000000
__Lbank2                       bank2        000000
__Lbank3                       bank3        000000
__Lbank4                       bank4        000000
__Lbank5                       bank5        000000
__Lbigbss                      bigbss       000000
__Lbigdata                     bigdata      000000
__Lbigram                      bigram       000000
__Lbss                         bss          000000
__LbssCOMRAM                   bssCOMRAM    000000
__Lcinit                       cinit        000000
__Lclrtext                     clrtext      000000
__Lcomram                      comram       000000
__Lconfig                      config       300000
__Lconst                       const        000000
__LcstackBANK0                 cstackBANK0  000000
__LcstackBANK1                 cstackBANK1  000000
__LcstackCOMRAM                cstackCOMRAM 000000
__Ldata                        data         000000
__Leeprom_data                 eeprom_data  000000
__Lfarbss                      farbss       000000
__Lfardata                     fardata      000000
__Libigdata                    ibigdata     000000
__Lidata                       idata        000000
__Lidloc                       idloc        200000
__Lifardata                    ifardata     000000
__Linit                        init         0000D8
__Lintcode                     intcode      000008
__Lintcode_body                intcode_body 000000
__Lintcodelo                   intcodelo    000018
__Lintentry                    intentry     000000
__Lintret                      intret       000000
__Lintsave_regs                intsave_regs 000000
__Lirdata                      irdata       000000
__Lmediumconst                 mediumconst  000000
__LnvFARRAM                    nvFARRAM     000000
__Lnvbit                       nvbit        000000
__Lnvrram                      nvrram       000000
__Lparam                       rparam       000000
__Lpowerup                     powerup      0000D8
__Lram                         ram          000000
__Lramtop                      ramtop       000600
__Lrbit                        rbit         000000
__Lrbss                        rbss         000000
__Lrdata                       rdata        000000
__Lreset_vec                   reset_vec    000000
__Lrparam                      rparam       000000
__Lsfr                         sfr          000000
__Lsmallconst                  smallconst   000600
__Lspace_0                     (abs)        000000
__Lspace_1                     (abs)        000000
__Lspace_2                     (abs)        000000
__Lstack                       stack        000000
__Lstruct                      struct       000000
__Ltemp                        temp         000052
__Ltext                        text         000000
__Ltext0                       text0        000000
__Ltext1                       text1        000000
__Ltext10                      text10       000000
__Ltext11                      text11       000000
__Ltext12                      text12       000000
__Ltext13                      text13       000000
__Ltext14                      text14       000000
__Ltext15                      text15       000000
__Ltext16                      text16       000000
__Ltext17                      text17       000000
__Ltext18                      text18       000000
__Ltext19                      text19       000000
__Ltext2                       text2        000000
__Ltext20                      text20       000000
__Ltext21                      text21       000000
__Ltext22                      text22       000000
__Ltext23                      text23       000000
__Ltext24                      text24       000000
__Ltext25                      text25       000000
__Ltext26                      text26       000000
__Ltext27                      text27       000000
__Ltext28                      text28       000000
__Ltext29                      text29       000000
__Ltext3                       text3        000000
__Ltext30                      text30       000000
__Ltext31                      text31       000000
__Ltext32                      text32       000000
__Ltext4                       text4        000000
__Ltext5                       text5        000000
__Ltext6                       text6        000000
__Ltext7                       text7        000000
__Ltext8                       text8        000000
__Ltext9                       text9        000000
__S0                           (abs)        30000E
__S1                           (abs)        00011D
__S2                           (abs)        000000
___awdiv                       text6        002FEC
___awdiv@counter               cstackBANK0  000080
___awdiv@dividend              cstackCOMRAM 000034
___awdiv@divisor               cstackCOMRAM 000036
___awdiv@quotient              cstackBANK0  000082
___awdiv@sign                  cstackBANK0  000081
___awmod                       text5        0030F4
___awmod@counter               cstackCOMRAM 000032
___awmod@dividend              cstackCOMRAM 00002E
___awmod@divisor               cstackCOMRAM 000030
___awmod@sign                  cstackCOMRAM 000033
___fladd                       text14       001ECA
___fladd@a                     cstackBANK0  0000B5
___fladd@aexp                  cstackBANK0  0000C2
___fladd@b                     cstackBANK0  0000B1
___fladd@bexp                  cstackBANK0  0000C3
___fladd@grs                   cstackBANK0  0000C4
___fladd@signs                 cstackBANK0  0000C1
___fldiv                       text32       002208
___fldiv@a                     cstackCOMRAM 000032
___fldiv@aexp                  cstackBANK0  00008C
___fldiv@b                     cstackCOMRAM 00002E
___fldiv@bexp                  cstackBANK0  00008B
___fldiv@grs                   cstackBANK0  000087
___fldiv@new_exp               cstackBANK0  000085
___fldiv@rem                   cstackBANK0  000081
___fldiv@sign                  cstackBANK0  000080
___flge                        text16       002C28
___flge@ff1                    cstackCOMRAM 00002E
___flge@ff2                    cstackCOMRAM 000032
___flmul                       text31       001B78
___flmul@a                     cstackBANK0  000088
___flmul@aexp                  cstackBANK0  000091
___flmul@b                     cstackBANK0  000084
___flmul@bexp                  cstackBANK0  000096
___flmul@grs                   cstackBANK0  000092
___flmul@prod                  cstackBANK0  000097
___flmul@sign                  cstackBANK0  000090
___flmul@temp                  cstackBANK0  00009B
___flneg                       text15       0033D8
___flneg@f1                    cstackCOMRAM 00002E
___flsub                       text13       003266
___flsub@a                     cstackBANK0  0000C9
___flsub@b                     cstackBANK0  0000C5
___fltol                       text12       002E50
___fltol@exp1                  cstackCOMRAM 000039
___fltol@f1                    cstackBANK0  0000A6
___fltol@sign1                 cstackCOMRAM 000038
___inthi_sp                    stack        000000
___intlo_sp                    stack        000000
___lldiv                       text11       003072
___lldiv@counter               cstackCOMRAM 00003A
___lldiv@dividend              cstackCOMRAM 00002E
___lldiv@divisor               cstackCOMRAM 000032
___lldiv@quotient              cstackCOMRAM 000036
___llmod                       text10       003164
___llmod@counter               cstackCOMRAM 000036
___llmod@dividend              cstackCOMRAM 00002E
___llmod@divisor               cstackCOMRAM 000032
___param_bank                  (abs)        000000
___rparam_used                 (abs)        000001
___sp                          stack        000000
___wmul                        text9        003432
___wmul@multiplicand           cstackCOMRAM 000030
___wmul@multiplier             cstackCOMRAM 00002E
___wmul@product                cstackCOMRAM 000032
___xxtofl                      text30       002754
___xxtofl@arg                  cstackBANK0  00008A
___xxtofl@exp                  cstackBANK0  000089
___xxtofl@sign                 cstackBANK0  000088
___xxtofl@val                  cstackBANK0  000080
__accesstop                    (abs)        000080
__activetblptr                 (abs)        000002
__div_to_l_                    text8        0029DC
__div_to_l_@cntr               cstackBANK0  000084
__div_to_l_@exp1               cstackBANK0  000085
__div_to_l_@f1                 cstackCOMRAM 00002E
__div_to_l_@f2                 cstackCOMRAM 000032
__div_to_l_@quot               cstackBANK0  000080
__end_of___awdiv               text6        003072
__end_of___awmod               text5        003164
__end_of___fladd               text14       002208
__end_of___fldiv               text32       0024BE
__end_of___flge                text16       002D48
__end_of___flmul               text31       001ECA
__end_of___flneg               text15       003406
__end_of___flsub               text13       0032AE
__end_of___fltol               text12       002F2E
__end_of___lldiv               text11       0030F4
__end_of___llmod               text10       0031CA
__end_of___wmul                text9        003458
__end_of___xxtofl              text30       0028A8
__end_of__div_to_l_            text8        002B06
__end_of__initialization       cinit        003482
__end_of__npowers_             smallconst   000669
__end_of__powers_              smallconst   000635
__end_of__tdiv_to_l_           text7        0029DC
__end_of_calcula               text28       002E50
__end_of_dpowers               smallconst   000691
__end_of_fround                text4        002754
__end_of_high_isr              intcode_body 002C28
__end_of_isdigit               text3        003476
__end_of_lcd_cmd               text25       003266
__end_of_lcd_cmd_hf            text23       0034AA
__end_of_lcd_dwr               text21       0032F4
__end_of_lcd_gotoxy            text24       0033D8
__end_of_lcd_init              text22       002FEC
__end_of_lcd_lat               text27       0034C0
__end_of_lcd_msg               text19       00321C
__end_of_lcd_putc              text20       00336C
__end_of_low_isr               intcodelo    0000D8
__end_of_main                  text0        001728
__end_of_manda                 text26       003432
__end_of_prepareForInterrupts  text29       0034CE
__end_of_scale                 text2        001B78
__end_of_seleccionarColor      text18       003332
__end_of_seleccionarEscala     text17       0033A4
__end_of_sprintf               text1        000FD4
__initialization               cinit        003476
__mediumconst                  mediumconst  000000
__npowers_                     smallconst   000635
__pbssCOMRAM                   bssCOMRAM    00003B
__pcinit                       cinit        003476
__pcstackBANK0                 cstackBANK0  000080
__pcstackBANK1                 cstackBANK1  000100
__pcstackCOMRAM                cstackCOMRAM 000001
__pintcode                     intcode      000008
__pintcode_body                intcode_body 002B06
__pintcodelo                   intcodelo    000018
__powers_                      smallconst   000601
__psmallconst                  smallconst   000600
__ptext0                       text0        000FD4
__ptext1                       text1        0006E8
__ptext10                      text10       003164
__ptext11                      text11       003072
__ptext12                      text12       002E50
__ptext13                      text13       003266
__ptext14                      text14       001ECA
__ptext15                      text15       0033D8
__ptext16                      text16       002C28
__ptext17                      text17       00336C
__ptext18                      text18       0032F4
__ptext19                      text19       0031CA
__ptext2                       text2        001728
__ptext20                      text20       003332
__ptext21                      text21       0032AE
__ptext22                      text22       002F2E
__ptext23                      text23       003490
__ptext24                      text24       0033A4
__ptext25                      text25       00321C
__ptext26                      text26       003406
__ptext27                      text27       0034AA
__ptext28                      text28       002D48
__ptext29                      text29       0034C0
__ptext3                       text3        003458
__ptext30                      text30       002754
__ptext31                      text31       001B78
__ptext32                      text32       002208
__ptext4                       text4        0024BE
__ptext5                       text5        0030F4
__ptext6                       text6        002FEC
__ptext7                       text7        0028A8
__ptext8                       text8        0029DC
__ptext9                       text9        003432
__ramtop                       ramtop       000600
__size_of___awdiv              (abs)        000000
__size_of___awmod              (abs)        000000
__size_of___fladd              (abs)        000000
__size_of___fldiv              (abs)        000000
__size_of___flge               (abs)        000000
__size_of___flmul              (abs)        000000
__size_of___flneg              (abs)        000000
__size_of___flsub              (abs)        000000
__size_of___fltol              (abs)        000000
__size_of___lldiv              (abs)        000000
__size_of___llmod              (abs)        000000
__size_of___wmul               (abs)        000000
__size_of___xxtofl             (abs)        000000
__size_of__div_to_l_           (abs)        000000
__size_of__tdiv_to_l_          (abs)        000000
__size_of_calcula              (abs)        000000
__size_of_fround               (abs)        000000
__size_of_high_isr             (abs)        000000
__size_of_isdigit              (abs)        000000
__size_of_lcd_cmd              (abs)        000000
__size_of_lcd_cmd_hf           (abs)        000000
__size_of_lcd_dwr              (abs)        000000
__size_of_lcd_gotoxy           (abs)        000000
__size_of_lcd_init             (abs)        000000
__size_of_lcd_lat              (abs)        000000
__size_of_lcd_msg              (abs)        000000
__size_of_lcd_putc             (abs)        000000
__size_of_low_isr              (abs)        000000
__size_of_main                 (abs)        000000
__size_of_manda                (abs)        000000
__size_of_prepareForInterrupts (abs)        000000
__size_of_scale                (abs)        000000
__size_of_seleccionarColor     (abs)        000000
__size_of_seleccionarEscala    (abs)        000000
__size_of_sprintf              (abs)        000000
__smallconst                   smallconst   000600
__tdiv_to_l_                   text7        0028A8
__tdiv_to_l_@cntr              cstackBANK0  000084
__tdiv_to_l_@exp1              cstackBANK0  000085
__tdiv_to_l_@f1                cstackCOMRAM 00002E
__tdiv_to_l_@f2                cstackCOMRAM 000032
__tdiv_to_l_@quot              cstackBANK0  000080
_calcula                       text28       002D48
_dpowers                       smallconst   000669
_finishTime                    bssCOMRAM    00003B
_first                         bssCOMRAM    000048
_fround                        text4        0024BE
_fround$872                    cstackBANK0  0000A5
_fround$873                    cstackBANK0  0000A1
_high_isr                      intcode      000008
_isdigit                       text3        003458
_isdigit$517                   cstackCOMRAM 00002F
_lcd                           bssCOMRAM    000049
_lcd_cmd                       text25       00321C
_lcd_cmd_hf                    text23       003490
_lcd_dwr                       text21       0032AE
_lcd_gotoxy                    text24       0033A4
_lcd_init                      text22       002F2E
_lcd_lat                       text27       0034AA
_lcd_msg                       text19       0031CA
_lcd_putc                      text20       003332
_low_isr                       intcodelo    000018
_main                          text0        000FD4
_main$870                      cstackBANK1  000114
_main$871                      cstackBANK1  000104
_manda                         text26       003406
_overflowCount                 bssCOMRAM    000043
_prepareForInterrupts          text29       0034C0
_scale                         text2        001728
_scale$874                     cstackBANK0  0000A1
_seleccionarColor              text18       0032F4
_seleccionarEscala             text17       00336C
_sprintf                       text1        0006E8
_sprintf$875                   cstackBANK0  0000D9
_startTime                     bssCOMRAM    00003F
_triggered                     bssCOMRAM    000047
_value                         bssCOMRAM    00004A
btemp                          temp         000052
calcula@elapsedTime            cstackBANK0  0000A5
calcula@freq                   cstackBANK0  0000A9
calcula@temp                   cstackBANK0  0000AD
end_of_initialization          cinit        003482
fround@prec                    cstackBANK0  0000A9
high_isr@counter               cstackCOMRAM 000017
int$flags                      temp         000052
int_func                       intcode_body 002B06
intlevel0                      text         000000
intlevel1                      text         000000
intlevel2                      text         000000
intlevel3                      text         000000
isdigit@c                      cstackCOMRAM 000030
lcd_cmd@x                      cstackCOMRAM 000030
lcd_cmd_hf@x                   cstackCOMRAM 00002F
lcd_dwr@x                      cstackCOMRAM 000030
lcd_gotoxy@ADDRESS             cstackCOMRAM 000034
lcd_gotoxy@x                   cstackCOMRAM 000033
lcd_gotoxy@y                   cstackCOMRAM 000031
lcd_msg@c                      cstackCOMRAM 000032
lcd_putc@c                     cstackCOMRAM 000031
main@a                         cstackBANK1  000110
main@brillo                    cstackBANK1  000100
main@freq                      cstackBANK1  000119
main@i                         cstackBANK1  000118
main@r                         cstackBANK1  000108
main@v                         cstackBANK1  00010C
manda@dato                     cstackCOMRAM 00002E
scale@scl                      cstackBANK0  0000A5
seleccionarColor@col           cstackCOMRAM 00002E
seleccionarEscala@a            cstackCOMRAM 00002E
sprintf@ap                     cstackBANK0  0000DD
sprintf@c                      cstackBANK0  0000F3
sprintf@exp                    cstackBANK0  0000EB
sprintf@f                      cstackBANK0  0000CF
sprintf@flag                   cstackBANK0  0000E3
sprintf@fval                   cstackBANK0  0000ED
sprintf@prec                   cstackBANK0  0000F1
sprintf@sp                     cstackBANK0  0000CD
sprintf@tmpval                 cstackBANK0  0000E7
sprintf@val                    cstackBANK0  0000DF
sprintf@width                  cstackBANK0  0000E5
stackhi                        (abs)        0005FF
stacklo                        (abs)        00011D
start                          init         0000D8
start_initialization           cinit        003476
wtemp6                         temp         000053


FUNCTION INFORMATION:

 *************** function _main *****************
 Defined at:
		line 130 in file "color_2.c"
 Parameters:    Size  Location     Type
		None
 Auto vars:     Size  Location     Type
  freq            4   25[BANK1 ] float 
  a               4   16[BANK1 ] float 
  v               4   12[BANK1 ] float 
  r               4    8[BANK1 ] float 
  brillo          4    0[BANK1 ] float 
  i               1   24[BANK1 ] unsigned char 
 Return value:  Size  Location     Type
                  1    wreg      void 
 Registers used:
		wreg, fsr0l, fsr0h, fsr2l, fsr2h, status,2, status,0, tblptrl, tblptrh, tblptru, prodl, prodh, cstack
 Tracked objects:
		On entry : 
		On exit  : 
		Unchanged: 
 Data sizes:     COMRAM   BANK0   BANK1   BANK2   BANK3   BANK4   BANK5
      Params:         0       0       0       0       0       0       0
      Locals:         0       0      29       0       0       0       0
      Temps:          0       2       0       0       0       0       0
      Totals:         0       2      29       0       0       0       0
Total ram usage:       31 bytes
 Hardware stack levels required when called:    6
 This function calls:
		___fladd
		___fldiv
		___flge
		___xxtofl
		_calcula
		_lcd_gotoxy
		_lcd_init
		_lcd_msg
		_prepareForInterrupts
		_seleccionarColor
		_seleccionarEscala
		_sprintf
 This function is called by:
		Startup code after reset
 This function uses a non-reentrant model


 *************** function _sprintf *****************
 Defined at:
		line 492 in file "/opt/microchip/xc8/v1.45/sources/common/doprnt.c"
 Parameters:    Size  Location     Type
  sp              2   77[BANK0 ] PTR unsigned char 
		 -> value(8), 
  f               2   79[BANK0 ] PTR const unsigned char 
		 -> STR_8(6), STR_6(6), STR_4(6), STR_2(6), 
 Auto vars:     Size  Location     Type
  fval            4  109[BANK0 ] PTR const unsigned char 
  tmpval          4  103[BANK0 ] struct .
  val             4   95[BANK0 ] unsigned long 
  cp              3    0        PTR const unsigned char 
  prec            2  113[BANK0 ] int 
  exp             2  107[BANK0 ] int 
  width           2  101[BANK0 ] int 
  flag            2   99[BANK0 ] unsigned short 
  ap              2   93[BANK0 ] PTR void [1]
		 -> ?_sprintf(2), 
  len             2    0        unsigned int 
  c               1  115[BANK0 ] char 
  d               1    0        unsigned char 
 Return value:  Size  Location     Type
                  2   77[BANK0 ] int 
 Registers used:
		wreg, fsr2l, fsr2h, status,2, status,0, tblptrl, tblptrh, tblptru, prodl, prodh, cstack
 Tracked objects:
		On entry : 
		On exit  : 
		Unchanged: 
 Data sizes:     COMRAM   BANK0   BANK1   BANK2   BANK3   BANK4   BANK5
      Params:         0       8       0       0       0       0       0
      Locals:         0      27       0       0       0       0       0
      Temps:          0       4       0       0       0       0       0
      Totals:         0      39       0       0       0       0       0
Total ram usage:       39 bytes
 Hardware stack levels used:    1
 Hardware stack levels required when called:    4
 This function calls:
		___awdiv
		___fladd
		___flge
		___flmul
		___flneg
		___flsub
		___fltol
		___lldiv
		___llmod
		___wmul
		___xxtofl
		__div_to_l_
		__tdiv_to_l_
		_fround
		_isdigit
		_scale
 This function is called by:
		_main
 This function uses a non-reentrant model


 *************** function _scale *****************
 Defined at:
		line 425 in file "/opt/microchip/xc8/v1.45/sources/common/doprnt.c"
 Parameters:    Size  Location     Type
  scl             1    wreg     char 
 Auto vars:     Size  Location     Type
  scl             1   37[BANK0 ] char 
 Return value:  Size  Location     Type
                  4   29[BANK0 ] char 
 Registers used:
		wreg, status,2, status,0, tblptrl, tblptrh, tblptru, prodl, prodh, cstack
 Tracked objects:
		On entry : 
		On exit  : 
		Unchanged: 
 Data sizes:     COMRAM   BANK0   BANK1   BANK2   BANK3   BANK4   BANK5
      Params:         0       4       0       0       0       0       0
      Locals:         0       5       0       0       0       0       0
      Temps:          0       0       0       0       0       0       0
      Totals:         0       9       0       0       0       0       0
Total ram usage:        9 bytes
 Hardware stack levels used:    1
 Hardware stack levels required when called:    3
 This function calls:
		___awdiv
		___awmod
		___flmul
 This function is called by:
		_sprintf
 This function uses a non-reentrant model


 *************** function _isdigit *****************
 Defined at:
		line 8 in file "/opt/microchip/xc8/v1.45/sources/common/isdigit.c"
 Parameters:    Size  Location     Type
  c               1    wreg     unsigned char 
 Auto vars:     Size  Location     Type
  c               1   47[COMRAM] unsigned char 
 Return value:  Size  Location     Type
		None               void
 Registers used:
		wreg, status,2, status,0
 Tracked objects:
		On entry : 
		On exit  : 
		Unchanged: 
 Data sizes:     COMRAM   BANK0   BANK1   BANK2   BANK3   BANK4   BANK5
      Params:         0       0       0       0       0       0       0
      Locals:         2       0       0       0       0       0       0
      Temps:          1       0       0       0       0       0       0
      Totals:         3       0       0       0       0       0       0
Total ram usage:        3 bytes
 Hardware stack levels used:    1
 Hardware stack levels required when called:    2
 This function calls:
		Nothing
 This function is called by:
		_sprintf
 This function uses a non-reentrant model


 *************** function _fround *****************
 Defined at:
		line 409 in file "/opt/microchip/xc8/v1.45/sources/common/doprnt.c"
 Parameters:    Size  Location     Type
  prec            1    wreg     unsigned char 
 Auto vars:     Size  Location     Type
  prec            1   41[BANK0 ] unsigned char 
 Return value:  Size  Location     Type
                  4   29[BANK0 ] unsigned char 
 Registers used:
		wreg, status,2, status,0, tblptrl, tblptrh, tblptru, prodl, prodh, cstack
 Tracked objects:
		On entry : 
		On exit  : 
		Unchanged: 
 Data sizes:     COMRAM   BANK0   BANK1   BANK2   BANK3   BANK4   BANK5
      Params:         0       4       0       0       0       0       0
      Locals:         0       9       0       0       0       0       0
      Temps:          0       0       0       0       0       0       0
      Totals:         0      13       0       0       0       0       0
Total ram usage:       13 bytes
 Hardware stack levels used:    1
 Hardware stack levels required when called:    3
 This function calls:
		___awdiv
		___awmod
		___flmul
 This function is called by:
		_sprintf
 This function uses a non-reentrant model


 *************** function ___awmod *****************
 Defined at:
		line 8 in file "/opt/microchip/xc8/v1.45/sources/common/awmod.c"
 Parameters:    Size  Location     Type
  dividend        2   45[COMRAM] int 
  divisor         2   47[COMRAM] int 
 Auto vars:     Size  Location     Type
  sign            1   50[COMRAM] unsigned char 
  counter         1   49[COMRAM] unsigned char 
 Return value:  Size  Location     Type
                  2   45[COMRAM] int 
 Registers used:
		wreg, status,2, status,0
 Tracked objects:
		On entry : 
		On exit  : 
		Unchanged: 
 Data sizes:     COMRAM   BANK0   BANK1   BANK2   BANK3   BANK4   BANK5
      Params:         4       0       0       0       0       0       0
      Locals:         2       0       0       0       0       0       0
      Temps:          0       0       0       0       0       0       0
      Totals:         6       0       0       0       0       0       0
Total ram usage:        6 bytes
 Hardware stack levels used:    1
 Hardware stack levels required when called:    2
 This function calls:
		Nothing
 This function is called by:
		_fround
		_scale
 This function uses a non-reentrant model


 *************** function ___awdiv *****************
 Defined at:
		line 8 in file "/opt/microchip/xc8/v1.45/sources/common/awdiv.c"
 Parameters:    Size  Location     Type
  dividend        2   51[COMRAM] int 
  divisor         2   53[COMRAM] int 
 Auto vars:     Size  Location     Type
  quotient        2    2[BANK0 ] int 
  sign            1    1[BANK0 ] unsigned char 
  counter         1    0[BANK0 ] unsigned char 
 Return value:  Size  Location     Type
                  2   51[COMRAM] int 
 Registers used:
		wreg, status,2, status,0
 Tracked objects:
		On entry : 
		On exit  : 
		Unchanged: 
 Data sizes:     COMRAM   BANK0   BANK1   BANK2   BANK3   BANK4   BANK5
      Params:         4       0       0       0       0       0       0
      Locals:         0       4       0       0       0       0       0
      Temps:          0       0       0       0       0       0       0
      Totals:         4       4       0       0       0       0       0
Total ram usage:        8 bytes
 Hardware stack levels used:    1
 Hardware stack levels required when called:    2
 This function calls:
		Nothing
 This function is called by:
		_fround
		_scale
		_sprintf
 This function uses a non-reentrant model


 *************** function __tdiv_to_l_ *****************
 Defined at:
		line 60 in file "/opt/microchip/xc8/v1.45/sources/common/ftdivl.c"
 Parameters:    Size  Location     Type
  f1              4   45[COMRAM] float 
  f2              4   49[COMRAM] float 
 Auto vars:     Size  Location     Type
  quot            4    0[BANK0 ] unsigned long 
  exp1            1    5[BANK0 ] unsigned char 
  cntr            1    4[BANK0 ] unsigned char 
 Return value:  Size  Location     Type
                  4   45[COMRAM] unsigned long 
 Registers used:
		wreg, status,2, status,0
 Tracked objects:
		On entry : 
		On exit  : 
		Unchanged: 
 Data sizes:     COMRAM   BANK0   BANK1   BANK2   BANK3   BANK4   BANK5
      Params:         8       0       0       0       0       0       0
      Locals:         0       6       0       0       0       0       0
      Temps:          3       0       0       0       0       0       0
      Totals:        11       6       0       0       0       0       0
Total ram usage:       17 bytes
 Hardware stack levels used:    1
 Hardware stack levels required when called:    2
 This function calls:
		Nothing
 This function is called by:
		_sprintf
 This function uses a non-reentrant model


 *************** function __div_to_l_ *****************
 Defined at:
		line 60 in file "/opt/microchip/xc8/v1.45/sources/common/fldivl.c"
 Parameters:    Size  Location     Type
  f1              4   45[COMRAM] unsigned long 
  f2              4   49[COMRAM] unsigned long 
 Auto vars:     Size  Location     Type
  quot            4    0[BANK0 ] unsigned long 
  exp1            1    5[BANK0 ] unsigned char 
  cntr            1    4[BANK0 ] unsigned char 
 Return value:  Size  Location     Type
                  4   45[COMRAM] unsigned long 
 Registers used:
		wreg, status,2, status,0
 Tracked objects:
		On entry : 
		On exit  : 
		Unchanged: 
 Data sizes:     COMRAM   BANK0   BANK1   BANK2   BANK3   BANK4   BANK5
      Params:         8       0       0       0       0       0       0
      Locals:         0       6       0       0       0       0       0
      Temps:          0       0       0       0       0       0       0
      Totals:         8       6       0       0       0       0       0
Total ram usage:       14 bytes
 Hardware stack levels used:    1
 Hardware stack levels required when called:    2
 This function calls:
		Nothing
 This function is called by:
		_sprintf
 This function uses a non-reentrant model


 *************** function ___wmul *****************
 Defined at:
		line 15 in file "/opt/microchip/xc8/v1.45/sources/common/Umul16.c"
 Parameters:    Size  Location     Type
  multiplier      2   45[COMRAM] unsigned int 
  multiplicand    2   47[COMRAM] unsigned int 
 Auto vars:     Size  Location     Type
  product         2   49[COMRAM] unsigned int 
 Return value:  Size  Location     Type
                  2   45[COMRAM] unsigned int 
 Registers used:
		wreg, status,2, status,0, prodl, prodh
 Tracked objects:
		On entry : 
		On exit  : 
		Unchanged: 
 Data sizes:     COMRAM   BANK0   BANK1   BANK2   BANK3   BANK4   BANK5
      Params:         4       0       0       0       0       0       0
      Locals:         2       0       0       0       0       0       0
      Temps:          0       0       0       0       0       0       0
      Totals:         6       0       0       0       0       0       0
Total ram usage:        6 bytes
 Hardware stack levels used:    1
 Hardware stack levels required when called:    2
 This function calls:
		Nothing
 This function is called by:
		_sprintf
 This function uses a non-reentrant model


 *************** function ___llmod *****************
 Defined at:
		line 8 in file "/opt/microchip/xc8/v1.45/sources/common/llmod.c"
 Parameters:    Size  Location     Type
  dividend        4   45[COMRAM] unsigned long 
  divisor         4   49[COMRAM] unsigned long 
 Auto vars:     Size  Location     Type
  counter         1   53[COMRAM] unsigned char 
 Return value:  Size  Location     Type
                  4   45[COMRAM] unsigned long 
 Registers used:
		wreg, status,2, status,0
 Tracked objects:
		On entry : 
		On exit  : 
		Unchanged: 
 Data sizes:     COMRAM   BANK0   BANK1   BANK2   BANK3   BANK4   BANK5
      Params:         8       0       0       0       0       0       0
      Locals:         1       0       0       0       0       0       0
      Temps:          0       0       0       0       0       0       0
      Totals:         9       0       0       0       0       0       0
Total ram usage:        9 bytes
 Hardware stack levels used:    1
 Hardware stack levels required when called:    2
 This function calls:
		Nothing
 This function is called by:
		_sprintf
 This function uses a non-reentrant model


 *************** function ___lldiv *****************
 Defined at:
		line 8 in file "/opt/microchip/xc8/v1.45/sources/common/lldiv.c"
 Parameters:    Size  Location     Type
  dividend        4   45[COMRAM] unsigned long 
  divisor         4   49[COMRAM] unsigned long 
 Auto vars:     Size  Location     Type
  quotient        4   53[COMRAM] unsigned long 
  counter         1   57[COMRAM] unsigned char 
 Return value:  Size  Location     Type
                  4   45[COMRAM] unsigned long 
 Registers used:
		wreg, status,2, status,0
 Tracked objects:
		On entry : 
		On exit  : 
		Unchanged: 
 Data sizes:     COMRAM   BANK0   BANK1   BANK2   BANK3   BANK4   BANK5
      Params:         8       0       0       0       0       0       0
      Locals:         5       0       0       0       0       0       0
      Temps:          0       0       0       0       0       0       0
      Totals:        13       0       0       0       0       0       0
Total ram usage:       13 bytes
 Hardware stack levels used:    1
 Hardware stack levels required when called:    2
 This function calls:
		Nothing
 This function is called by:
		_sprintf
 This function uses a non-reentrant model


 *************** function ___fltol *****************
 Defined at:
		line 43 in file "/opt/microchip/xc8/v1.45/sources/common/fltol.c"
 Parameters:    Size  Location     Type
  f1              4   38[BANK0 ] unsigned long 
 Auto vars:     Size  Location     Type
  exp1            1   56[COMRAM] unsigned char 
  sign1           1   55[COMRAM] unsigned char 
 Return value:  Size  Location     Type
                  4   38[BANK0 ] long 
 Registers used:
		wreg, status,2, status,0
 Tracked objects:
		On entry : 
		On exit  : 
		Unchanged: 
 Data sizes:     COMRAM   BANK0   BANK1   BANK2   BANK3   BANK4   BANK5
      Params:         0       4       0       0       0       0       0
      Locals:         2       0       0       0       0       0       0
      Temps:          0       4       0       0       0       0       0
      Totals:         2       8       0       0       0       0       0
Total ram usage:       10 bytes
 Hardware stack levels used:    1
 Hardware stack levels required when called:    2
 This function calls:
		Nothing
 This function is called by:
		_sprintf
 This function uses a non-reentrant model


 *************** function ___flsub *****************
 Defined at:
		line 245 in file "/opt/microchip/xc8/v1.45/sources/common/sprcadd.c"
 Parameters:    Size  Location     Type
  b               4   69[BANK0 ] long 
  a               4   73[BANK0 ] long 
 Auto vars:     Size  Location     Type
		None
 Return value:  Size  Location     Type
                  4   69[BANK0 ] long 
 Registers used:
		wreg, status,2, status,0, cstack
 Tracked objects:
		On entry : 
		On exit  : 
		Unchanged: 
 Data sizes:     COMRAM   BANK0   BANK1   BANK2   BANK3   BANK4   BANK5
      Params:         0       8       0       0       0       0       0
      Locals:         0       0       0       0       0       0       0
      Temps:          0       0       0       0       0       0       0
      Totals:         0       8       0       0       0       0       0
Total ram usage:        8 bytes
 Hardware stack levels used:    1
 Hardware stack levels required when called:    3
 This function calls:
		___fladd
 This function is called by:
		_sprintf
 This function uses a non-reentrant model


 *************** function ___fladd *****************
 Defined at:
		line 10 in file "/opt/microchip/xc8/v1.45/sources/common/sprcadd.c"
 Parameters:    Size  Location     Type
  b               4   49[BANK0 ] long 
  a               4   53[BANK0 ] long 
 Auto vars:     Size  Location     Type
  grs             1   68[BANK0 ] unsigned char 
  bexp            1   67[BANK0 ] unsigned char 
  aexp            1   66[BANK0 ] unsigned char 
  signs           1   65[BANK0 ] unsigned char 
 Return value:  Size  Location     Type
                  4   49[BANK0 ] unsigned char 
 Registers used:
		wreg, status,2, status,0
 Tracked objects:
		On entry : 
		On exit  : 
		Unchanged: 
 Data sizes:     COMRAM   BANK0   BANK1   BANK2   BANK3   BANK4   BANK5
      Params:         0       8       0       0       0       0       0
      Locals:         0       4       0       0       0       0       0
      Temps:          0       8       0       0       0       0       0
      Totals:         0      20       0       0       0       0       0
Total ram usage:       20 bytes
 Hardware stack levels used:    1
 Hardware stack levels required when called:    2
 This function calls:
		Nothing
 This function is called by:
		_main
		_sprintf
		___flsub
 This function uses a non-reentrant model


 *************** function ___flneg *****************
 Defined at:
		line 15 in file "/opt/microchip/xc8/v1.45/sources/common/flneg.c"
 Parameters:    Size  Location     Type
  f1              4   45[COMRAM] unsigned char 
 Auto vars:     Size  Location     Type
		None
 Return value:  Size  Location     Type
                  4   45[COMRAM] unsigned char 
 Registers used:
		wreg, status,2, status,0
 Tracked objects:
		On entry : 
		On exit  : 
		Unchanged: 
 Data sizes:     COMRAM   BANK0   BANK1   BANK2   BANK3   BANK4   BANK5
      Params:         4       0       0       0       0       0       0
      Locals:         0       0       0       0       0       0       0
      Temps:          0       0       0       0       0       0       0
      Totals:         4       0       0       0       0       0       0
Total ram usage:        4 bytes
 Hardware stack levels used:    1
 Hardware stack levels required when called:    2
 This function calls:
		Nothing
 This function is called by:
		_sprintf
 This function uses a non-reentrant model


 *************** function ___flge *****************
 Defined at:
		line 4 in file "/opt/microchip/xc8/v1.45/sources/common/flge.c"
 Parameters:    Size  Location     Type
  ff1             4   45[COMRAM] unsigned char 
  ff2             4   49[COMRAM] unsigned char 
 Auto vars:     Size  Location     Type
		None
 Return value:  Size  Location     Type
		None               void
 Registers used:
		wreg, status,2, status,0
 Tracked objects:
		On entry : 
		On exit  : 
		Unchanged: 
 Data sizes:     COMRAM   BANK0   BANK1   BANK2   BANK3   BANK4   BANK5
      Params:         8       0       0       0       0       0       0
      Locals:         0       0       0       0       0       0       0
      Temps:          4       0       0       0       0       0       0
      Totals:        12       0       0       0       0       0       0
Total ram usage:       12 bytes
 Hardware stack levels used:    1
 Hardware stack levels required when called:    2
 This function calls:
		Nothing
 This function is called by:
		_main
		_sprintf
 This function uses a non-reentrant model


 *************** function _seleccionarEscala *****************
 Defined at:
		line 311 in file "color_2.c"
 Parameters:    Size  Location     Type
  a               1    wreg     enum E3216
 Auto vars:     Size  Location     Type
  a               1   45[COMRAM] enum E3216
 Return value:  Size  Location     Type
                  1    wreg      void 
 Registers used:
		wreg, status,2, status,0
 Tracked objects:
		On entry : 
		On exit  : 
		Unchanged: 
 Data sizes:     COMRAM   BANK0   BANK1   BANK2   BANK3   BANK4   BANK5
      Params:         0       0       0       0       0       0       0
      Locals:         1       0       0       0       0       0       0
      Temps:          0       0       0       0       0       0       0
      Totals:         1       0       0       0       0       0       0
Total ram usage:        1 bytes
 Hardware stack levels used:    1
 Hardware stack levels required when called:    2
 This function calls:
		Nothing
 This function is called by:
		_main
 This function uses a non-reentrant model


 *************** function _seleccionarColor *****************
 Defined at:
		line 346 in file "color_2.c"
 Parameters:    Size  Location     Type
  col             1    wreg     enum E3210
 Auto vars:     Size  Location     Type
  col             1   45[COMRAM] enum E3210
 Return value:  Size  Location     Type
                  1    wreg      void 
 Registers used:
		wreg, status,2, status,0
 Tracked objects:
		On entry : 
		On exit  : 
		Unchanged: 
 Data sizes:     COMRAM   BANK0   BANK1   BANK2   BANK3   BANK4   BANK5
      Params:         0       0       0       0       0       0       0
      Locals:         1       0       0       0       0       0       0
      Temps:          0       0       0       0       0       0       0
      Totals:         1       0       0       0       0       0       0
Total ram usage:        1 bytes
 Hardware stack levels used:    1
 Hardware stack levels required when called:    2
 This function calls:
		Nothing
 This function is called by:
		_main
 This function uses a non-reentrant model


 *************** function _lcd_msg *****************
 Defined at:
		line 101 in file "../MyLibs/lcd4a.c"
 Parameters:    Size  Location     Type
  c               2   49[COMRAM] PTR unsigned char 
		 -> STR_14(17), STR_13(5), STR_12(6), STR_11(5), 
		 -> STR_10(13), STR_9(4), STR_7(4), STR_5(4), 
		 -> STR_3(4), value(8), STR_1(18), 
 Auto vars:     Size  Location     Type
		None
 Return value:  Size  Location     Type
                  1    wreg      void 
 Registers used:
		wreg, fsr0l, fsr0h, status,2, status,0, tblptrl, tblptrh, tblptru, cstack
 Tracked objects:
		On entry : 
		On exit  : 
		Unchanged: 
 Data sizes:     COMRAM   BANK0   BANK1   BANK2   BANK3   BANK4   BANK5
      Params:         2       0       0       0       0       0       0
      Locals:         0       0       0       0       0       0       0
      Temps:          0       0       0       0       0       0       0
      Totals:         2       0       0       0       0       0       0
Total ram usage:        2 bytes
 Hardware stack levels used:    1
 Hardware stack levels required when called:    5
 This function calls:
		_lcd_putc
 This function is called by:
		_main
 This function uses a non-reentrant model


 *************** function _lcd_putc *****************
 Defined at:
		line 66 in file "../MyLibs/lcd4a.c"
 Parameters:    Size  Location     Type
  c               1    wreg     unsigned char 
 Auto vars:     Size  Location     Type
  c               1   48[COMRAM] unsigned char 
 Return value:  Size  Location     Type
                  1    wreg      void 
 Registers used:
		wreg, status,2, status,0, cstack
 Tracked objects:
		On entry : 
		On exit  : 
		Unchanged: 
 Data sizes:     COMRAM   BANK0   BANK1   BANK2   BANK3   BANK4   BANK5
      Params:         0       0       0       0       0       0       0
      Locals:         1       0       0       0       0       0       0
      Temps:          0       0       0       0       0       0       0
      Totals:         1       0       0       0       0       0       0
Total ram usage:        1 bytes
 Hardware stack levels used:    1
 Hardware stack levels required when called:    4
 This function calls:
		_lcd_cmd
		_lcd_dwr
 This function is called by:
		_lcd_msg
 This function uses a non-reentrant model


 *************** function _lcd_dwr *****************
 Defined at:
		line 86 in file "../MyLibs/lcd4a.c"
 Parameters:    Size  Location     Type
  x               1    wreg     unsigned char 
 Auto vars:     Size  Location     Type
  x               1   47[COMRAM] unsigned char 
 Return value:  Size  Location     Type
                  1    wreg      void 
 Registers used:
		wreg, status,2, status,0, cstack
 Tracked objects:
		On entry : 
		On exit  : 
		Unchanged: 
 Data sizes:     COMRAM   BANK0   BANK1   BANK2   BANK3   BANK4   BANK5
      Params:         0       0       0       0       0       0       0
      Locals:         1       0       0       0       0       0       0
      Temps:          1       0       0       0       0       0       0
      Totals:         2       0       0       0       0       0       0
Total ram usage:        2 bytes
 Hardware stack levels used:    1
 Hardware stack levels required when called:    3
 This function calls:
		_lcd_lat
		_manda
 This function is called by:
		_lcd_putc
 This function uses a non-reentrant model


 *************** function _lcd_init *****************
 Defined at:
		line 135 in file "../MyLibs/lcd4a.c"
 Parameters:    Size  Location     Type
		None
 Auto vars:     Size  Location     Type
		None
 Return value:  Size  Location     Type
                  1    wreg      void 
 Registers used:
		wreg, status,2, status,0, cstack
 Tracked objects:
		On entry : 
		On exit  : 
		Unchanged: 
 Data sizes:     COMRAM   BANK0   BANK1   BANK2   BANK3   BANK4   BANK5
      Params:         0       0       0       0       0       0       0
      Locals:         0       0       0       0       0       0       0
      Temps:          1       0       0       0       0       0       0
      Totals:         1       0       0       0       0       0       0
Total ram usage:        1 bytes
 Hardware stack levels used:    1
 Hardware stack levels required when called:    4
 This function calls:
		_lcd_cmd
		_lcd_cmd_hf
 This function is called by:
		_main
 This function uses a non-reentrant model


 *************** function _lcd_cmd_hf *****************
 Defined at:
		line 56 in file "../MyLibs/lcd4a.c"
 Parameters:    Size  Location     Type
  x               1    wreg     unsigned char 
 Auto vars:     Size  Location     Type
  x               1   46[COMRAM] unsigned char 
 Return value:  Size  Location     Type
                  1    wreg      void 
 Registers used:
		wreg, status,2, status,0, cstack
 Tracked objects:
		On entry : 
		On exit  : 
		Unchanged: 
 Data sizes:     COMRAM   BANK0   BANK1   BANK2   BANK3   BANK4   BANK5
      Params:         0       0       0       0       0       0       0
      Locals:         1       0       0       0       0       0       0
      Temps:          0       0       0       0       0       0       0
      Totals:         1       0       0       0       0       0       0
Total ram usage:        1 bytes
 Hardware stack levels used:    1
 Hardware stack levels required when called:    3
 This function calls:
		_lcd_lat
		_manda
 This function is called by:
		_lcd_init
 This function uses a non-reentrant model


 *************** function _lcd_gotoxy *****************
 Defined at:
		line 114 in file "../MyLibs/lcd4a.c"
 Parameters:    Size  Location     Type
  x               1    wreg     unsigned char 
  y               1   48[COMRAM] unsigned char 
 Auto vars:     Size  Location     Type
  x               1   50[COMRAM] unsigned char 
  ADDRESS         1   51[COMRAM] unsigned char 
 Return value:  Size  Location     Type
                  1    wreg      void 
 Registers used:
		wreg, status,2, status,0, cstack
 Tracked objects:
		On entry : 
		On exit  : 
		Unchanged: 
 Data sizes:     COMRAM   BANK0   BANK1   BANK2   BANK3   BANK4   BANK5
      Params:         1       0       0       0       0       0       0
      Locals:         2       0       0       0       0       0       0
      Temps:          1       0       0       0       0       0       0
      Totals:         4       0       0       0       0       0       0
Total ram usage:        4 bytes
 Hardware stack levels used:    1
 Hardware stack levels required when called:    4
 This function calls:
		_lcd_cmd
 This function is called by:
		_main
 This function uses a non-reentrant model


 *************** function _lcd_cmd *****************
 Defined at:
		line 40 in file "../MyLibs/lcd4a.c"
 Parameters:    Size  Location     Type
  x               1    wreg     unsigned char 
 Auto vars:     Size  Location     Type
  x               1   47[COMRAM] unsigned char 
 Return value:  Size  Location     Type
                  1    wreg      void 
 Registers used:
		wreg, status,2, status,0, cstack
 Tracked objects:
		On entry : 
		On exit  : 
		Unchanged: 
 Data sizes:     COMRAM   BANK0   BANK1   BANK2   BANK3   BANK4   BANK5
      Params:         0       0       0       0       0       0       0
      Locals:         1       0       0       0       0       0       0
      Temps:          1       0       0       0       0       0       0
      Totals:         2       0       0       0       0       0       0
Total ram usage:        2 bytes
 Hardware stack levels used:    1
 Hardware stack levels required when called:    3
 This function calls:
		_lcd_lat
		_manda
 This function is called by:
		_lcd_putc
		_lcd_gotoxy
		_lcd_init
		_lcd_setcursor_vb
 This function uses a non-reentrant model


 *************** function _manda *****************
 Defined at:
		line 178 in file "../MyLibs/lcd4a.c"
 Parameters:    Size  Location     Type
  dato            1    wreg     unsigned char 
 Auto vars:     Size  Location     Type
  dato            1   45[COMRAM] unsigned char 
 Return value:  Size  Location     Type
                  1    wreg      void 
 Registers used:
		wreg, status,2, status,0
 Tracked objects:
		On entry : 
		On exit  : 
		Unchanged: 
 Data sizes:     COMRAM   BANK0   BANK1   BANK2   BANK3   BANK4   BANK5
      Params:         0       0       0       0       0       0       0
      Locals:         1       0       0       0       0       0       0
      Temps:          0       0       0       0       0       0       0
      Totals:         1       0       0       0       0       0       0
Total ram usage:        1 bytes
 Hardware stack levels used:    1
 Hardware stack levels required when called:    2
 This function calls:
		Nothing
 This function is called by:
		_lcd_cmd
		_lcd_cmd_hf
		_lcd_dwr
 This function uses a non-reentrant model


 *************** function _lcd_lat *****************
 Defined at:
		line 29 in file "../MyLibs/lcd4a.c"
 Parameters:    Size  Location     Type
		None
 Auto vars:     Size  Location     Type
		None
 Return value:  Size  Location     Type
                  1    wreg      void 
 Registers used:
		wreg, status,2, status,0
 Tracked objects:
		On entry : 
		On exit  : 
		Unchanged: 
 Data sizes:     COMRAM   BANK0   BANK1   BANK2   BANK3   BANK4   BANK5
      Params:         0       0       0       0       0       0       0
      Locals:         0       0       0       0       0       0       0
      Temps:          1       0       0       0       0       0       0
      Totals:         1       0       0       0       0       0       0
Total ram usage:        1 bytes
 Hardware stack levels used:    1
 Hardware stack levels required when called:    2
 This function calls:
		Nothing
 This function is called by:
		_lcd_cmd
		_lcd_cmd_hf
		_lcd_dwr
 This function uses a non-reentrant model


 *************** function _calcula *****************
 Defined at:
		line 265 in file "color_2.c"
 Parameters:    Size  Location     Type
		None
 Auto vars:     Size  Location     Type
  temp            4   45[BANK0 ] float 
  freq            4   41[BANK0 ] float 
  elapsedTime     4   37[BANK0 ] unsigned long 
 Return value:  Size  Location     Type
                  4   29[BANK0 ] float 
 Registers used:
		wreg, status,2, status,0, prodl, prodh, cstack
 Tracked objects:
		On entry : 
		On exit  : 
		Unchanged: 
 Data sizes:     COMRAM   BANK0   BANK1   BANK2   BANK3   BANK4   BANK5
      Params:         0       4       0       0       0       0       0
      Locals:         0      12       0       0       0       0       0
      Temps:          0       4       0       0       0       0       0
      Totals:         0      20       0       0       0       0       0
Total ram usage:       20 bytes
 Hardware stack levels used:    1
 Hardware stack levels required when called:    3
 This function calls:
		___fldiv
		___flmul
		___xxtofl
		_prepareForInterrupts
 This function is called by:
		_main
 This function uses a non-reentrant model


 *************** function _prepareForInterrupts *****************
 Defined at:
		line 285 in file "color_2.c"
 Parameters:    Size  Location     Type
		None
 Auto vars:     Size  Location     Type
		None
 Return value:  Size  Location     Type
                  1    wreg      void 
 Registers used:
		wreg, status,2
 Tracked objects:
		On entry : 
		On exit  : 
		Unchanged: 
 Data sizes:     COMRAM   BANK0   BANK1   BANK2   BANK3   BANK4   BANK5
      Params:         0       0       0       0       0       0       0
      Locals:         0       0       0       0       0       0       0
      Temps:          0       0       0       0       0       0       0
      Totals:         0       0       0       0       0       0       0
Total ram usage:        0 bytes
 Hardware stack levels used:    1
 Hardware stack levels required when called:    2
 This function calls:
		Nothing
 This function is called by:
		_main
		_calcula
 This function uses a non-reentrant model


 *************** function ___xxtofl *****************
 Defined at:
		line 10 in file "/opt/microchip/xc8/v1.45/sources/common/xxtofl.c"
 Parameters:    Size  Location     Type
  sign            1    wreg     unsigned char 
  val             4    0[BANK0 ] long 
 Auto vars:     Size  Location     Type
  sign            1    8[BANK0 ] unsigned char 
  arg             4   10[BANK0 ] unsigned long 
  exp             1    9[BANK0 ] unsigned char 
 Return value:  Size  Location     Type
                  4    0[BANK0 ] unsigned char 
 Registers used:
		wreg, status,2, status,0
 Tracked objects:
		On entry : 
		On exit  : 
		Unchanged: 
 Data sizes:     COMRAM   BANK0   BANK1   BANK2   BANK3   BANK4   BANK5
      Params:         0       4       0       0       0       0       0
      Locals:         0       6       0       0       0       0       0
      Temps:          0       4       0       0       0       0       0
      Totals:         0      14       0       0       0       0       0
Total ram usage:       14 bytes
 Hardware stack levels used:    1
 Hardware stack levels required when called:    2
 This function calls:
		Nothing
 This function is called by:
		_main
		_calcula
		_sprintf
 This function uses a non-reentrant model


 *************** function ___flmul *****************
 Defined at:
		line 8 in file "/opt/microchip/xc8/v1.45/sources/common/sprcmul.c"
 Parameters:    Size  Location     Type
  b               4    4[BANK0 ] unsigned char 
  a               4    8[BANK0 ] unsigned char 
 Auto vars:     Size  Location     Type
  prod            4   23[BANK0 ] struct .
  grs             4   18[BANK0 ] unsigned long 
  temp            2   27[BANK0 ] struct .
  bexp            1   22[BANK0 ] unsigned char 
  aexp            1   17[BANK0 ] unsigned char 
  sign            1   16[BANK0 ] unsigned char 
 Return value:  Size  Location     Type
                  4    4[BANK0 ] unsigned char 
 Registers used:
		wreg, status,2, status,0, prodl, prodh
 Tracked objects:
		On entry : 
		On exit  : 
		Unchanged: 
 Data sizes:     COMRAM   BANK0   BANK1   BANK2   BANK3   BANK4   BANK5
      Params:         0       8       0       0       0       0       0
      Locals:         0      13       0       0       0       0       0
      Temps:          0       4       0       0       0       0       0
      Totals:         0      25       0       0       0       0       0
Total ram usage:       25 bytes
 Hardware stack levels used:    1
 Hardware stack levels required when called:    2
 This function calls:
		Nothing
 This function is called by:
		_calcula
		_fround
		_scale
		_sprintf
 This function uses a non-reentrant model


 *************** function ___fldiv *****************
 Defined at:
		line 11 in file "/opt/microchip/xc8/v1.45/sources/common/sprcdiv.c"
 Parameters:    Size  Location     Type
  b               4   45[COMRAM] unsigned char 
  a               4   49[COMRAM] unsigned char 
 Auto vars:     Size  Location     Type
  grs             4    7[BANK0 ] unsigned long 
  rem             4    1[BANK0 ] unsigned long 
  new_exp         2    5[BANK0 ] int 
  aexp            1   12[BANK0 ] unsigned char 
  bexp            1   11[BANK0 ] unsigned char 
  sign            1    0[BANK0 ] unsigned char 
 Return value:  Size  Location     Type
                  4   45[COMRAM] unsigned char 
 Registers used:
		wreg, status,2, status,0
 Tracked objects:
		On entry : 
		On exit  : 
		Unchanged: 
 Data sizes:     COMRAM   BANK0   BANK1   BANK2   BANK3   BANK4   BANK5
      Params:         8       0       0       0       0       0       0
      Locals:         0      13       0       0       0       0       0
      Temps:          4       0       0       0       0       0       0
      Totals:        12      13       0       0       0       0       0
Total ram usage:       25 bytes
 Hardware stack levels used:    1
 Hardware stack levels required when called:    2
 This function calls:
		Nothing
 This function is called by:
		_main
		_calcula
 This function uses a non-reentrant model


 *************** function _low_isr *****************
 Defined at:
		line 74 in file "color_2.c"
 Parameters:    Size  Location     Type
		None
 Auto vars:     Size  Location     Type
		None
 Return value:  Size  Location     Type
                  1    wreg      void 
 Registers used:
		wreg, status,2, status,0
 Tracked objects:
		On entry : 
		On exit  : 
		Unchanged: 
 Data sizes:     COMRAM   BANK0   BANK1   BANK2   BANK3   BANK4   BANK5
      Params:         0       0       0       0       0       0       0
      Locals:         0       0       0       0       0       0       0
      Temps:         21       0       0       0       0       0       0
      Totals:        21       0       0       0       0       0       0
Total ram usage:       21 bytes
 Hardware stack levels used:    1
 Hardware stack levels required when called:    1
 This function calls:
		Nothing
 This function is called by:
		Interrupt level 1
 This function uses a non-reentrant model


 *************** function _high_isr *****************
 Defined at:
		line 84 in file "color_2.c"
 Parameters:    Size  Location     Type
		None
 Auto vars:     Size  Location     Type
  counter         2   22[COMRAM] unsigned int 
 Return value:  Size  Location     Type
                  1    wreg      void 
 Registers used:
		wreg, status,2, status,0
 Tracked objects:
		On entry : 
		On exit  : 
		Unchanged: 
 Data sizes:     COMRAM   BANK0   BANK1   BANK2   BANK3   BANK4   BANK5
      Params:         0       0       0       0       0       0       0
      Locals:         2       0       0       0       0       0       0
      Temps:         22       0       0       0       0       0       0
      Totals:        24       0       0       0       0       0       0
Total ram usage:       24 bytes
 Hardware stack levels used:    1
 This function calls:
		Nothing
 This function is called by:
		Interrupt level 2
 This function uses a non-reentrant model



MODULE INFORMATION

Module		Function		Class		Link	Load	Size
/opt/microchip/xc8/v1.45/sources/common/flge.c
		___flge        		CODE           	2C28	0000	289

/opt/microchip/xc8/v1.45/sources/common/flge.c estimated size: 289

color_2.c
		_seleccionarEscala		CODE           	336C	0000	57
		_main          		CODE           	0FD4	0000	1877
		_seleccionarColor		CODE           	32F4	0000	63
		_calcula       		CODE           	2D48	0000	265
		_high_isr      		CODE           	0008	0000	297
		_prepareForInterrupts		CODE           	34C0	0000	15
		_low_isr       		CODE           	0018	0000	193

color_2.c estimated size: 2767

/opt/microchip/xc8/v1.45/sources/common/flneg.c
		___flneg       		CODE           	33D8	0000	47

/opt/microchip/xc8/v1.45/sources/common/flneg.c estimated size: 47

/opt/microchip/xc8/v1.45/sources/common/sprcmul.c
		___flmul       		CODE           	1B78	0000	851

/opt/microchip/xc8/v1.45/sources/common/sprcmul.c estimated size: 851

/opt/microchip/xc8/v1.45/sources/common/fldivl.c
		__div_to_l_    		CODE           	29DC	0000	299

/opt/microchip/xc8/v1.45/sources/common/fldivl.c estimated size: 299

/opt/microchip/xc8/v1.45/sources/common/sprcdiv.c
		___fldiv       		CODE           	2208	0000	695

/opt/microchip/xc8/v1.45/sources/common/sprcdiv.c estimated size: 695

/opt/microchip/xc8/v1.45/sources/common/xxtofl.c
		___xxtofl      		CODE           	2754	0000	341

/opt/microchip/xc8/v1.45/sources/common/xxtofl.c estimated size: 341

/opt/microchip/xc8/v1.45/sources/common/awmod.c
		___awmod       		CODE           	30F4	0000	113

/opt/microchip/xc8/v1.45/sources/common/awmod.c estimated size: 113

/opt/microchip/xc8/v1.45/sources/common/llmod.c
		___llmod       		CODE           	3164	0000	103

/opt/microchip/xc8/v1.45/sources/common/llmod.c estimated size: 103

/opt/microchip/xc8/v1.45/sources/common/isdigit.c
		_isdigit       		CODE           	3458	0000	31

/opt/microchip/xc8/v1.45/sources/common/isdigit.c estimated size: 31

/opt/microchip/xc8/v1.45/sources/common/sprcadd.c
		___flsub       		CODE           	3266	0000	73
		___fladd       		CODE           	1ECA	0000	831

/opt/microchip/xc8/v1.45/sources/common/sprcadd.c estimated size: 904

shared
		__powers_      		SMALLCONST     	0601	0000	53
		_dpowers       		SMALLCONST     	0669	0000	41
		__npowers_     		SMALLCONST     	0635	0000	53
		__initialization		CODE           	3476	0000	13

shared estimated size: 160

../MyLibs/lcd4a.c
		_lcd_putc      		CODE           	3332	0000	59
		_lcd_cmd       		CODE           	321C	0000	75
		_lcd_cmd_hf    		CODE           	3490	0000	27
		_manda         		CODE           	3406	0000	45
		_lcd_dwr       		CODE           	32AE	0000	71
		_lcd_gotoxy    		CODE           	33A4	0000	53
		_lcd_lat       		CODE           	34AA	0000	23
		_lcd_init      		CODE           	2F2E	0000	191
		_lcd_msg       		CODE           	31CA	0000	83

../MyLibs/lcd4a.c estimated size: 627

/opt/microchip/xc8/v1.45/sources/common/awdiv.c
		___awdiv       		CODE           	2FEC	0000	135

/opt/microchip/xc8/v1.45/sources/common/awdiv.c estimated size: 135

/opt/microchip/xc8/v1.45/sources/common/doprnt.c
		_scale         		CODE           	1728	0000	1105
		_sprintf       		CODE           	06E8	0000	2285
		_fround        		CODE           	24BE	0000	663

/opt/microchip/xc8/v1.45/sources/common/doprnt.c estimated size: 4053

/opt/microchip/xc8/v1.45/sources/common/fltol.c
		___fltol       		CODE           	2E50	0000	223

/opt/microchip/xc8/v1.45/sources/common/fltol.c estimated size: 223

/opt/microchip/xc8/v1.45/sources/common/ftdivl.c
		__tdiv_to_l_   		CODE           	28A8	0000	309

/opt/microchip/xc8/v1.45/sources/common/ftdivl.c estimated size: 309

/opt/microchip/xc8/v1.45/sources/common/lldiv.c
		___lldiv       		CODE           	3072	0000	131

/opt/microchip/xc8/v1.45/sources/common/lldiv.c estimated size: 131

/opt/microchip/xc8/v1.45/sources/common/Umul16.c
		___wmul        		CODE           	3432	0000	39

/opt/microchip/xc8/v1.45/sources/common/Umul16.c estimated size: 39

